Archive member included to satisfy reference by file (symbol)

/Applications/STM32CubeIDE.app/Contents/Eclipse/plugins/com.st.stm32cube.ide.mcu.externaltools.gnu-tools-for-stm32.12.3.rel1.macos64_1.0.200.202406191456/tools/bin/../lib/gcc/arm-none-eabi/12.3.1/../../../../arm-none-eabi/lib/thumb/v7e-m+fp/hard/libc_nano.a(libc_a-exit.o)
                              /Applications/STM32CubeIDE.app/Contents/Eclipse/plugins/com.st.stm32cube.ide.mcu.externaltools.gnu-tools-for-stm32.12.3.rel1.macos64_1.0.200.202406191456/tools/bin/../lib/gcc/arm-none-eabi/12.3.1/../../../../arm-none-eabi/lib/thumb/v7e-m+fp/hard/crt0.o (exit)
/Applications/STM32CubeIDE.app/Contents/Eclipse/plugins/com.st.stm32cube.ide.mcu.externaltools.gnu-tools-for-stm32.12.3.rel1.macos64_1.0.200.202406191456/tools/bin/../lib/gcc/arm-none-eabi/12.3.1/../../../../arm-none-eabi/lib/thumb/v7e-m+fp/hard/libc_nano.a(libc_a-snprintf.o)
                              ./Core/Src/main.o (snprintf)
/Applications/STM32CubeIDE.app/Contents/Eclipse/plugins/com.st.stm32cube.ide.mcu.externaltools.gnu-tools-for-stm32.12.3.rel1.macos64_1.0.200.202406191456/tools/bin/../lib/gcc/arm-none-eabi/12.3.1/../../../../arm-none-eabi/lib/thumb/v7e-m+fp/hard/libc_nano.a(libc_a-findfp.o)
                              /Applications/STM32CubeIDE.app/Contents/Eclipse/plugins/com.st.stm32cube.ide.mcu.externaltools.gnu-tools-for-stm32.12.3.rel1.macos64_1.0.200.202406191456/tools/bin/../lib/gcc/arm-none-eabi/12.3.1/../../../../arm-none-eabi/lib/thumb/v7e-m+fp/hard/libc_nano.a(libc_a-exit.o) (__stdio_exit_handler)
/Applications/STM32CubeIDE.app/Contents/Eclipse/plugins/com.st.stm32cube.ide.mcu.externaltools.gnu-tools-for-stm32.12.3.rel1.macos64_1.0.200.202406191456/tools/bin/../lib/gcc/arm-none-eabi/12.3.1/../../../../arm-none-eabi/lib/thumb/v7e-m+fp/hard/libc_nano.a(libc_a-fwalk.o)
                              /Applications/STM32CubeIDE.app/Contents/Eclipse/plugins/com.st.stm32cube.ide.mcu.externaltools.gnu-tools-for-stm32.12.3.rel1.macos64_1.0.200.202406191456/tools/bin/../lib/gcc/arm-none-eabi/12.3.1/../../../../arm-none-eabi/lib/thumb/v7e-m+fp/hard/libc_nano.a(libc_a-findfp.o) (_fwalk_sglue)
/Applications/STM32CubeIDE.app/Contents/Eclipse/plugins/com.st.stm32cube.ide.mcu.externaltools.gnu-tools-for-stm32.12.3.rel1.macos64_1.0.200.202406191456/tools/bin/../lib/gcc/arm-none-eabi/12.3.1/../../../../arm-none-eabi/lib/thumb/v7e-m+fp/hard/libc_nano.a(libc_a-memset.o)
                              /Applications/STM32CubeIDE.app/Contents/Eclipse/plugins/com.st.stm32cube.ide.mcu.externaltools.gnu-tools-for-stm32.12.3.rel1.macos64_1.0.200.202406191456/tools/bin/../lib/gcc/arm-none-eabi/12.3.1/../../../../arm-none-eabi/lib/thumb/v7e-m+fp/hard/crt0.o (memset)
/Applications/STM32CubeIDE.app/Contents/Eclipse/plugins/com.st.stm32cube.ide.mcu.externaltools.gnu-tools-for-stm32.12.3.rel1.macos64_1.0.200.202406191456/tools/bin/../lib/gcc/arm-none-eabi/12.3.1/../../../../arm-none-eabi/lib/thumb/v7e-m+fp/hard/libc_nano.a(libc_a-impure.o)
                              /Applications/STM32CubeIDE.app/Contents/Eclipse/plugins/com.st.stm32cube.ide.mcu.externaltools.gnu-tools-for-stm32.12.3.rel1.macos64_1.0.200.202406191456/tools/bin/../lib/gcc/arm-none-eabi/12.3.1/../../../../arm-none-eabi/lib/thumb/v7e-m+fp/hard/libc_nano.a(libc_a-snprintf.o) (_impure_ptr)
/Applications/STM32CubeIDE.app/Contents/Eclipse/plugins/com.st.stm32cube.ide.mcu.externaltools.gnu-tools-for-stm32.12.3.rel1.macos64_1.0.200.202406191456/tools/bin/../lib/gcc/arm-none-eabi/12.3.1/../../../../arm-none-eabi/lib/thumb/v7e-m+fp/hard/libc_nano.a(libc_a-errno.o)
                              ./Core/Src/syscalls.o (__errno)
/Applications/STM32CubeIDE.app/Contents/Eclipse/plugins/com.st.stm32cube.ide.mcu.externaltools.gnu-tools-for-stm32.12.3.rel1.macos64_1.0.200.202406191456/tools/bin/../lib/gcc/arm-none-eabi/12.3.1/../../../../arm-none-eabi/lib/thumb/v7e-m+fp/hard/libc_nano.a(libc_a-init.o)
                              /Applications/STM32CubeIDE.app/Contents/Eclipse/plugins/com.st.stm32cube.ide.mcu.externaltools.gnu-tools-for-stm32.12.3.rel1.macos64_1.0.200.202406191456/tools/bin/../lib/gcc/arm-none-eabi/12.3.1/../../../../arm-none-eabi/lib/thumb/v7e-m+fp/hard/crt0.o (__libc_init_array)
/Applications/STM32CubeIDE.app/Contents/Eclipse/plugins/com.st.stm32cube.ide.mcu.externaltools.gnu-tools-for-stm32.12.3.rel1.macos64_1.0.200.202406191456/tools/bin/../lib/gcc/arm-none-eabi/12.3.1/../../../../arm-none-eabi/lib/thumb/v7e-m+fp/hard/libc_nano.a(libc_a-lock.o)
                              /Applications/STM32CubeIDE.app/Contents/Eclipse/plugins/com.st.stm32cube.ide.mcu.externaltools.gnu-tools-for-stm32.12.3.rel1.macos64_1.0.200.202406191456/tools/bin/../lib/gcc/arm-none-eabi/12.3.1/../../../../arm-none-eabi/lib/thumb/v7e-m+fp/hard/libc_nano.a(libc_a-findfp.o) (__retarget_lock_init_recursive)
[...]
Memory Configuration

Name             Origin             Length             Attributes
RAM              0x20000000         0x00020000         xrw
FLASH            0x08000000         0x00080000         xr
*default*        0x00000000         0xffffffff

Linker script and memory map

LOAD /Applications/STM32CubeIDE.app/Contents/Eclipse/plugins/com.st.stm32cube.ide.mcu.externaltools.gnu-tools-for-stm32.12.3.rel1.macos64_1.0.200.202406191456/tools/bin/../lib/gcc/arm-none-eabi/12.3.1/thumb/v7e-m+fp/hard/crti.o
LOAD /Applications/STM32CubeIDE.app/Contents/Eclipse/plugins/com.st.stm32cube.ide.mcu.externaltools.gnu-tools-for-stm32.12.3.rel1.macos64_1.0.200.202406191456/tools/bin/../lib/gcc/arm-none-eabi/12.3.1/thumb/v7e-m+fp/hard/crtbegin.o
LOAD /Applications/STM32CubeIDE.app/Contents/Eclipse/plugins/com.st.stm32cube.ide.mcu.externaltools.gnu-tools-for-stm32.12.3.rel1.macos64_1.0.200.202406191456/tools/bin/../lib/gcc/arm-none-eabi/12.3.1/../../../../arm-none-eabi/lib/thumb/v7e-m+fp/hard/crt0.o
LOAD ./Core/Src/SEGGER_RTT.o
LOAD ./Core/Src/SEGGER_RTT_printf.o
LOAD ./Core/Src/accelerometer.o
LOAD ./Core/Src/lsm6dso.o
LOAD ./Core/Src/lsm6dso_reg.o
LOAD ./Core/Src/main.o
LOAD ./Core/Src/stm32f4xx_hal_msp.o
LOAD ./Core/Src/stm32f4xx_it.o
LOAD ./Core/Src/syscalls.o
LOAD ./Core/Src/sysmem.o
LOAD ./Core/Src/system_stm32f4xx.o
LOAD ./Core/Startup/startup_stm32f446retx.o
LOAD ./Drivers/STM32F4xx_HAL_Driver/Src/stm32f4xx_hal.o
LOAD ./Drivers/STM32F4xx_HAL_Driver/Src/stm32f4xx_hal_cortex.o
LOAD ./Drivers/STM32F4xx_HAL_Driver/Src/stm32f4xx_hal_dma.o
LOAD ./Drivers/STM32F4xx_HAL_Driver/Src/stm32f4xx_hal_dma_ex.o
LOAD ./Drivers/STM32F4xx_HAL_Driver/Src/stm32f4xx_hal_exti.o
LOAD ./Drivers/STM32F4xx_HAL_Driver/Src/stm32f4xx_hal_flash.o
LOAD ./Drivers/STM32F4xx_HAL_Driver/Src/stm32f4xx_hal_flash_ex.o
LOAD ./Drivers/STM32F4xx_HAL_Driver/Src/stm32f4xx_hal_flash_ramfunc.o
LOAD ./Drivers/STM32F4xx_HAL_Driver/Src/stm32f4xx_hal_gpio.o
LOAD ./Drivers/STM32F4xx_HAL_Driver/Src/stm32f4xx_hal_i2c.o
LOAD ./Drivers/STM32F4xx_HAL_Driver/Src/stm32f4xx_hal_i2c_ex.o
LOAD ./Drivers/STM32F4xx_HAL_Driver/Src/stm32f4xx_hal_pcd.o
LOAD ./Drivers/STM32F4xx_HAL_Driver/Src/stm32f4xx_hal_pcd_ex.o
LOAD ./Drivers/STM32F4xx_HAL_Driver/Src/stm32f4xx_hal_pwr.o
LOAD ./Drivers/STM32F4xx_HAL_Driver/Src/stm32f4xx_hal_pwr_ex.o
LOAD ./Drivers/STM32F4xx_HAL_Driver/Src/stm32f4xx_hal_rcc.o
LOAD ./Drivers/STM32F4xx_HAL_Driver/Src/stm32f4xx_hal_rcc_ex.o
LOAD ./Drivers/STM32F4xx_HAL_Driver/Src/stm32f4xx_hal_spi.o
LOAD ./Drivers/STM32F4xx_HAL_Driver/Src/stm32f4xx_hal_tim.o
LOAD ./Drivers/STM32F4xx_HAL_Driver/Src/stm32f4xx_hal_tim_ex.o
LOAD ./Drivers/STM32F4xx_HAL_Driver/Src/stm32f4xx_hal_uart.o
LOAD ./Drivers/STM32F4xx_HAL_Driver/Src/stm32f4xx_ll_usb.o
LOAD ./Middlewares/ST/STM32_USB_Device_Library/Class/CDC/Src/usbd_cdc.o
LOAD ./Middlewares/ST/STM32_USB_Device_Library/Core/Src/usbd_core.o
LOAD ./Middlewares/ST/STM32_USB_Device_Library/Core/Src/usbd_ctlreq.o
LOAD ./Middlewares/ST/STM32_USB_Device_Library/Core/Src/usbd_ioreq.o
LOAD ./USB_DEVICE/App/usb_device.o
LOAD ./USB_DEVICE/App/usbd_cdc_if.o
LOAD ./USB_DEVICE/App/usbd_desc.o
LOAD ./USB_DEVICE/Target/usbd_conf.o
START GROUP
LOAD /Applications/STM32CubeIDE.app/Contents/Eclipse/plugins/com.st.stm32cube.ide.mcu.externaltools.gnu-tools-for-stm32.12.3.rel1.macos64_1.0.200.202406191456/tools/bin/../lib/gcc/arm-none-eabi/12.3.1/../../../../arm-none-eabi/lib/thumb/v7e-m+fp/hard/libc_nano.a
LOAD /Applications/STM32CubeIDE.app/Contents/Eclipse/plugins/com.st.stm32cube.ide.mcu.externaltools.gnu-tools-for-stm32.12.3.rel1.macos64_1.0.200.202406191456/tools/bin/../lib/gcc/arm-none-eabi/12.3.1/../../../../arm-none-eabi/lib/thumb/v7e-m+fp/hard/libm.a
END GROUP
START GROUP
LOAD /Applications/STM32CubeIDE.app/Contents/Eclipse/plugins/com.st.stm32cube.ide.mcu.externaltools.gnu-tools-for-stm32.12.3.rel1.macos64_1.0.200.202406191456/tools/bin/../lib/gcc/arm-none-eabi/12.3.1/thumb/v7e-m+fp/hard/libgcc.a
LOAD /Applications/STM32CubeIDE.app/Contents/Eclipse/plugins/com.st.stm32cube.ide.mcu.externaltools.gnu-tools-for-stm32.12.3.rel1.macos64_1.0.200.202406191456/tools/bin/../lib/gcc/arm-none-eabi/12.3.1/../../../../arm-none-eabi/lib/thumb/v7e-m+fp/hard/libc_nano.a
END GROUP
START GROUP
LOAD /Applications/STM32CubeIDE.app/Contents/Eclipse/plugins/com.st.stm32cube.ide.mcu.externaltools.gnu-tools-for-stm32.12.3.rel1.macos64_1.0.200.202406191456/tools/bin/../lib/gcc/arm-none-eabi/12.3.1/thumb/v7e-m+fp/hard/libgcc.a
LOAD /Applications/STM32CubeIDE.app/Contents/Eclipse/plugins/com.st.stm32cube.ide.mcu.externaltools.gnu-tools-for-stm32.12.3.rel1.macos64_1.0.200.202406191456/tools/bin/../lib/gcc/arm-none-eabi/12.3.1/../../../../arm-none-eabi/lib/thumb/v7e-m+fp/hard/libc_nano.a
LOAD /Applications/STM32CubeIDE.app/Contents/Eclipse/plugins/com.st.stm32cube.ide.mcu.externaltools.gnu-tools-for-stm32.12.3.rel1.macos64_1.0.200.202406191456/tools/bin/../lib/gcc/arm-none-eabi/12.3.1/../../../../arm-none-eabi/lib/thumb/v7e-m+fp/hard/libnosys.a
END GROUP
START GROUP
LOAD /Applications/STM32CubeIDE.app/Contents/Eclipse/plugins/com.st.stm32cube.ide.mcu.externaltools.gnu-tools-for-stm32.12.3.rel1.macos64_1.0.200.202406191456/tools/bin/../lib/gcc/arm-none-eabi/12.3.1/thumb/v7e-m+fp/hard/libgcc.a
LOAD /Applications/STM32CubeIDE.app/Contents/Eclipse/plugins/com.st.stm32cube.ide.mcu.externaltools.gnu-tools-for-stm32.12.3.rel1.macos64_1.0.200.202406191456/tools/bin/../lib/gcc/arm-none-eabi/12.3.1/../../../../arm-none-eabi/lib/thumb/v7e-m+fp/hard/libc_nano.a
LOAD /Applications/STM32CubeIDE.app/Contents/Eclipse/plugins/com.st.stm32cube.ide.mcu.externaltools.gnu-tools-for-stm32.12.3.rel1.macos64_1.0.200.202406191456/tools/bin/../lib/gcc/arm-none-eabi/12.3.1/../../../../arm-none-eabi/lib/thumb/v7e-m+fp/hard/libnosys.a
END GROUP
LOAD /Applications/STM32CubeIDE.app/Contents/Eclipse/plugins/com.st.stm32cube.ide.mcu.externaltools.gnu-tools-for-stm32.12.3.rel1.macos64_1.0.200.202406191456/tools/bin/../lib/gcc/arm-none-eabi/12.3.1/thumb/v7e-m+fp/hard/crtend.o
LOAD /Applications/STM32CubeIDE.app/Contents/Eclipse/plugins/com.st.stm32cube.ide.mcu.externaltools.gnu-tools-for-stm32.12.3.rel1.macos64_1.0.200.202406191456/tools/bin/../lib/gcc/arm-none-eabi/12.3.1/thumb/v7e-m+fp/hard/crtn.o
                0x20020000                        _estack = (ORIGIN (RAM) + LENGTH (RAM))
                0x00000200                        _Min_Heap_Size = 0x200
                0x00000400                        _Min_Stack_Size = 0x400

.isr_vector     0x08000000      0x1c4
                0x08000000                        . = ALIGN (0x4)
 *(.isr_vector)
 .isr_vector    0x08000000      0x1c4 ./Core/Startup/startup_stm32f446retx.o
                0x08000000                g_pfnVectors
                0x080001c4                        . = ALIGN (0x4)

.text           0x080001d0     0xd998
                0x080001d0                        . = ALIGN (0x4)
 *(.text)
 .text          0x080001d0       0x40 /Applications/STM32CubeIDE.app/Contents/Eclipse/plugins/com.st.stm32cube.ide.mcu.externaltools.gnu-tools-for-stm32.12.3.rel1.macos64_1.0.200.202406191456/tools/bin/../lib/gcc/arm-none-eabi/12.3.1/thumb/v7e-m+fp/hard/crtbegin.o
 .text          0x08000210       0xa0 /Applications/STM32CubeIDE.app/Contents/Eclipse/plugins/com.st.stm32cube.ide.mcu.externaltools.gnu-tools-for-stm32.12.3.rel1.macos64_1.0.200.202406191456/tools/bin/../lib/gcc/arm-none-eabi/12.3.1/../../../../arm-none-eabi/lib/thumb/v7e-m+fp/hard/libc_nano.a(libc_a-memchr.o)
                0x08000210                memchr
 .text          0x080002b0      0x378 /Applications/STM32CubeIDE.app/Contents/Eclipse/plugins/com.st.stm32cube.ide.mcu.externaltools.gnu-tools-for-stm32.12.3.rel1.macos64_1.0.200.202406191456/tools/bin/../lib/gcc/arm-none-eabi/12.3.1/thumb/v7e-m+fp/hard/libgcc.a(_arm_addsubdf3.o)
                0x080002b0                __aeabi_drsub
                0x080002b8                __subdf3
                0x080002b8                __aeabi_dsub
                0x080002bc                __aeabi_dadd
                0x080002bc                __adddf3
                0x08000534                __aeabi_ui2d
                0x08000534                __floatunsidf
                0x08000554                __floatsidf
                0x08000554                __aeabi_i2d
                0x08000578                __extendsfdf2
                0x08000578                __aeabi_f2d
                0x080005bc                __aeabi_ul2d
                0x080005bc                __floatundidf
                0x080005cc                __aeabi_l2d
                0x080005cc                __floatdidf
 .text          0x08000628      0x424 /Applications/STM32CubeIDE.app/Contents/Eclipse/plugins/com.st.stm32cube.ide.mcu.externaltools.gnu-tools-for-stm32.12.3.rel1.macos64_1.0.200.202406191456/tools/bin/../lib/gcc/arm-none-eabi/12.3.1/thumb/v7e-m+fp/hard/libgcc.a(_arm_muldivdf3.o)
                0x08000628                __aeabi_dmul
                0x08000628                __muldf3
                0x0800087c                __aeabi_ddiv
                0x0800087c                __divdf3
 .text          0x08000a4c       0xa0 /Applications/STM32CubeIDE.app/Contents/Eclipse/plugins/com.st.stm32cube.ide.mcu.externaltools.gnu-tools-for-stm32.12.3.rel1.macos64_1.0.200.202406191456/tools/bin/../lib/gcc/arm-none-eabi/12.3.1/thumb/v7e-m+fp/hard/libgcc.a(_arm_truncdfsf2.o)
                0x08000a4c                __aeabi_d2f
                0x08000a4c                __truncdfsf2
 .text          0x08000aec       0x30 /Applications/STM32CubeIDE.app/Contents/Eclipse/plugins/com.st.stm32cube.ide.mcu.externaltools.gnu-tools-for-stm32.12.3.rel1.macos64_1.0.200.202406191456/tools/bin/../lib/gcc/arm-none-eabi/12.3.1/thumb/v7e-m+fp/hard/libgcc.a(_aeabi_uldivmod.o)
                0x08000aec                __aeabi_uldivmod
 .text          0x08000b1c      0x2bc /Applications/STM32CubeIDE.app/Contents/Eclipse/plugins/com.st.stm32cube.ide.mcu.externaltools.gnu-tools-for-stm32.12.3.rel1.macos64_1.0.200.202406191456/tools/bin/../lib/gcc/arm-none-eabi/12.3.1/thumb/v7e-m+fp/hard/libgcc.a(_udivmoddi4.o)
                0x08000b1c                __udivmoddi4
 .text          0x08000dd8        0x4 /Applications/STM32CubeIDE.app/Contents/Eclipse/plugins/com.st.stm32cube.ide.mcu.externaltools.gnu-tools-for-stm32.12.3.rel1.macos64_1.0.200.202406191456/tools/bin/../lib/gcc/arm-none-eabi/12.3.1/thumb/v7e-m+fp/hard/libgcc.a(_dvmd_tls.o)
                0x08000dd8                __aeabi_ldiv0
                0x08000dd8                __aeabi_idiv0
 *(.text*)
 .text._DoInit  0x08000ddc       0xb4 ./Core/Src/SEGGER_RTT.o
 .text._WriteBlocking
                0x08000e90       0xba ./Core/Src/SEGGER_RTT.o
 .text._WriteNoCheck
                0x08000f4a       0x90 ./Core/Src/SEGGER_RTT.o
 .text._GetAvailWriteSpace
                0x08000fda       0x46 ./Core/Src/SEGGER_RTT.o
 .text.SEGGER_RTT_WriteNoLock
                0x08001020       0xa0 ./Core/Src/SEGGER_RTT.o
                0x08001020                SEGGER_RTT_WriteNoLock
 .text.SEGGER_RTT_Write
                0x080010c0       0x4c ./Core/Src/SEGGER_RTT.o
                0x080010c0                SEGGER_RTT_Write
 .text._StoreChar
                0x0800110c       0x7c ./Core/Src/SEGGER_RTT_printf.o
 .text._PrintUnsigned
                0x08001188      0x158 ./Core/Src/SEGGER_RTT_printf.o
 .text._PrintInt
                0x080012e0      0x14e ./Core/Src/SEGGER_RTT_printf.o
 *fill*         0x0800142e        0x2 
 .text.SEGGER_RTT_vprintf
                0x08001430      0x3a8 ./Core/Src/SEGGER_RTT_printf.o
                0x08001430                SEGGER_RTT_vprintf
 .text.SEGGER_RTT_printf
                0x080017d8       0x30 ./Core/Src/SEGGER_RTT_printf.o
                0x080017d8                SEGGER_RTT_printf
 .text.accWrite
                0x08001808       0x54 ./Core/Src/accelerometer.o
                0x08001808                accWrite
 .text.accRead  0x0800185c       0x68 ./Core/Src/accelerometer.o
                0x0800185c                accRead
 .text.accInit  0x080018c4      0x158 ./Core/Src/accelerometer.o
                0x080018c4                accInit
 .text.accTask  0x08001a1c      0x178 ./Core/Src/accelerometer.o
                0x08001a1c                accTask
 .text.readTemp
                0x08001b94       0x68 ./Core/Src/accelerometer.o
                0x08001b94                readTemp
 .text.firFilterInit
                0x08001bfc       0x46 ./Core/Src/accelerometer.o
                0x08001bfc                firFilterInit
 *fill*         0x08001c42        0x2 
 .text.firFilterUpdate
                0x08001c44       0xfc ./Core/Src/accelerometer.o
                0x08001c44                firFilterUpdate
 .text.HAL_TIM_PeriodElapsedCallback
                0x08001d40       0x34 ./Core/Src/main.o
                0x08001d40                HAL_TIM_PeriodElapsedCallback
 .text.calculate_checksum
                0x08001d74       0x48 ./Core/Src/main.o
                0x08001d74                calculate_checksum
 .text.setServoPosition
                0x08001dbc       0x80 ./Core/Src/main.o
                0x08001dbc                setServoPosition
 .text.turnServoLed
                0x08001e3c       0x70 ./Core/Src/main.o
                0x08001e3c                turnServoLed
 .text.setCWAngleLimit
                0x08001eac       0x80 ./Core/Src/main.o
                0x08001eac                setCWAngleLimit
 .text.setCCWAngleLimit
                0x08001f2c       0x80 ./Core/Src/main.o
                0x08001f2c                setCCWAngleLimit
 .text.setMovingSpeed
                0x08001fac       0x80 ./Core/Src/main.o
                0x08001fac                setMovingSpeed
 .text.setTorqueLimit
                0x0800202c       0x80 ./Core/Src/main.o
                0x0800202c                setTorqueLimit
 .text.setMaxTorque
                0x080020ac       0x80 ./Core/Src/main.o
                0x080020ac                setMaxTorque
 .text.setTorqueEnable
                0x0800212c       0x74 ./Core/Src/main.o
                0x0800212c                setTorqueEnable
 .text.HAL_TIM_IC_CaptureCallback
                0x080021a0      0x4a0 ./Core/Src/main.o
                0x080021a0                HAL_TIM_IC_CaptureCallback
 .text.main     0x08002640      0x378 ./Core/Src/main.o
                0x08002640                main
 .text.SystemClock_Config
                0x080029b8       0xd8 ./Core/Src/main.o
                0x080029b8                SystemClock_Config
 .text.MX_I2C3_Init
                0x08002a90       0x5c ./Core/Src/main.o
 .text.MX_SPI1_Init
                0x08002aec       0x6c ./Core/Src/main.o
 .text.MX_TIM1_Init
                0x08002b58       0xa0 ./Core/Src/main.o
 .text.MX_TIM2_Init
                0x08002bf8      0x120 ./Core/Src/main.o
 .text.MX_TIM4_Init
                0x08002d18       0xf4 ./Core/Src/main.o
 .text.MX_TIM7_Init
                0x08002e0c       0x6c ./Core/Src/main.o
 .text.MX_TIM10_Init
                0x08002e78       0x48 ./Core/Src/main.o
 .text.MX_TIM13_Init
                0x08002ec0       0x48 ./Core/Src/main.o
 .text.MX_TIM14_Init
                0x08002f08       0x48 ./Core/Src/main.o
 .text.MX_USART1_UART_Init
                0x08002f50       0x54 ./Core/Src/main.o
 .text.MX_GPIO_Init
                0x08002fa4      0x134 ./Core/Src/main.o
 .text.Error_Handler
                0x080030d8        0xc ./Core/Src/main.o
                0x080030d8                Error_Handler
 .text.HAL_MspInit
                0x080030e4       0x50 ./Core/Src/stm32f4xx_hal_msp.o
                0x080030e4                HAL_MspInit
 .text.HAL_I2C_MspInit
                0x08003134       0xd4 ./Core/Src/stm32f4xx_hal_msp.o
                0x08003134                HAL_I2C_MspInit
 .text.HAL_SPI_MspInit
                0x08003208       0x90 ./Core/Src/stm32f4xx_hal_msp.o
                0x08003208                HAL_SPI_MspInit
 .text.HAL_TIM_Base_MspInit
                0x08003298      0x1fc ./Core/Src/stm32f4xx_hal_msp.o
                0x08003298                HAL_TIM_Base_MspInit
 .text.HAL_TIM_PWM_MspInit
                0x08003494       0x44 ./Core/Src/stm32f4xx_hal_msp.o
                0x08003494                HAL_TIM_PWM_MspInit
 .text.HAL_TIM_MspPostInit
                0x080034d8       0x74 ./Core/Src/stm32f4xx_hal_msp.o
                0x080034d8                HAL_TIM_MspPostInit
 .text.HAL_UART_MspInit
                0x0800354c       0x90 ./Core/Src/stm32f4xx_hal_msp.o
                0x0800354c                HAL_UART_MspInit
 .text.NMI_Handler
                0x080035dc        0x8 ./Core/Src/stm32f4xx_it.o
                0x080035dc                NMI_Handler
 .text.HardFault_Handler
                0x080035e4        0x8 ./Core/Src/stm32f4xx_it.o
                0x080035e4                HardFault_Handler
 .text.MemManage_Handler
                0x080035ec        0x8 ./Core/Src/stm32f4xx_it.o
                0x080035ec                MemManage_Handler
 .text.BusFault_Handler
                0x080035f4        0x8 ./Core/Src/stm32f4xx_it.o
                0x080035f4                BusFault_Handler
 .text.UsageFault_Handler
                0x080035fc        0x8 ./Core/Src/stm32f4xx_it.o
                0x080035fc                UsageFault_Handler
 .text.SVC_Handler
                0x08003604        0xe ./Core/Src/stm32f4xx_it.o
                0x08003604                SVC_Handler
 .text.DebugMon_Handler
                0x08003612        0xe ./Core/Src/stm32f4xx_it.o
                0x08003612                DebugMon_Handler
 .text.PendSV_Handler
                0x08003620        0xe ./Core/Src/stm32f4xx_it.o
                0x08003620                PendSV_Handler
 .text.SysTick_Handler
                0x0800362e        0xc ./Core/Src/stm32f4xx_it.o
                0x0800362e                SysTick_Handler
 *fill*         0x0800363a        0x2 
 .text.TIM1_UP_TIM10_IRQHandler
                0x0800363c       0x1c ./Core/Src/stm32f4xx_it.o
                0x0800363c                TIM1_UP_TIM10_IRQHandler
 .text.TIM2_IRQHandler
                0x08003658       0x14 ./Core/Src/stm32f4xx_it.o
                0x08003658                TIM2_IRQHandler
 .text.TIM8_UP_TIM13_IRQHandler
                0x0800366c       0x14 ./Core/Src/stm32f4xx_it.o
                0x0800366c                TIM8_UP_TIM13_IRQHandler
 .text.TIM7_IRQHandler
                0x08003680       0x14 ./Core/Src/stm32f4xx_it.o
                0x08003680                TIM7_IRQHandler
 .text.OTG_FS_IRQHandler
                0x08003694       0x14 ./Core/Src/stm32f4xx_it.o
                0x08003694                OTG_FS_IRQHandler
 .text._sbrk    0x080036a8       0x6c ./Core/Src/sysmem.o
                0x080036a8                _sbrk
 .text.SystemInit
                0x08003714       0x24 ./Core/Src/system_stm32f4xx.o
                0x08003714                SystemInit
 .text.Reset_Handler
                0x08003738       0x50 ./Core/Startup/startup_stm32f446retx.o
                0x08003738                Reset_Handler
 .text.Default_Handler
                0x08003788        0x2 ./Core/Startup/startup_stm32f446retx.o
                0x08003788                DMA1_Stream3_IRQHandler
                0x08003788                EXTI2_IRQHandler
                0x08003788                TIM8_CC_IRQHandler
                0x08003788                FMPI2C1_EV_IRQHandler
                0x08003788                SPI4_IRQHandler
                0x08003788                TIM1_CC_IRQHandler
                0x08003788                DMA2_Stream5_IRQHandler
                0x08003788                DMA1_Stream5_IRQHandler
                0x08003788                PVD_IRQHandler
                0x08003788                SDIO_IRQHandler
                0x08003788                TAMP_STAMP_IRQHandler
                0x08003788                CAN2_RX1_IRQHandler
                0x08003788                EXTI3_IRQHandler
                0x08003788                TIM8_TRG_COM_TIM14_IRQHandler
                0x08003788                I2C3_ER_IRQHandler
                0x08003788                EXTI0_IRQHandler
                0x08003788                I2C2_EV_IRQHandler
                0x08003788                DMA1_Stream2_IRQHandler
                0x08003788                CAN1_RX0_IRQHandler
                0x08003788                FPU_IRQHandler
                0x08003788                OTG_HS_WKUP_IRQHandler
                0x08003788                CAN2_SCE_IRQHandler
                0x08003788                DMA2_Stream2_IRQHandler
                0x08003788                SPI1_IRQHandler
                0x08003788                TIM6_DAC_IRQHandler
                0x08003788                TIM1_BRK_TIM9_IRQHandler
                0x08003788                DCMI_IRQHandler
                0x08003788                CAN2_RX0_IRQHandler
                0x08003788                DMA2_Stream3_IRQHandler
                0x08003788                SAI2_IRQHandler
                0x08003788                USART6_IRQHandler
                0x08003788                USART3_IRQHandler
                0x08003788                CAN1_RX1_IRQHandler
                0x08003788                UART5_IRQHandler
                0x08003788                DMA2_Stream0_IRQHandler
                0x08003788                TIM4_IRQHandler
                0x08003788                QUADSPI_IRQHandler
                0x08003788                I2C1_EV_IRQHandler
                0x08003788                DMA1_Stream6_IRQHandler
                0x08003788                DMA1_Stream1_IRQHandler
                0x08003788                UART4_IRQHandler
                0x08003788                TIM3_IRQHandler
                0x08003788                RCC_IRQHandler
                0x08003788                TIM8_BRK_TIM12_IRQHandler
                0x08003788                Default_Handler
                0x08003788                CEC_IRQHandler
                0x08003788                EXTI15_10_IRQHandler
                0x08003788                ADC_IRQHandler
                0x08003788                DMA1_Stream7_IRQHandler
                0x08003788                CAN2_TX_IRQHandler
                0x08003788                TIM5_IRQHandler
                0x08003788                DMA2_Stream7_IRQHandler
                0x08003788                I2C3_EV_IRQHandler
                0x08003788                EXTI9_5_IRQHandler
                0x08003788                RTC_WKUP_IRQHandler
                0x08003788                SPDIF_RX_IRQHandler
                0x08003788                SPI2_IRQHandler
                0x08003788                OTG_HS_EP1_IN_IRQHandler
                0x08003788                DMA1_Stream0_IRQHandler
                0x08003788                CAN1_TX_IRQHandler
                0x08003788                FMPI2C1_ER_IRQHandler
                0x08003788                EXTI4_IRQHandler
                0x08003788                OTG_HS_EP1_OUT_IRQHandler
                0x08003788                WWDG_IRQHandler
                0x08003788                OTG_FS_WKUP_IRQHandler
                0x08003788                TIM1_TRG_COM_TIM11_IRQHandler
                0x08003788                OTG_HS_IRQHandler
                0x08003788                EXTI1_IRQHandler
                0x08003788                USART2_IRQHandler
                0x08003788                I2C2_ER_IRQHandler
                0x08003788                DMA2_Stream1_IRQHandler
                0x08003788                CAN1_SCE_IRQHandler
                0x08003788                FLASH_IRQHandler
                0x08003788                DMA2_Stream4_IRQHandler
                0x08003788                USART1_IRQHandler
                0x08003788                SPI3_IRQHandler
                0x08003788                DMA1_Stream4_IRQHandler
                0x08003788                I2C1_ER_IRQHandler
                0x08003788                FMC_IRQHandler
                0x08003788                DMA2_Stream6_IRQHandler
                0x08003788                SAI1_IRQHandler
                0x08003788                RTC_Alarm_IRQHandler
 *fill*         0x0800378a        0x2 
 .text.HAL_Init
                0x0800378c       0x44 ./Drivers/STM32F4xx_HAL_Driver/Src/stm32f4xx_hal.o
                0x0800378c                HAL_Init
 .text.HAL_InitTick
                0x080037d0       0x60 ./Drivers/STM32F4xx_HAL_Driver/Src/stm32f4xx_hal.o
                0x080037d0                HAL_InitTick
 .text.HAL_IncTick
                0x08003830       0x28 ./Drivers/STM32F4xx_HAL_Driver/Src/stm32f4xx_hal.o
                0x08003830                HAL_IncTick
 .text.HAL_GetTick
                0x08003858       0x18 ./Drivers/STM32F4xx_HAL_Driver/Src/stm32f4xx_hal.o
                0x08003858                HAL_GetTick
 .text.HAL_Delay
                0x08003870       0x48 ./Drivers/STM32F4xx_HAL_Driver/Src/stm32f4xx_hal.o
                0x08003870                HAL_Delay
 .text.__NVIC_SetPriorityGrouping
                0x080038b8       0x48 ./Drivers/STM32F4xx_HAL_Driver/Src/stm32f4xx_hal_cortex.o
 .text.__NVIC_GetPriorityGrouping
                0x08003900       0x1c ./Drivers/STM32F4xx_HAL_Driver/Src/stm32f4xx_hal_cortex.o
 .text.__NVIC_EnableIRQ
                0x0800391c       0x3c ./Drivers/STM32F4xx_HAL_Driver/Src/stm32f4xx_hal_cortex.o
 .text.__NVIC_SetPriority
                0x08003958       0x54 ./Drivers/STM32F4xx_HAL_Driver/Src/stm32f4xx_hal_cortex.o
 .text.NVIC_EncodePriority
                0x080039ac       0x66 ./Drivers/STM32F4xx_HAL_Driver/Src/stm32f4xx_hal_cortex.o
 *fill*         0x08003a12        0x2 
 .text.SysTick_Config
                0x08003a14       0x44 ./Drivers/STM32F4xx_HAL_Driver/Src/stm32f4xx_hal_cortex.o
 .text.HAL_NVIC_SetPriorityGrouping
                0x08003a58       0x16 ./Drivers/STM32F4xx_HAL_Driver/Src/stm32f4xx_hal_cortex.o
                0x08003a58                HAL_NVIC_SetPriorityGrouping
 .text.HAL_NVIC_SetPriority
                0x08003a6e       0x38 ./Drivers/STM32F4xx_HAL_Driver/Src/stm32f4xx_hal_cortex.o
                0x08003a6e                HAL_NVIC_SetPriority
 .text.HAL_NVIC_EnableIRQ
                0x08003aa6       0x1c ./Drivers/STM32F4xx_HAL_Driver/Src/stm32f4xx_hal_cortex.o
                0x08003aa6                HAL_NVIC_EnableIRQ
 .text.HAL_SYSTICK_Config
                0x08003ac2       0x18 ./Drivers/STM32F4xx_HAL_Driver/Src/stm32f4xx_hal_cortex.o
                0x08003ac2                HAL_SYSTICK_Config
 *fill*         0x08003ada        0x2 
 .text.HAL_GPIO_Init
                0x08003adc      0x328 ./Drivers/STM32F4xx_HAL_Driver/Src/stm32f4xx_hal_gpio.o
                0x08003adc                HAL_GPIO_Init
 .text.HAL_GPIO_WritePin
                0x08003e04       0x32 ./Drivers/STM32F4xx_HAL_Driver/Src/stm32f4xx_hal_gpio.o
                0x08003e04                HAL_GPIO_WritePin
 *fill*         0x08003e36        0x2 
 .text.HAL_I2C_Init
                0x08003e38      0x288 ./Drivers/STM32F4xx_HAL_Driver/Src/stm32f4xx_hal_i2c.o
                0x08003e38                HAL_I2C_Init
 .text.HAL_PCD_Init
                0x080040c0      0x22c ./Drivers/STM32F4xx_HAL_Driver/Src/stm32f4xx_hal_pcd.o
                0x080040c0                HAL_PCD_Init
 .text.HAL_PCD_Start
                0x080042ec       0x6a ./Drivers/STM32F4xx_HAL_Driver/Src/stm32f4xx_hal_pcd.o
                0x080042ec                HAL_PCD_Start
 .text.HAL_PCD_IRQHandler
                0x08004356      0x99c ./Drivers/STM32F4xx_HAL_Driver/Src/stm32f4xx_hal_pcd.o
                0x08004356                HAL_PCD_IRQHandler
 .text.HAL_PCD_SetAddress
                0x08004cf2       0x48 ./Drivers/STM32F4xx_HAL_Driver/Src/stm32f4xx_hal_pcd.o
                0x08004cf2                HAL_PCD_SetAddress
 .text.HAL_PCD_EP_Open
                0x08004d3a       0xd4 ./Drivers/STM32F4xx_HAL_Driver/Src/stm32f4xx_hal_pcd.o
                0x08004d3a                HAL_PCD_EP_Open
 .text.HAL_PCD_EP_Close
                0x08004e0e       0x94 ./Drivers/STM32F4xx_HAL_Driver/Src/stm32f4xx_hal_pcd.o
                0x08004e0e                HAL_PCD_EP_Close
 .text.HAL_PCD_EP_Receive
                0x08004ea2       0x76 ./Drivers/STM32F4xx_HAL_Driver/Src/stm32f4xx_hal_pcd.o
                0x08004ea2                HAL_PCD_EP_Receive
 .text.HAL_PCD_EP_GetRxCount
                0x08004f18       0x30 ./Drivers/STM32F4xx_HAL_Driver/Src/stm32f4xx_hal_pcd.o
                0x08004f18                HAL_PCD_EP_GetRxCount
 .text.HAL_PCD_EP_Transmit
                0x08004f48       0x74 ./Drivers/STM32F4xx_HAL_Driver/Src/stm32f4xx_hal_pcd.o
                0x08004f48                HAL_PCD_EP_Transmit
 .text.HAL_PCD_EP_SetStall
                0x08004fbc       0xc6 ./Drivers/STM32F4xx_HAL_Driver/Src/stm32f4xx_hal_pcd.o
                0x08004fbc                HAL_PCD_EP_SetStall
 .text.HAL_PCD_EP_ClrStall
                0x08005082       0xac ./Drivers/STM32F4xx_HAL_Driver/Src/stm32f4xx_hal_pcd.o
                0x08005082                HAL_PCD_EP_ClrStall
 .text.HAL_PCD_EP_Abort
                0x0800512e       0x62 ./Drivers/STM32F4xx_HAL_Driver/Src/stm32f4xx_hal_pcd.o
                0x0800512e                HAL_PCD_EP_Abort
 .text.PCD_WriteEmptyTxFifo
                0x08005190      0x118 ./Drivers/STM32F4xx_HAL_Driver/Src/stm32f4xx_hal_pcd.o
 .text.PCD_EP_OutXfrComplete_int
                0x080052a8      0x1d0 ./Drivers/STM32F4xx_HAL_Driver/Src/stm32f4xx_hal_pcd.o
 .text.PCD_EP_OutSetupPacket_int
                0x08005478       0x8c ./Drivers/STM32F4xx_HAL_Driver/Src/stm32f4xx_hal_pcd.o
 .text.HAL_PCDEx_SetTxFiFo
                0x08005504       0x8e ./Drivers/STM32F4xx_HAL_Driver/Src/stm32f4xx_hal_pcd_ex.o
                0x08005504                HAL_PCDEx_SetTxFiFo
 .text.HAL_PCDEx_SetRxFiFo
                0x08005592       0x22 ./Drivers/STM32F4xx_HAL_Driver/Src/stm32f4xx_hal_pcd_ex.o
                0x08005592                HAL_PCDEx_SetRxFiFo
 .text.HAL_PCDEx_ActivateLPM
                0x080055b4       0x48 ./Drivers/STM32F4xx_HAL_Driver/Src/stm32f4xx_hal_pcd_ex.o
                0x080055b4                HAL_PCDEx_ActivateLPM
 .text.HAL_RCC_ClockConfig
                0x080055fc      0x1cc ./Drivers/STM32F4xx_HAL_Driver/Src/stm32f4xx_hal_rcc.o
                0x080055fc                HAL_RCC_ClockConfig
 .text.HAL_RCC_GetHCLKFreq
                0x080057c8       0x18 ./Drivers/STM32F4xx_HAL_Driver/Src/stm32f4xx_hal_rcc.o
                0x080057c8                HAL_RCC_GetHCLKFreq
 .text.HAL_RCC_GetPCLK1Freq
                0x080057e0       0x28 ./Drivers/STM32F4xx_HAL_Driver/Src/stm32f4xx_hal_rcc.o
                0x080057e0                HAL_RCC_GetPCLK1Freq
 .text.HAL_RCC_GetPCLK2Freq
                0x08005808       0x28 ./Drivers/STM32F4xx_HAL_Driver/Src/stm32f4xx_hal_rcc.o
                0x08005808                HAL_RCC_GetPCLK2Freq
 .text.HAL_RCCEx_PeriphCLKConfig
                0x08005830      0x654 ./Drivers/STM32F4xx_HAL_Driver/Src/stm32f4xx_hal_rcc_ex.o
                0x08005830                HAL_RCCEx_PeriphCLKConfig
 .text.HAL_RCC_GetSysClockFreq
                0x08005e84      0x354 ./Drivers/STM32F4xx_HAL_Driver/Src/stm32f4xx_hal_rcc_ex.o
                0x08005e84                HAL_RCC_GetSysClockFreq
 .text.HAL_RCC_OscConfig
                0x080061d8      0x53c ./Drivers/STM32F4xx_HAL_Driver/Src/stm32f4xx_hal_rcc_ex.o
                0x080061d8                HAL_RCC_OscConfig
 .text.HAL_SPI_Init
                0x08006714      0x112 ./Drivers/STM32F4xx_HAL_Driver/Src/stm32f4xx_hal_spi.o
                0x08006714                HAL_SPI_Init
 .text.HAL_SPI_Transmit
                0x08006826      0x288 ./Drivers/STM32F4xx_HAL_Driver/Src/stm32f4xx_hal_spi.o
                0x08006826                HAL_SPI_Transmit
 .text.HAL_SPI_Receive
                0x08006aae      0x232 ./Drivers/STM32F4xx_HAL_Driver/Src/stm32f4xx_hal_spi.o
                0x08006aae                HAL_SPI_Receive
 .text.HAL_SPI_TransmitReceive
                0x08006ce0      0x352 ./Drivers/STM32F4xx_HAL_Driver/Src/stm32f4xx_hal_spi.o
                0x08006ce0                HAL_SPI_TransmitReceive
 *fill*         0x08007032        0x2 
 .text.SPI_WaitFlagStateUntilTimeout
                0x08007034      0x110 ./Drivers/STM32F4xx_HAL_Driver/Src/stm32f4xx_hal_spi.o
 .text.SPI_EndRxTransaction
                0x08007144       0xca ./Drivers/STM32F4xx_HAL_Driver/Src/stm32f4xx_hal_spi.o
 *fill*         0x0800720e        0x2 
 .text.SPI_EndRxTxTransaction
                0x08007210       0xa8 ./Drivers/STM32F4xx_HAL_Driver/Src/stm32f4xx_hal_spi.o
 .text.HAL_TIM_Base_Init
                0x080072b8       0x9e ./Drivers/STM32F4xx_HAL_Driver/Src/stm32f4xx_hal_tim.o
                0x080072b8                HAL_TIM_Base_Init
 *fill*         0x08007356        0x2 
 .text.HAL_TIM_Base_Start_IT
                0x08007358       0xe0 ./Drivers/STM32F4xx_HAL_Driver/Src/stm32f4xx_hal_tim.o
                0x08007358                HAL_TIM_Base_Start_IT
 .text.HAL_TIM_PWM_Init
                0x08007438       0x9e ./Drivers/STM32F4xx_HAL_Driver/Src/stm32f4xx_hal_tim.o
                0x08007438                HAL_TIM_PWM_Init
 .text.HAL_TIM_IC_Init
                0x080074d6       0x9e ./Drivers/STM32F4xx_HAL_Driver/Src/stm32f4xx_hal_tim.o
                0x080074d6                HAL_TIM_IC_Init
 .text.HAL_TIM_IC_MspInit
                0x08007574       0x14 ./Drivers/STM32F4xx_HAL_Driver/Src/stm32f4xx_hal_tim.o
                0x08007574                HAL_TIM_IC_MspInit
 .text.HAL_TIM_IC_Stop_IT
                0x08007588      0x15c ./Drivers/STM32F4xx_HAL_Driver/Src/stm32f4xx_hal_tim.o
                0x08007588                HAL_TIM_IC_Stop_IT
 .text.HAL_TIM_IRQHandler
                0x080076e4      0x1e0 ./Drivers/STM32F4xx_HAL_Driver/Src/stm32f4xx_hal_tim.o
                0x080076e4                HAL_TIM_IRQHandler
 .text.HAL_TIM_IC_ConfigChannel
                0x080078c4      0x138 ./Drivers/STM32F4xx_HAL_Driver/Src/stm32f4xx_hal_tim.o
                0x080078c4                HAL_TIM_IC_ConfigChannel
 .text.HAL_TIM_PWM_ConfigChannel
                0x080079fc      0x184 ./Drivers/STM32F4xx_HAL_Driver/Src/stm32f4xx_hal_tim.o
                0x080079fc                HAL_TIM_PWM_ConfigChannel
 .text.HAL_TIM_ConfigClockSource
                0x08007b80      0x18e ./Drivers/STM32F4xx_HAL_Driver/Src/stm32f4xx_hal_tim.o
                0x08007b80                HAL_TIM_ConfigClockSource
 *fill*         0x08007d0e        0x2 
 .text.HAL_TIM_ReadCapturedValue
                0x08007d10       0x88 ./Drivers/STM32F4xx_HAL_Driver/Src/stm32f4xx_hal_tim.o
                0x08007d10                HAL_TIM_ReadCapturedValue
 .text.HAL_TIM_OC_DelayElapsedCallback
                0x08007d98       0x14 ./Drivers/STM32F4xx_HAL_Driver/Src/stm32f4xx_hal_tim.o
                0x08007d98                HAL_TIM_OC_DelayElapsedCallback
 .text.HAL_TIM_PWM_PulseFinishedCallback
                0x08007dac       0x14 ./Drivers/STM32F4xx_HAL_Driver/Src/stm32f4xx_hal_tim.o
                0x08007dac                HAL_TIM_PWM_PulseFinishedCallback
 .text.HAL_TIM_TriggerCallback
                0x08007dc0       0x14 ./Drivers/STM32F4xx_HAL_Driver/Src/stm32f4xx_hal_tim.o
                0x08007dc0                HAL_TIM_TriggerCallback
 .text.TIM_Base_SetConfig
                0x08007dd4      0x158 ./Drivers/STM32F4xx_HAL_Driver/Src/stm32f4xx_hal_tim.o
                0x08007dd4                TIM_Base_SetConfig
 .text.TIM_OC1_SetConfig
                0x08007f2c       0xe0 ./Drivers/STM32F4xx_HAL_Driver/Src/stm32f4xx_hal_tim.o
 .text.TIM_OC2_SetConfig
                0x0800800c       0xec ./Drivers/STM32F4xx_HAL_Driver/Src/stm32f4xx_hal_tim.o
                0x0800800c                TIM_OC2_SetConfig
 .text.TIM_OC3_SetConfig
                0x080080f8       0xe8 ./Drivers/STM32F4xx_HAL_Driver/Src/stm32f4xx_hal_tim.o
 .text.TIM_OC4_SetConfig
                0x080081e0       0xac ./Drivers/STM32F4xx_HAL_Driver/Src/stm32f4xx_hal_tim.o
 .text.TIM_TI1_SetConfig
                0x0800828c       0xe8 ./Drivers/STM32F4xx_HAL_Driver/Src/stm32f4xx_hal_tim.o
                0x0800828c                TIM_TI1_SetConfig
 .text.TIM_TI1_ConfigInputStage
                0x08008374       0x5e ./Drivers/STM32F4xx_HAL_Driver/Src/stm32f4xx_hal_tim.o
 .text.TIM_TI2_SetConfig
                0x080083d2       0x7a ./Drivers/STM32F4xx_HAL_Driver/Src/stm32f4xx_hal_tim.o
 .text.TIM_TI2_ConfigInputStage
                0x0800844c       0x60 ./Drivers/STM32F4xx_HAL_Driver/Src/stm32f4xx_hal_tim.o
 .text.TIM_TI3_SetConfig
                0x080084ac       0x78 ./Drivers/STM32F4xx_HAL_Driver/Src/stm32f4xx_hal_tim.o
 .text.TIM_TI4_SetConfig
                0x08008524       0x7a ./Drivers/STM32F4xx_HAL_Driver/Src/stm32f4xx_hal_tim.o
 .text.TIM_ITRx_SetConfig
                0x0800859e       0x36 ./Drivers/STM32F4xx_HAL_Driver/Src/stm32f4xx_hal_tim.o
 .text.TIM_ETR_SetConfig
                0x080085d4       0x40 ./Drivers/STM32F4xx_HAL_Driver/Src/stm32f4xx_hal_tim.o
                0x080085d4                TIM_ETR_SetConfig
 .text.TIM_CCxChannelCmd
                0x08008614       0x4a ./Drivers/STM32F4xx_HAL_Driver/Src/stm32f4xx_hal_tim.o
                0x08008614                TIM_CCxChannelCmd
 *fill*         0x0800865e        0x2 
 .text.HAL_TIMEx_MasterConfigSynchronization
                0x08008660       0xf8 ./Drivers/STM32F4xx_HAL_Driver/Src/stm32f4xx_hal_tim_ex.o
                0x08008660                HAL_TIMEx_MasterConfigSynchronization
 .text.HAL_TIMEx_CommutCallback
                0x08008758       0x14 ./Drivers/STM32F4xx_HAL_Driver/Src/stm32f4xx_hal_tim_ex.o
                0x08008758                HAL_TIMEx_CommutCallback
 .text.HAL_TIMEx_BreakCallback
                0x0800876c       0x14 ./Drivers/STM32F4xx_HAL_Driver/Src/stm32f4xx_hal_tim_ex.o
                0x0800876c                HAL_TIMEx_BreakCallback
 .text.HAL_UART_Init
                0x08008780       0xa0 ./Drivers/STM32F4xx_HAL_Driver/Src/stm32f4xx_hal_uart.o
                0x08008780                HAL_UART_Init
 .text.HAL_UART_Transmit
                0x08008820      0x116 ./Drivers/STM32F4xx_HAL_Driver/Src/stm32f4xx_hal_uart.o
                0x08008820                HAL_UART_Transmit
 .text.UART_WaitOnFlagUntilTimeout
                0x08008936       0xb2 ./Drivers/STM32F4xx_HAL_Driver/Src/stm32f4xx_hal_uart.o
 .text.UART_EndRxTransfer
                0x080089e8       0xc6 ./Drivers/STM32F4xx_HAL_Driver/Src/stm32f4xx_hal_uart.o
 *fill*         0x08008aae        0x2 
 .text.UART_SetConfig
                0x08008ab0      0x4e8 ./Drivers/STM32F4xx_HAL_Driver/Src/stm32f4xx_hal_uart.o
 .text.USB_CoreInit
                0x08008f98       0xc8 ./Drivers/STM32F4xx_HAL_Driver/Src/stm32f4xx_ll_usb.o
                0x08008f98                USB_CoreInit
 .text.USB_SetTurnaroundTime
                0x08009060      0x144 ./Drivers/STM32F4xx_HAL_Driver/Src/stm32f4xx_ll_usb.o
                0x08009060                USB_SetTurnaroundTime
 .text.USB_EnableGlobalInt
                0x080091a4       0x22 ./Drivers/STM32F4xx_HAL_Driver/Src/stm32f4xx_ll_usb.o
                0x080091a4                USB_EnableGlobalInt
 .text.USB_DisableGlobalInt
                0x080091c6       0x22 ./Drivers/STM32F4xx_HAL_Driver/Src/stm32f4xx_ll_usb.o
                0x080091c6                USB_DisableGlobalInt
 .text.USB_SetCurrentMode
                0x080091e8       0x98 ./Drivers/STM32F4xx_HAL_Driver/Src/stm32f4xx_ll_usb.o
                0x080091e8                USB_SetCurrentMode
 .text.USB_DevInit
                0x08009280      0x2bc ./Drivers/STM32F4xx_HAL_Driver/Src/stm32f4xx_ll_usb.o
                0x08009280                USB_DevInit
 .text.USB_FlushTxFifo
                0x0800953c       0x64 ./Drivers/STM32F4xx_HAL_Driver/Src/stm32f4xx_ll_usb.o
                0x0800953c                USB_FlushTxFifo
 .text.USB_FlushRxFifo
                0x080095a0       0x5c ./Drivers/STM32F4xx_HAL_Driver/Src/stm32f4xx_ll_usb.o
                0x080095a0                USB_FlushRxFifo
 .text.USB_SetDevSpeed
                0x080095fc       0x32 ./Drivers/STM32F4xx_HAL_Driver/Src/stm32f4xx_ll_usb.o
                0x080095fc                USB_SetDevSpeed
 .text.USB_GetDevSpeed
                0x0800962e       0x4a ./Drivers/STM32F4xx_HAL_Driver/Src/stm32f4xx_ll_usb.o
                0x0800962e                USB_GetDevSpeed
 .text.USB_ActivateEndpoint
                0x08009678      0x10e ./Drivers/STM32F4xx_HAL_Driver/Src/stm32f4xx_ll_usb.o
                0x08009678                USB_ActivateEndpoint
 *fill*         0x08009786        0x2 
 .text.USB_DeactivateEndpoint
                0x08009788      0x1b8 ./Drivers/STM32F4xx_HAL_Driver/Src/stm32f4xx_ll_usb.o
                0x08009788                USB_DeactivateEndpoint
 .text.USB_EPStartXfer
                0x08009940      0x53c ./Drivers/STM32F4xx_HAL_Driver/Src/stm32f4xx_ll_usb.o
                0x08009940                USB_EPStartXfer
 .text.USB_EPStopXfer
                0x08009e7c      0x154 ./Drivers/STM32F4xx_HAL_Driver/Src/stm32f4xx_ll_usb.o
                0x08009e7c                USB_EPStopXfer
 .text.USB_WritePacket
                0x08009fd0       0x7c ./Drivers/STM32F4xx_HAL_Driver/Src/stm32f4xx_ll_usb.o
                0x08009fd0                USB_WritePacket
 .text.USB_ReadPacket
                0x0800a04c       0xb0 ./Drivers/STM32F4xx_HAL_Driver/Src/stm32f4xx_ll_usb.o
                0x0800a04c                USB_ReadPacket
 .text.USB_EPSetStall
                0x0800a0fc       0xdc ./Drivers/STM32F4xx_HAL_Driver/Src/stm32f4xx_ll_usb.o
                0x0800a0fc                USB_EPSetStall
 .text.USB_EPClearStall
                0x0800a1d8       0xcc ./Drivers/STM32F4xx_HAL_Driver/Src/stm32f4xx_ll_usb.o
                0x0800a1d8                USB_EPClearStall
 .text.USB_SetDevAddress
                0x0800a2a4       0x4c ./Drivers/STM32F4xx_HAL_Driver/Src/stm32f4xx_ll_usb.o
                0x0800a2a4                USB_SetDevAddress
 .text.USB_DevConnect
                0x0800a2f0       0x42 ./Drivers/STM32F4xx_HAL_Driver/Src/stm32f4xx_ll_usb.o
                0x0800a2f0                USB_DevConnect
 .text.USB_DevDisconnect
                0x0800a332       0x42 ./Drivers/STM32F4xx_HAL_Driver/Src/stm32f4xx_ll_usb.o
                0x0800a332                USB_DevDisconnect
 .text.USB_ReadInterrupts
                0x0800a374       0x26 ./Drivers/STM32F4xx_HAL_Driver/Src/stm32f4xx_ll_usb.o
                0x0800a374                USB_ReadInterrupts
 .text.USB_ReadDevAllOutEpInterrupt
                0x0800a39a       0x34 ./Drivers/STM32F4xx_HAL_Driver/Src/stm32f4xx_ll_usb.o
                0x0800a39a                USB_ReadDevAllOutEpInterrupt
 .text.USB_ReadDevAllInEpInterrupt
                0x0800a3ce       0x34 ./Drivers/STM32F4xx_HAL_Driver/Src/stm32f4xx_ll_usb.o
                0x0800a3ce                USB_ReadDevAllInEpInterrupt
 .text.USB_ReadDevOutEPInterrupt
                0x0800a402       0x3c ./Drivers/STM32F4xx_HAL_Driver/Src/stm32f4xx_ll_usb.o
                0x0800a402                USB_ReadDevOutEPInterrupt
 .text.USB_ReadDevInEPInterrupt
                0x0800a43e       0x5c ./Drivers/STM32F4xx_HAL_Driver/Src/stm32f4xx_ll_usb.o
                0x0800a43e                USB_ReadDevInEPInterrupt
 .text.USB_GetMode
                0x0800a49a       0x1c ./Drivers/STM32F4xx_HAL_Driver/Src/stm32f4xx_ll_usb.o
                0x0800a49a                USB_GetMode
 .text.USB_ActivateSetup
                0x0800a4b6       0x46 ./Drivers/STM32F4xx_HAL_Driver/Src/stm32f4xx_ll_usb.o
                0x0800a4b6                USB_ActivateSetup
 .text.USB_EP0_OutStart
                0x0800a4fc       0xbc ./Drivers/STM32F4xx_HAL_Driver/Src/stm32f4xx_ll_usb.o
                0x0800a4fc                USB_EP0_OutStart
 .text.USB_CoreReset
                0x0800a5b8       0x62 ./Drivers/STM32F4xx_HAL_Driver/Src/stm32f4xx_ll_usb.o
 *fill*         0x0800a61a        0x2 
 .text.USBD_CDC_Init
                0x0800a61c      0x1f0 ./Middlewares/ST/STM32_USB_Device_Library/Class/CDC/Src/usbd_cdc.o
 .text.USBD_CDC_DeInit
                0x0800a80c      0x104 ./Middlewares/ST/STM32_USB_Device_Library/Class/CDC/Src/usbd_cdc.o
 .text.USBD_CDC_Setup
                0x0800a910      0x1b8 ./Middlewares/ST/STM32_USB_Device_Library/Class/CDC/Src/usbd_cdc.o
 .text.USBD_CDC_DataIn
                0x0800aac8       0xfe ./Middlewares/ST/STM32_USB_Device_Library/Class/CDC/Src/usbd_cdc.o
 .text.USBD_CDC_DataOut
                0x0800abc6       0x70 ./Middlewares/ST/STM32_USB_Device_Library/Class/CDC/Src/usbd_cdc.o
 .text.USBD_CDC_EP0_RxReady
                0x0800ac36       0x74 ./Middlewares/ST/STM32_USB_Device_Library/Class/CDC/Src/usbd_cdc.o
 *fill*         0x0800acaa        0x2 
 .text.USBD_CDC_GetFSCfgDesc
                0x0800acac       0x70 ./Middlewares/ST/STM32_USB_Device_Library/Class/CDC/Src/usbd_cdc.o
 .text.USBD_CDC_GetHSCfgDesc
                0x0800ad1c       0x70 ./Middlewares/ST/STM32_USB_Device_Library/Class/CDC/Src/usbd_cdc.o
 .text.USBD_CDC_GetOtherSpeedCfgDesc
                0x0800ad8c       0x70 ./Middlewares/ST/STM32_USB_Device_Library/Class/CDC/Src/usbd_cdc.o
 .text.USBD_CDC_GetDeviceQualifierDescriptor
                0x0800adfc       0x20 ./Middlewares/ST/STM32_USB_Device_Library/Class/CDC/Src/usbd_cdc.o
                0x0800adfc                USBD_CDC_GetDeviceQualifierDescriptor
 .text.USBD_CDC_RegisterInterface
                0x0800ae1c       0x34 ./Middlewares/ST/STM32_USB_Device_Library/Class/CDC/Src/usbd_cdc.o
                0x0800ae1c                USBD_CDC_RegisterInterface
 .text.USBD_CDC_SetTxBuffer
                0x0800ae50       0x44 ./Middlewares/ST/STM32_USB_Device_Library/Class/CDC/Src/usbd_cdc.o
                0x0800ae50                USBD_CDC_SetTxBuffer
 .text.USBD_CDC_SetRxBuffer
                0x0800ae94       0x3a ./Middlewares/ST/STM32_USB_Device_Library/Class/CDC/Src/usbd_cdc.o
                0x0800ae94                USBD_CDC_SetRxBuffer
 *fill*         0x0800aece        0x2 
 .text.USBD_CDC_TransmitPacket
                0x0800aed0       0x80 ./Middlewares/ST/STM32_USB_Device_Library/Class/CDC/Src/usbd_cdc.o
                0x0800aed0                USBD_CDC_TransmitPacket
 .text.USBD_CDC_ReceivePacket
                0x0800af50       0x6c ./Middlewares/ST/STM32_USB_Device_Library/Class/CDC/Src/usbd_cdc.o
                0x0800af50                USBD_CDC_ReceivePacket
 .text.USBD_Init
                0x0800afbc       0x60 ./Middlewares/ST/STM32_USB_Device_Library/Core/Src/usbd_core.o
                0x0800afbc                USBD_Init
 .text.USBD_RegisterClass
                0x0800b01c       0x6c ./Middlewares/ST/STM32_USB_Device_Library/Core/Src/usbd_core.o
                0x0800b01c                USBD_RegisterClass
 .text.USBD_Start
                0x0800b088       0x18 ./Middlewares/ST/STM32_USB_Device_Library/Core/Src/usbd_core.o
                0x0800b088                USBD_Start
 .text.USBD_RunTestMode
                0x0800b0a0       0x16 ./Middlewares/ST/STM32_USB_Device_Library/Core/Src/usbd_core.o
                0x0800b0a0                USBD_RunTestMode
 .text.USBD_SetClassConfig
                0x0800b0b6       0x38 ./Middlewares/ST/STM32_USB_Device_Library/Core/Src/usbd_core.o
                0x0800b0b6                USBD_SetClassConfig
 .text.USBD_ClrClassConfig
                0x0800b0ee       0x34 ./Middlewares/ST/STM32_USB_Device_Library/Core/Src/usbd_core.o
                0x0800b0ee                USBD_ClrClassConfig
 .text.USBD_LL_SetupStage
                0x0800b122       0xaa ./Middlewares/ST/STM32_USB_Device_Library/Core/Src/usbd_core.o
                0x0800b122                USBD_LL_SetupStage
 .text.USBD_LL_DataOutStage
                0x0800b1cc      0x166 ./Middlewares/ST/STM32_USB_Device_Library/Core/Src/usbd_core.o
                0x0800b1cc                USBD_LL_DataOutStage
 .text.USBD_LL_DataInStage
                0x0800b332      0x164 ./Middlewares/ST/STM32_USB_Device_Library/Core/Src/usbd_core.o
                0x0800b332                USBD_LL_DataInStage
 .text.USBD_LL_Reset
                0x0800b496       0xa4 ./Middlewares/ST/STM32_USB_Device_Library/Core/Src/usbd_core.o
                0x0800b496                USBD_LL_Reset
 .text.USBD_LL_SetSpeed
                0x0800b53a       0x20 ./Middlewares/ST/STM32_USB_Device_Library/Core/Src/usbd_core.o
                0x0800b53a                USBD_LL_SetSpeed
 .text.USBD_LL_Suspend
                0x0800b55a       0x38 ./Middlewares/ST/STM32_USB_Device_Library/Core/Src/usbd_core.o
                0x0800b55a                USBD_LL_Suspend
 .text.USBD_LL_Resume
                0x0800b592       0x30 ./Middlewares/ST/STM32_USB_Device_Library/Core/Src/usbd_core.o
                0x0800b592                USBD_LL_Resume
 .text.USBD_LL_SOF
                0x0800b5c2       0x40 ./Middlewares/ST/STM32_USB_Device_Library/Core/Src/usbd_core.o
                0x0800b5c2                USBD_LL_SOF
 .text.USBD_LL_IsoINIncomplete
                0x0800b602       0x64 ./Middlewares/ST/STM32_USB_Device_Library/Core/Src/usbd_core.o
                0x0800b602                USBD_LL_IsoINIncomplete
 .text.USBD_LL_IsoOUTIncomplete
                0x0800b666       0x64 ./Middlewares/ST/STM32_USB_Device_Library/Core/Src/usbd_core.o
                0x0800b666                USBD_LL_IsoOUTIncomplete
 .text.USBD_LL_DevConnected
                0x0800b6ca       0x16 ./Middlewares/ST/STM32_USB_Device_Library/Core/Src/usbd_core.o
                0x0800b6ca                USBD_LL_DevConnected
 .text.USBD_LL_DevDisconnected
                0x0800b6e0       0x46 ./Middlewares/ST/STM32_USB_Device_Library/Core/Src/usbd_core.o
                0x0800b6e0                USBD_LL_DevDisconnected
 .text.USBD_CoreFindIF
                0x0800b726       0x1a ./Middlewares/ST/STM32_USB_Device_Library/Core/Src/usbd_core.o
                0x0800b726                USBD_CoreFindIF
 .text.USBD_CoreFindEP
                0x0800b740       0x1a ./Middlewares/ST/STM32_USB_Device_Library/Core/Src/usbd_core.o
                0x0800b740                USBD_CoreFindEP
 .text.USBD_GetEpDesc
                0x0800b75a       0x70 ./Middlewares/ST/STM32_USB_Device_Library/Core/Src/usbd_core.o
                0x0800b75a                USBD_GetEpDesc
 .text.USBD_GetNextDesc
                0x0800b7ca       0x38 ./Middlewares/ST/STM32_USB_Device_Library/Core/Src/usbd_core.o
                0x0800b7ca                USBD_GetNextDesc
 .text.SWAPBYTE
                0x0800b802       0x3c ./Middlewares/ST/STM32_USB_Device_Library/Core/Src/usbd_ctlreq.o
 *fill*         0x0800b83e        0x2 
 .text.USBD_StdDevReq
                0x0800b840       0xe4 ./Middlewares/ST/STM32_USB_Device_Library/Core/Src/usbd_ctlreq.o
                0x0800b840                USBD_StdDevReq
 .text.USBD_StdItfReq
                0x0800b924       0xd8 ./Middlewares/ST/STM32_USB_Device_Library/Core/Src/usbd_ctlreq.o
                0x0800b924                USBD_StdItfReq
 .text.USBD_StdEPReq
                0x0800b9fc      0x33a ./Middlewares/ST/STM32_USB_Device_Library/Core/Src/usbd_ctlreq.o
                0x0800b9fc                USBD_StdEPReq
 *fill*         0x0800bd36        0x2 
 .text.USBD_GetDescriptor
                0x0800bd38      0x328 ./Middlewares/ST/STM32_USB_Device_Library/Core/Src/usbd_ctlreq.o
 .text.USBD_SetAddress
                0x0800c060       0x88 ./Middlewares/ST/STM32_USB_Device_Library/Core/Src/usbd_ctlreq.o
 .text.USBD_SetConfig
                0x0800c0e8      0x154 ./Middlewares/ST/STM32_USB_Device_Library/Core/Src/usbd_ctlreq.o
 .text.USBD_GetConfig
                0x0800c23c       0x6c ./Middlewares/ST/STM32_USB_Device_Library/Core/Src/usbd_ctlreq.o
 .text.USBD_GetStatus
                0x0800c2a8       0x68 ./Middlewares/ST/STM32_USB_Device_Library/Core/Src/usbd_ctlreq.o
 .text.USBD_SetFeature
                0x0800c310       0x52 ./Middlewares/ST/STM32_USB_Device_Library/Core/Src/usbd_ctlreq.o
 .text.USBD_ClrFeature
                0x0800c362       0x44 ./Middlewares/ST/STM32_USB_Device_Library/Core/Src/usbd_ctlreq.o
 .text.USBD_ParseSetupRequest
                0x0800c3a6       0x74 ./Middlewares/ST/STM32_USB_Device_Library/Core/Src/usbd_ctlreq.o
                0x0800c3a6                USBD_ParseSetupRequest
 .text.USBD_CtlError
                0x0800c41a       0x22 ./Middlewares/ST/STM32_USB_Device_Library/Core/Src/usbd_ctlreq.o
                0x0800c41a                USBD_CtlError
 .text.USBD_GetString
                0x0800c43c       0xa4 ./Middlewares/ST/STM32_USB_Device_Library/Core/Src/usbd_ctlreq.o
                0x0800c43c                USBD_GetString
 .text.USBD_GetLen
                0x0800c4e0       0x34 ./Middlewares/ST/STM32_USB_Device_Library/Core/Src/usbd_ctlreq.o
 .text.USBD_CtlSendData
                0x0800c514       0x36 ./Middlewares/ST/STM32_USB_Device_Library/Core/Src/usbd_ioreq.o
                0x0800c514                USBD_CtlSendData
 .text.USBD_CtlContinueSendData
                0x0800c54a       0x22 ./Middlewares/ST/STM32_USB_Device_Library/Core/Src/usbd_ioreq.o
                0x0800c54a                USBD_CtlContinueSendData
 .text.USBD_CtlPrepareRx
                0x0800c56c       0x3a ./Middlewares/ST/STM32_USB_Device_Library/Core/Src/usbd_ioreq.o
                0x0800c56c                USBD_CtlPrepareRx
 .text.USBD_CtlContinueRx
                0x0800c5a6       0x22 ./Middlewares/ST/STM32_USB_Device_Library/Core/Src/usbd_ioreq.o
                0x0800c5a6                USBD_CtlContinueRx
 .text.USBD_CtlSendStatus
                0x0800c5c8       0x26 ./Middlewares/ST/STM32_USB_Device_Library/Core/Src/usbd_ioreq.o
                0x0800c5c8                USBD_CtlSendStatus
 .text.USBD_CtlReceiveStatus
                0x0800c5ee       0x26 ./Middlewares/ST/STM32_USB_Device_Library/Core/Src/usbd_ioreq.o
                0x0800c5ee                USBD_CtlReceiveStatus
 .text.MX_USB_DEVICE_Init
                0x0800c614       0x60 ./USB_DEVICE/App/usb_device.o
                0x0800c614                MX_USB_DEVICE_Init
 .text.CDC_Init_FS
                0x0800c674       0x28 ./USB_DEVICE/App/usbd_cdc_if.o
 .text.CDC_DeInit_FS
                0x0800c69c       0x10 ./USB_DEVICE/App/usbd_cdc_if.o
 .text.CDC_Control_FS
                0x0800c6ac       0xbc ./USB_DEVICE/App/usbd_cdc_if.o
 .text.CDC_Receive_FS
                0x0800c768       0xdc ./USB_DEVICE/App/usbd_cdc_if.o
 .text.CDC_Transmit_FS
                0x0800c844       0x4c ./USB_DEVICE/App/usbd_cdc_if.o
                0x0800c844                CDC_Transmit_FS
 .text.CDC_TransmitCplt_FS
                0x0800c890       0x22 ./USB_DEVICE/App/usbd_cdc_if.o
 *fill*         0x0800c8b2        0x2 
 .text.USBD_FS_DeviceDescriptor
                0x0800c8b4       0x24 ./USB_DEVICE/App/usbd_desc.o
                0x0800c8b4                USBD_FS_DeviceDescriptor
 .text.USBD_FS_LangIDStrDescriptor
                0x0800c8d8       0x24 ./USB_DEVICE/App/usbd_desc.o
                0x0800c8d8                USBD_FS_LangIDStrDescriptor
 .text.USBD_FS_ProductStrDescriptor
                0x0800c8fc       0x3c ./USB_DEVICE/App/usbd_desc.o
                0x0800c8fc                USBD_FS_ProductStrDescriptor
 .text.USBD_FS_ManufacturerStrDescriptor
                0x0800c938       0x28 ./USB_DEVICE/App/usbd_desc.o
                0x0800c938                USBD_FS_ManufacturerStrDescriptor
 .text.USBD_FS_SerialStrDescriptor
                0x0800c960       0x24 ./USB_DEVICE/App/usbd_desc.o
                0x0800c960                USBD_FS_SerialStrDescriptor
 .text.USBD_FS_ConfigStrDescriptor
                0x0800c984       0x3c ./USB_DEVICE/App/usbd_desc.o
                0x0800c984                USBD_FS_ConfigStrDescriptor
 .text.USBD_FS_InterfaceStrDescriptor
                0x0800c9c0       0x3c ./USB_DEVICE/App/usbd_desc.o
                0x0800c9c0                USBD_FS_InterfaceStrDescriptor
 .text.USBD_FS_USR_BOSDescriptor
                0x0800c9fc       0x24 ./USB_DEVICE/App/usbd_desc.o
                0x0800c9fc                USBD_FS_USR_BOSDescriptor
 .text.Get_SerialNum
                0x0800ca20       0x58 ./USB_DEVICE/App/usbd_desc.o
 .text.IntToUnicode
                0x0800ca78       0x7e ./USB_DEVICE/App/usbd_desc.o
 *fill*         0x0800caf6        0x2 
 .text.HAL_PCD_MspInit
                0x0800caf8       0xd4 ./USB_DEVICE/Target/usbd_conf.o
                0x0800caf8                HAL_PCD_MspInit
 .text.HAL_PCD_SetupStageCallback
                0x0800cbcc       0x24 ./USB_DEVICE/Target/usbd_conf.o
                0x0800cbcc                HAL_PCD_SetupStageCallback
 .text.HAL_PCD_DataOutStageCallback
                0x0800cbf0       0x36 ./USB_DEVICE/Target/usbd_conf.o
                0x0800cbf0                HAL_PCD_DataOutStageCallback
 .text.HAL_PCD_DataInStageCallback
                0x0800cc26       0x34 ./USB_DEVICE/Target/usbd_conf.o
                0x0800cc26                HAL_PCD_DataInStageCallback
 .text.HAL_PCD_SOFCallback
                0x0800cc5a       0x1c ./USB_DEVICE/Target/usbd_conf.o
                0x0800cc5a                HAL_PCD_SOFCallback
 .text.HAL_PCD_ResetCallback
                0x0800cc76       0x50 ./USB_DEVICE/Target/usbd_conf.o
                0x0800cc76                HAL_PCD_ResetCallback
 *fill*         0x0800ccc6        0x2 
 .text.HAL_PCD_SuspendCallback
                0x0800ccc8       0x4c ./USB_DEVICE/Target/usbd_conf.o
                0x0800ccc8                HAL_PCD_SuspendCallback
 .text.HAL_PCD_ResumeCallback
                0x0800cd14       0x1c ./USB_DEVICE/Target/usbd_conf.o
                0x0800cd14                HAL_PCD_ResumeCallback
 .text.HAL_PCD_ISOOUTIncompleteCallback
                0x0800cd30       0x24 ./USB_DEVICE/Target/usbd_conf.o
                0x0800cd30                HAL_PCD_ISOOUTIncompleteCallback
 .text.HAL_PCD_ISOINIncompleteCallback
                0x0800cd54       0x24 ./USB_DEVICE/Target/usbd_conf.o
                0x0800cd54                HAL_PCD_ISOINIncompleteCallback
 .text.HAL_PCD_ConnectCallback
                0x0800cd78       0x1c ./USB_DEVICE/Target/usbd_conf.o
                0x0800cd78                HAL_PCD_ConnectCallback
 .text.HAL_PCD_DisconnectCallback
                0x0800cd94       0x1c ./USB_DEVICE/Target/usbd_conf.o
                0x0800cd94                HAL_PCD_DisconnectCallback
 .text.USBD_LL_Init
                0x0800cdb0       0x98 ./USB_DEVICE/Target/usbd_conf.o
                0x0800cdb0                USBD_LL_Init
 .text.USBD_LL_Start
                0x0800ce48       0x36 ./USB_DEVICE/Target/usbd_conf.o
                0x0800ce48                USBD_LL_Start
 .text.USBD_LL_OpenEP
                0x0800ce7e       0x4c ./USB_DEVICE/Target/usbd_conf.o
                0x0800ce7e                USBD_LL_OpenEP
 .text.USBD_LL_CloseEP
                0x0800ceca       0x3e ./USB_DEVICE/Target/usbd_conf.o
                0x0800ceca                USBD_LL_CloseEP
 .text.USBD_LL_StallEP
                0x0800cf08       0x3e ./USB_DEVICE/Target/usbd_conf.o
                0x0800cf08                USBD_LL_StallEP
 .text.USBD_LL_ClearStallEP
                0x0800cf46       0x3e ./USB_DEVICE/Target/usbd_conf.o
                0x0800cf46                USBD_LL_ClearStallEP
 .text.USBD_LL_IsStallEP
                0x0800cf84       0x58 ./USB_DEVICE/Target/usbd_conf.o
                0x0800cf84                USBD_LL_IsStallEP
 .text.USBD_LL_SetUSBAddress
                0x0800cfdc       0x3e ./USB_DEVICE/Target/usbd_conf.o
                0x0800cfdc                USBD_LL_SetUSBAddress
 .text.USBD_LL_Transmit
                0x0800d01a       0x42 ./USB_DEVICE/Target/usbd_conf.o
                0x0800d01a                USBD_LL_Transmit
 .text.USBD_LL_PrepareReceive
                0x0800d05c       0x42 ./USB_DEVICE/Target/usbd_conf.o
                0x0800d05c                USBD_LL_PrepareReceive
 .text.USBD_LL_GetRxDataSize
                0x0800d09e       0x26 ./USB_DEVICE/Target/usbd_conf.o
                0x0800d09e                USBD_LL_GetRxDataSize
 .text.HAL_PCDEx_LPM_Callback
                0x0800d0c4       0x9c ./USB_DEVICE/Target/usbd_conf.o
                0x0800d0c4                HAL_PCDEx_LPM_Callback
 .text.USBD_static_malloc
                0x0800d160       0x1c ./USB_DEVICE/Target/usbd_conf.o
                0x0800d160                USBD_static_malloc
 .text.USBD_static_free
                0x0800d17c       0x14 ./USB_DEVICE/Target/usbd_conf.o
                0x0800d17c                USBD_static_free
 .text.USBD_Get_USB_Status
                0x0800d190       0x58 ./USB_DEVICE/Target/usbd_conf.o
                0x0800d190                USBD_Get_USB_Status
 .text.snprintf
                0x0800d1e8       0x68 /Applications/STM32CubeIDE.app/Contents/Eclipse/plugins/com.st.stm32cube.ide.mcu.externaltools.gnu-tools-for-stm32.12.3.rel1.macos64_1.0.200.202406191456/tools/bin/../lib/gcc/arm-none-eabi/12.3.1/../../../../arm-none-eabi/lib/thumb/v7e-m+fp/hard/libc_nano.a(libc_a-snprintf.o)
                0x0800d1e8                snprintf
                0x0800d1e8                sniprintf
 .text.memset   0x0800d250       0x10 /Applications/STM32CubeIDE.app/Contents/Eclipse/plugins/com.st.stm32cube.ide.mcu.externaltools.gnu-tools-for-stm32.12.3.rel1.macos64_1.0.200.202406191456/tools/bin/../lib/gcc/arm-none-eabi/12.3.1/../../../../arm-none-eabi/lib/thumb/v7e-m+fp/hard/libc_nano.a(libc_a-memset.o)
                0x0800d250                memset
 .text.__errno  0x0800d260        0xc /Applications/STM32CubeIDE.app/Contents/Eclipse/plugins/com.st.stm32cube.ide.mcu.externaltools.gnu-tools-for-stm32.12.3.rel1.macos64_1.0.200.202406191456/tools/bin/../lib/gcc/arm-none-eabi/12.3.1/../../../../arm-none-eabi/lib/thumb/v7e-m+fp/hard/libc_nano.a(libc_a-errno.o)
                0x0800d260                __errno
 .text.__libc_init_array
                0x0800d26c       0x48 /Applications/STM32CubeIDE.app/Contents/Eclipse/plugins/com.st.stm32cube.ide.mcu.externaltools.gnu-tools-for-stm32.12.3.rel1.macos64_1.0.200.202406191456/tools/bin/../lib/gcc/arm-none-eabi/12.3.1/../../../../arm-none-eabi/lib/thumb/v7e-m+fp/hard/libc_nano.a(libc_a-init.o)
                0x0800d26c                __libc_init_array
 .text.__retarget_lock_acquire_recursive
                0x0800d2b4        0x2 /Applications/STM32CubeIDE.app/Contents/Eclipse/plugins/com.st.stm32cube.ide.mcu.externaltools.gnu-tools-for-stm32.12.3.rel1.macos64_1.0.200.202406191456/tools/bin/../lib/gcc/arm-none-eabi/12.3.1/../../../../arm-none-eabi/lib/thumb/v7e-m+fp/hard/libc_nano.a(libc_a-lock.o)
                0x0800d2b4                __retarget_lock_acquire_recursive
 .text.__retarget_lock_release_recursive
                0x0800d2b6        0x2 /Applications/STM32CubeIDE.app/Contents/Eclipse/plugins/com.st.stm32cube.ide.mcu.externaltools.gnu-tools-for-stm32.12.3.rel1.macos64_1.0.200.202406191456/tools/bin/../lib/gcc/arm-none-eabi/12.3.1/../../../../arm-none-eabi/lib/thumb/v7e-m+fp/hard/libc_nano.a(libc_a-lock.o)
                0x0800d2b6                __retarget_lock_release_recursive
 .text.memcpy   0x0800d2b8       0x1c /Applications/STM32CubeIDE.app/Contents/Eclipse/plugins/com.st.stm32cube.ide.mcu.externaltools.gnu-tools-for-stm32.12.3.rel1.macos64_1.0.200.202406191456/tools/bin/../lib/gcc/arm-none-eabi/12.3.1/../../../../arm-none-eabi/lib/thumb/v7e-m+fp/hard/libc_nano.a(libc_a-memcpy-stub.o)
                0x0800d2b8                memcpy
 .text.__ssputs_r
                0x0800d2d4       0xb6 /Applications/STM32CubeIDE.app/Contents/Eclipse/plugins/com.st.stm32cube.ide.mcu.externaltools.gnu-tools-for-stm32.12.3.rel1.macos64_1.0.200.202406191456/tools/bin/../lib/gcc/arm-none-eabi/12.3.1/../../../../arm-none-eabi/lib/thumb/v7e-m+fp/hard/libc_nano.a(libc_a-nano-svfprintf.o)
                0x0800d2d4                __ssputs_r
 *fill*         0x0800d38a        0x2 
 .text._svfprintf_r
                0x0800d38c      0x1f8 /Applications/STM32CubeIDE.app/Contents/Eclipse/plugins/com.st.stm32cube.ide.mcu.externaltools.gnu-tools-for-stm32.12.3.rel1.macos64_1.0.200.202406191456/tools/bin/../lib/gcc/arm-none-eabi/12.3.1/../../../../arm-none-eabi/lib/thumb/v7e-m+fp/hard/libc_nano.a(libc_a-nano-svfprintf.o)
                0x0800d38c                _svfprintf_r
                0x0800d38c                _svfiprintf_r
 .text.sbrk_aligned
                0x0800d584       0x44 /Applications/STM32CubeIDE.app/Contents/Eclipse/plugins/com.st.stm32cube.ide.mcu.externaltools.gnu-tools-for-stm32.12.3.rel1.macos64_1.0.200.202406191456/tools/bin/../lib/gcc/arm-none-eabi/12.3.1/../../../../arm-none-eabi/lib/thumb/v7e-m+fp/hard/libc_nano.a(libc_a-mallocr.o)
 .text._malloc_r
                0x0800d5c8      0x100 /Applications/STM32CubeIDE.app/Contents/Eclipse/plugins/com.st.stm32cube.ide.mcu.externaltools.gnu-tools-for-stm32.12.3.rel1.macos64_1.0.200.202406191456/tools/bin/../lib/gcc/arm-none-eabi/12.3.1/../../../../arm-none-eabi/lib/thumb/v7e-m+fp/hard/libc_nano.a(libc_a-mallocr.o)
                0x0800d5c8                _malloc_r
 .text._printf_common
                0x0800d6c8       0xda /Applications/STM32CubeIDE.app/Contents/Eclipse/plugins/com.st.stm32cube.ide.mcu.externaltools.gnu-tools-for-stm32.12.3.rel1.macos64_1.0.200.202406191456/tools/bin/../lib/gcc/arm-none-eabi/12.3.1/../../../../arm-none-eabi/lib/thumb/v7e-m+fp/hard/libc_nano.a(libc_a-nano-vfprintf_i.o)
                0x0800d6c8                _printf_common
 *fill*         0x0800d7a2        0x2 
 .text._printf_i
                0x0800d7a4      0x240 /Applications/STM32CubeIDE.app/Contents/Eclipse/plugins/com.st.stm32cube.ide.mcu.externaltools.gnu-tools-for-stm32.12.3.rel1.macos64_1.0.200.202406191456/tools/bin/../lib/gcc/arm-none-eabi/12.3.1/../../../../arm-none-eabi/lib/thumb/v7e-m+fp/hard/libc_nano.a(libc_a-nano-vfprintf_i.o)
                0x0800d7a4                _printf_i
 .text.__malloc_lock
                0x0800d9e4        0xc /Applications/STM32CubeIDE.app/Contents/Eclipse/plugins/com.st.stm32cube.ide.mcu.externaltools.gnu-tools-for-stm32.12.3.rel1.macos64_1.0.200.202406191456/tools/bin/../lib/gcc/arm-none-eabi/12.3.1/../../../../arm-none-eabi/lib/thumb/v7e-m+fp/hard/libc_nano.a(libc_a-mlock.o)
                0x0800d9e4                __malloc_lock
 .text.__malloc_unlock
                0x0800d9f0        0xc /Applications/STM32CubeIDE.app/Contents/Eclipse/plugins/com.st.stm32cube.ide.mcu.externaltools.gnu-tools-for-stm32.12.3.rel1.macos64_1.0.200.202406191456/tools/bin/../lib/gcc/arm-none-eabi/12.3.1/../../../../arm-none-eabi/lib/thumb/v7e-m+fp/hard/libc_nano.a(libc_a-mlock.o)
                0x0800d9f0                __malloc_unlock
 .text._realloc_r
                0x0800d9fc       0x5c /Applications/STM32CubeIDE.app/Contents/Eclipse/plugins/com.st.stm32cube.ide.mcu.externaltools.gnu-tools-for-stm32.12.3.rel1.macos64_1.0.200.202406191456/tools/bin/../lib/gcc/arm-none-eabi/12.3.1/../../../../arm-none-eabi/lib/thumb/v7e-m+fp/hard/libc_nano.a(libc_a-reallocr.o)
                0x0800d9fc                _realloc_r
 .text.memmove  0x0800da58       0x34 /Applications/STM32CubeIDE.app/Contents/Eclipse/plugins/com.st.stm32cube.ide.mcu.externaltools.gnu-tools-for-stm32.12.3.rel1.macos64_1.0.200.202406191456/tools/bin/../lib/gcc/arm-none-eabi/12.3.1/../../../../arm-none-eabi/lib/thumb/v7e-m+fp/hard/libc_nano.a(libc_a-memmove.o)
                0x0800da58                memmove
 .text._sbrk_r  0x0800da8c       0x20 /Applications/STM32CubeIDE.app/Contents/Eclipse/plugins/com.st.stm32cube.ide.mcu.externaltools.gnu-tools-for-stm32.12.3.rel1.macos64_1.0.200.202406191456/tools/bin/../lib/gcc/arm-none-eabi/12.3.1/../../../../arm-none-eabi/lib/thumb/v7e-m+fp/hard/libc_nano.a(libc_a-sbrkr.o)
                0x0800da8c                _sbrk_r
 .text._free_r  0x0800daac       0x94 /Applications/STM32CubeIDE.app/Contents/Eclipse/plugins/com.st.stm32cube.ide.mcu.externaltools.gnu-tools-for-stm32.12.3.rel1.macos64_1.0.200.202406191456/tools/bin/../lib/gcc/arm-none-eabi/12.3.1/../../../../arm-none-eabi/lib/thumb/v7e-m+fp/hard/libc_nano.a(libc_a-freer.o)
                0x0800daac                _free_r
 .text._malloc_usable_size_r
                0x0800db40       0x10 /Applications/STM32CubeIDE.app/Contents/Eclipse/plugins/com.st.stm32cube.ide.mcu.externaltools.gnu-tools-for-stm32.12.3.rel1.macos64_1.0.200.202406191456/tools/bin/../lib/gcc/arm-none-eabi/12.3.1/../../../../arm-none-eabi/lib/thumb/v7e-m+fp/hard/libc_nano.a(libc_a-msizer.o)
                0x0800db40                _malloc_usable_size_r
 *(.glue_7)
 .glue_7        0x0800db50        0x0 linker stubs
 *(.glue_7t)
 .glue_7t       0x0800db50        0x0 linker stubs
 *(.eh_frame)
 .eh_frame      0x0800db50        0x0 /Applications/STM32CubeIDE.app/Contents/Eclipse/plugins/com.st.stm32cube.ide.mcu.externaltools.gnu-tools-for-stm32.12.3.rel1.macos64_1.0.200.202406191456/tools/bin/../lib/gcc/arm-none-eabi/12.3.1/thumb/v7e-m+fp/hard/crtbegin.o
 *(.init)
 .init          0x0800db50        0x4 /Applications/STM32CubeIDE.app/Contents/Eclipse/plugins/com.st.stm32cube.ide.mcu.externaltools.gnu-tools-for-stm32.12.3.rel1.macos64_1.0.200.202406191456/tools/bin/../lib/gcc/arm-none-eabi/12.3.1/thumb/v7e-m+fp/hard/crti.o
                0x0800db50                _init
 .init          0x0800db54        0x8 /Applications/STM32CubeIDE.app/Contents/Eclipse/plugins/com.st.stm32cube.ide.mcu.externaltools.gnu-tools-for-stm32.12.3.rel1.macos64_1.0.200.202406191456/tools/bin/../lib/gcc/arm-none-eabi/12.3.1/thumb/v7e-m+fp/hard/crtn.o
 *(.fini)
 .fini          0x0800db5c        0x4 /Applications/STM32CubeIDE.app/Contents/Eclipse/plugins/com.st.stm32cube.ide.mcu.externaltools.gnu-tools-for-stm32.12.3.rel1.macos64_1.0.200.202406191456/tools/bin/../lib/gcc/arm-none-eabi/12.3.1/thumb/v7e-m+fp/hard/crti.o
                0x0800db5c                _fini
 .fini          0x0800db60        0x8 /Applications/STM32CubeIDE.app/Contents/Eclipse/plugins/com.st.stm32cube.ide.mcu.externaltools.gnu-tools-for-stm32.12.3.rel1.macos64_1.0.200.202406191456/tools/bin/../lib/gcc/arm-none-eabi/12.3.1/thumb/v7e-m+fp/hard/crtn.o
                0x0800db68                        . = ALIGN (0x4)
                0x0800db68                        _etext = .

.vfp11_veneer   0x0800db68        0x0
 .vfp11_veneer  0x0800db68        0x0 linker stubs

.v4_bx          0x0800db68        0x0
 .v4_bx         0x0800db68        0x0 linker stubs

.iplt           0x0800db68        0x0
 .iplt          0x0800db68        0x0 /Applications/STM32CubeIDE.app/Contents/Eclipse/plugins/com.st.stm32cube.ide.mcu.externaltools.gnu-tools-for-stm32.12.3.rel1.macos64_1.0.200.202406191456/tools/bin/../lib/gcc/arm-none-eabi/12.3.1/thumb/v7e-m+fp/hard/crtbegin.o

.rodata         0x0800db68      0x228
                0x0800db68                        . = ALIGN (0x4)
 *(.rodata)
 .rodata        0x0800db68        0x9 ./Core/Src/SEGGER_RTT.o
 *fill*         0x0800db71        0x3 
 .rodata        0x0800db74       0xfb ./Core/Src/accelerometer.o
 *fill*         0x0800dc6f        0x1 
 .rodata        0x0800dc70       0x61 ./Core/Src/main.o
 *fill*         0x0800dcd1        0x3 
 .rodata        0x0800dcd4        0x3 ./USB_DEVICE/App/usbd_cdc_if.o
 *fill*         0x0800dcd7        0x1 
 .rodata        0x0800dcd8       0x46 ./USB_DEVICE/App/usbd_desc.o
 *(.rodata*)
 *fill*         0x0800dd1e        0x2 
 .rodata._aInitStr.0
                0x0800dd20       0x11 ./Core/Src/SEGGER_RTT.o
 *fill*         0x0800dd31        0x3 
 .rodata._aV2C.0
                0x0800dd34       0x10 ./Core/Src/SEGGER_RTT_printf.o
 .rodata.AHBPrescTable
                0x0800dd44       0x10 ./Core/Src/system_stm32f4xx.o
                0x0800dd44                AHBPrescTable
 .rodata.APBPrescTable
                0x0800dd54        0x8 ./Core/Src/system_stm32f4xx.o
                0x0800dd54                APBPrescTable
 .rodata._svfprintf_r.str1.1
                0x0800dd5c       0x11 /Applications/STM32CubeIDE.app/Contents/Eclipse/plugins/com.st.stm32cube.ide.mcu.externaltools.gnu-tools-for-stm32.12.3.rel1.macos64_1.0.200.202406191456/tools/bin/../lib/gcc/arm-none-eabi/12.3.1/../../../../arm-none-eabi/lib/thumb/v7e-m+fp/hard/libc_nano.a(libc_a-nano-svfprintf.o)
 .rodata._printf_i.str1.1
                0x0800dd6d       0x22 /Applications/STM32CubeIDE.app/Contents/Eclipse/plugins/com.st.stm32cube.ide.mcu.externaltools.gnu-tools-for-stm32.12.3.rel1.macos64_1.0.200.202406191456/tools/bin/../lib/gcc/arm-none-eabi/12.3.1/../../../../arm-none-eabi/lib/thumb/v7e-m+fp/hard/libc_nano.a(libc_a-nano-vfprintf_i.o)
                0x0800dd90                        . = ALIGN (0x4)
 *fill*         0x0800dd8f        0x1 

.ARM.extab      0x0800dd90        0x0
                0x0800dd90                        . = ALIGN (0x4)
 *(.ARM.extab* .gnu.linkonce.armextab.*)
                0x0800dd90                        . = ALIGN (0x4)

.ARM            0x0800dd90        0x8
                0x0800dd90                        . = ALIGN (0x4)
                0x0800dd90                        __exidx_start = .
 *(.ARM.exidx*)
 .ARM.exidx     0x0800dd90        0x8 /Applications/STM32CubeIDE.app/Contents/Eclipse/plugins/com.st.stm32cube.ide.mcu.externaltools.gnu-tools-for-stm32.12.3.rel1.macos64_1.0.200.202406191456/tools/bin/../lib/gcc/arm-none-eabi/12.3.1/../../../../arm-none-eabi/lib/thumb/v7e-m+fp/hard/libc_nano.a(libc_a-memchr.o)
 .ARM.exidx     0x0800dd98        0x0 /Applications/STM32CubeIDE.app/Contents/Eclipse/plugins/com.st.stm32cube.ide.mcu.externaltools.gnu-tools-for-stm32.12.3.rel1.macos64_1.0.200.202406191456/tools/bin/../lib/gcc/arm-none-eabi/12.3.1/thumb/v7e-m+fp/hard/libgcc.a(_udivmoddi4.o)
                                  0x8 (size before relaxing)
                0x0800dd98                        __exidx_end = .
                0x0800dd98                        . = ALIGN (0x4)

.preinit_array  0x0800dd98        0x0
                0x0800dd98                        . = ALIGN (0x4)
                0x0800dd98                        PROVIDE (__preinit_array_start = .)
 *(.preinit_array*)
                0x0800dd98                        PROVIDE (__preinit_array_end = .)
                0x0800dd98                        . = ALIGN (0x4)

.init_array     0x0800dd98        0x4
                0x0800dd98                        . = ALIGN (0x4)
                0x0800dd98                        PROVIDE (__init_array_start = .)
 *(SORT_BY_NAME(.init_array.*))
 *(.init_array*)
 .init_array    0x0800dd98        0x4 /Applications/STM32CubeIDE.app/Contents/Eclipse/plugins/com.st.stm32cube.ide.mcu.externaltools.gnu-tools-for-stm32.12.3.rel1.macos64_1.0.200.202406191456/tools/bin/../lib/gcc/arm-none-eabi/12.3.1/thumb/v7e-m+fp/hard/crtbegin.o
                0x0800dd9c                        PROVIDE (__init_array_end = .)
                0x0800dd9c                        . = ALIGN (0x4)

.fini_array     0x0800dd9c        0x4
                0x0800dd9c                        . = ALIGN (0x4)
                [!provide]                        PROVIDE (__fini_array_start = .)
 *(SORT_BY_NAME(.fini_array.*))
 *(.fini_array*)
 .fini_array    0x0800dd9c        0x4 /Applications/STM32CubeIDE.app/Contents/Eclipse/plugins/com.st.stm32cube.ide.mcu.externaltools.gnu-tools-for-stm32.12.3.rel1.macos64_1.0.200.202406191456/tools/bin/../lib/gcc/arm-none-eabi/12.3.1/thumb/v7e-m+fp/hard/crtbegin.o
                [!provide]                        PROVIDE (__fini_array_end = .)
                0x0800dda0                        . = ALIGN (0x4)
                0x0800dda0                        _sidata = LOADADDR (.data)

.rel.dyn        0x0800dda0        0x0
 .rel.iplt      0x0800dda0        0x0 /Applications/STM32CubeIDE.app/Contents/Eclipse/plugins/com.st.stm32cube.ide.mcu.externaltools.gnu-tools-for-stm32.12.3.rel1.macos64_1.0.200.202406191456/tools/bin/../lib/gcc/arm-none-eabi/12.3.1/thumb/v7e-m+fp/hard/crtbegin.o

.data           0x20000000      0x2a0 load address 0x0800dda0
                0x20000000                        . = ALIGN (0x4)
                0x20000000                        _sdata = .
 *(.data)
 *(.data*)
 .data.FIR_IMPULSE_RESPONSE
                0x20000000       0x9c ./Core/Src/accelerometer.o
 .data.FIR_HIGH_PASS
                0x2000009c       0x9c ./Core/Src/accelerometer.o
 .data.gravity  0x20000138        0x4 ./Core/Src/accelerometer.o
                0x20000138                gravity
 .data.imuCS    0x2000013c        0x8 ./Core/Src/accelerometer.o
                0x2000013c                imuCS
 .data.SystemCoreClock
                0x20000144        0x4 ./Core/Src/system_stm32f4xx.o
                0x20000144                SystemCoreClock
 .data.uwTickPrio
                0x20000148        0x4 ./Drivers/STM32F4xx_HAL_Driver/Src/stm32f4xx_hal.o
                0x20000148                uwTickPrio
 .data.uwTickFreq
                0x2000014c        0x1 ./Drivers/STM32F4xx_HAL_Driver/Src/stm32f4xx_hal.o
                0x2000014c                uwTickFreq
 *fill*         0x2000014d        0x3 
 .data.USBD_CDC_DeviceQualifierDesc
                0x20000150        0xa ./Middlewares/ST/STM32_USB_Device_Library/Class/CDC/Src/usbd_cdc.o
 *fill*         0x2000015a        0x2 
 .data.USBD_CDC
                0x2000015c       0x38 ./Middlewares/ST/STM32_USB_Device_Library/Class/CDC/Src/usbd_cdc.o
                0x2000015c                USBD_CDC
 .data.USBD_CDC_CfgDesc
                0x20000194       0x43 ./Middlewares/ST/STM32_USB_Device_Library/Class/CDC/Src/usbd_cdc.o
 .data.CDCInEpAdd
                0x200001d7        0x1 ./Middlewares/ST/STM32_USB_Device_Library/Class/CDC/Src/usbd_cdc.o
 .data.CDCOutEpAdd
                0x200001d8        0x1 ./Middlewares/ST/STM32_USB_Device_Library/Class/CDC/Src/usbd_cdc.o
 .data.CDCCmdEpAdd
                0x200001d9        0x1 ./Middlewares/ST/STM32_USB_Device_Library/Class/CDC/Src/usbd_cdc.o
 *fill*         0x200001da        0x2 
 .data.USBD_Interface_fops_FS
                0x200001dc       0x14 ./USB_DEVICE/App/usbd_cdc_if.o
                0x200001dc                USBD_Interface_fops_FS
 .data.FS_Desc  0x200001f0       0x20 ./USB_DEVICE/App/usbd_desc.o
                0x200001f0                FS_Desc
 .data.USBD_FS_DeviceDesc
                0x20000210       0x12 ./USB_DEVICE/App/usbd_desc.o
                0x20000210                USBD_FS_DeviceDesc
 *fill*         0x20000222        0x2 
 .data.USBD_FS_BOSDesc
                0x20000224        0xc ./USB_DEVICE/App/usbd_desc.o
                0x20000224                USBD_FS_BOSDesc
 .data.USBD_LangIDDesc
                0x20000230        0x4 ./USB_DEVICE/App/usbd_desc.o
                0x20000230                USBD_LangIDDesc
 .data.USBD_StringSerial
                0x20000234       0x1a ./USB_DEVICE/App/usbd_desc.o
                0x20000234                USBD_StringSerial
 *fill*         0x2000024e        0x2 
 .data._impure_ptr
                0x20000250        0x4 /Applications/STM32CubeIDE.app/Contents/Eclipse/plugins/com.st.stm32cube.ide.mcu.externaltools.gnu-tools-for-stm32.12.3.rel1.macos64_1.0.200.202406191456/tools/bin/../lib/gcc/arm-none-eabi/12.3.1/../../../../arm-none-eabi/lib/thumb/v7e-m+fp/hard/libc_nano.a(libc_a-impure.o)
                0x20000250                _impure_ptr
 .data._impure_data
                0x20000254       0x4c /Applications/STM32CubeIDE.app/Contents/Eclipse/plugins/com.st.stm32cube.ide.mcu.externaltools.gnu-tools-for-stm32.12.3.rel1.macos64_1.0.200.202406191456/tools/bin/../lib/gcc/arm-none-eabi/12.3.1/../../../../arm-none-eabi/lib/thumb/v7e-m+fp/hard/libc_nano.a(libc_a-impure.o)
                0x20000254                _impure_data
 *(.RamFunc)
 *(.RamFunc*)
                0x200002a0                        . = ALIGN (0x4)
                0x200002a0                        _edata = .

.igot.plt       0x200002a0        0x0 load address 0x0800e040
 .igot.plt      0x200002a0        0x0 /Applications/STM32CubeIDE.app/Contents/Eclipse/plugins/com.st.stm32cube.ide.mcu.externaltools.gnu-tools-for-stm32.12.3.rel1.macos64_1.0.200.202406191456/tools/bin/../lib/gcc/arm-none-eabi/12.3.1/thumb/v7e-m+fp/hard/crtbegin.o
                0x200002a0                        . = ALIGN (0x4)

.bss            0x200002a0     0x2830 load address 0x0800e040
                0x200002a0                        _sbss = .
                0x200002a0                        __bss_start__ = _sbss
 *(.bss)
 .bss           0x200002a0       0x1c /Applications/STM32CubeIDE.app/Contents/Eclipse/plugins/com.st.stm32cube.ide.mcu.externaltools.gnu-tools-for-stm32.12.3.rel1.macos64_1.0.200.202406191456/tools/bin/../lib/gcc/arm-none-eabi/12.3.1/thumb/v7e-m+fp/hard/crtbegin.o
 *(.bss*)
 .bss._SEGGER_RTT
                0x200002bc       0xa8 ./Core/Src/SEGGER_RTT.o
                0x200002bc                _SEGGER_RTT
 .bss._acUpBuffer
                0x20000364      0x400 ./Core/Src/SEGGER_RTT.o
 .bss._acDownBuffer
                0x20000764       0x10 ./Core/Src/SEGGER_RTT.o
 .bss.hi2c3     0x20000774       0x54 ./Core/Src/main.o
                0x20000774                hi2c3
 .bss.hspi1     0x200007c8       0x58 ./Core/Src/main.o
                0x200007c8                hspi1
 .bss.htim1     0x20000820       0x48 ./Core/Src/main.o
                0x20000820                htim1
 .bss.htim2     0x20000868       0x48 ./Core/Src/main.o
                0x20000868                htim2
 .bss.htim4     0x200008b0       0x48 ./Core/Src/main.o
                0x200008b0                htim4
 .bss.htim7     0x200008f8       0x48 ./Core/Src/main.o
                0x200008f8                htim7
 .bss.htim10    0x20000940       0x48 ./Core/Src/main.o
                0x20000940                htim10
 .bss.htim13    0x20000988       0x48 ./Core/Src/main.o
                0x20000988                htim13
 .bss.htim14    0x200009d0       0x48 ./Core/Src/main.o
                0x200009d0                htim14
 .bss.huart1    0x20000a18       0x48 ./Core/Src/main.o
                0x20000a18                huart1
 .bss.IC_Val1_Left
                0x20000a60        0x4 ./Core/Src/main.o
                0x20000a60                IC_Val1_Left
 .bss.IC_Val2_Left
                0x20000a64        0x4 ./Core/Src/main.o
                0x20000a64                IC_Val2_Left
 .bss.IC_Val1_Right
                0x20000a68        0x4 ./Core/Src/main.o
                0x20000a68                IC_Val1_Right
 .bss.IC_Val2_Right
                0x20000a6c        0x4 ./Core/Src/main.o
                0x20000a6c                IC_Val2_Right
 .bss.IC_Val1_Front
                0x20000a70        0x4 ./Core/Src/main.o
                0x20000a70                IC_Val1_Front
 .bss.IC_Val2_Front
                0x20000a74        0x4 ./Core/Src/main.o
                0x20000a74                IC_Val2_Front
 .bss.IC_Val1_Back
                0x20000a78        0x4 ./Core/Src/main.o
                0x20000a78                IC_Val1_Back
 .bss.IC_Val2_Back
                0x20000a7c        0x4 ./Core/Src/main.o
                0x20000a7c                IC_Val2_Back
 .bss.Distance_Left
                0x20000a80        0x4 ./Core/Src/main.o
                0x20000a80                Distance_Left
 .bss.Distance_Right
                0x20000a84        0x4 ./Core/Src/main.o
                0x20000a84                Distance_Right
 .bss.Distance_Back
                0x20000a88        0x4 ./Core/Src/main.o
                0x20000a88                Distance_Back
 .bss.Distance_Front
                0x20000a8c        0x4 ./Core/Src/main.o
                0x20000a8c                Distance_Front
 .bss.temperature
                0x20000a90        0x4 ./Core/Src/main.o
                0x20000a90                temperature
 .bss.yAcceleration
                0x20000a94        0x4 ./Core/Src/main.o
                0x20000a94                yAcceleration
 .bss.xAcceleration
                0x20000a98        0x4 ./Core/Src/main.o
                0x20000a98                xAcceleration
 .bss.zAcceleration
                0x20000a9c        0x4 ./Core/Src/main.o
                0x20000a9c                zAcceleration
 .bss.avgXAcceleration
                0x20000aa0        0x4 ./Core/Src/main.o
                0x20000aa0                avgXAcceleration
 .bss.avgYAcceleration
                0x20000aa4        0x4 ./Core/Src/main.o
                0x20000aa4                avgYAcceleration
 .bss.avgZAcceleration
                0x20000aa8        0x4 ./Core/Src/main.o
                0x20000aa8                avgZAcceleration
 .bss.lpfAccZ   0x20000aac       0xa4 ./Core/Src/main.o
                0x20000aac                lpfAccZ
 .bss.lpfAccY   0x20000b50       0xa4 ./Core/Src/main.o
                0x20000b50                lpfAccY
 .bss.lpfAccX   0x20000bf4       0xa4 ./Core/Src/main.o
                0x20000bf4                lpfAccX
 .bss.data      0x20000c98       0x80 ./Core/Src/main.o
                0x20000c98                data
 .bss.usbBuffer
                0x20000d18       0x80 ./Core/Src/main.o
                0x20000d18                usbBuffer
 .bss.Is_First_Captured_Front
                0x20000d98        0x1 ./Core/Src/main.o
 .bss.Is_First_Captured_Right
                0x20000d99        0x1 ./Core/Src/main.o
 .bss.Is_First_Captured_Left
                0x20000d9a        0x1 ./Core/Src/main.o
 .bss.Is_First_Captured_Back
                0x20000d9b        0x1 ./Core/Src/main.o
 .bss.__sbrk_heap_end
                0x20000d9c        0x4 ./Core/Src/sysmem.o
 .bss.uwTick    0x20000da0        0x4 ./Drivers/STM32F4xx_HAL_Driver/Src/stm32f4xx_hal.o
                0x20000da0                uwTick
 .bss.cfgidx.0  0x20000da4        0x1 ./Middlewares/ST/STM32_USB_Device_Library/Core/Src/usbd_ctlreq.o
 *fill*         0x20000da5        0x3 
 .bss.hUsbDeviceFS
                0x20000da8      0x2dc ./USB_DEVICE/App/usb_device.o
                0x20000da8                hUsbDeviceFS
 .bss.UserRxBufferFS
                0x20001084      0x800 ./USB_DEVICE/App/usbd_cdc_if.o
                0x20001084                UserRxBufferFS
 .bss.UserTxBufferFS
                0x20001884      0x800 ./USB_DEVICE/App/usbd_cdc_if.o
                0x20001884                UserTxBufferFS
 .bss.USBD_StrDesc
                0x20002084      0x200 ./USB_DEVICE/App/usbd_desc.o
                0x20002084                USBD_StrDesc
 .bss.hpcd_USB_OTG_FS
                0x20002284      0x4e4 ./USB_DEVICE/Target/usbd_conf.o
                0x20002284                hpcd_USB_OTG_FS
 .bss.mem.0     0x20002768      0x220 ./USB_DEVICE/Target/usbd_conf.o
 .bss.__sf      0x20002988      0x138 /Applications/STM32CubeIDE.app/Contents/Eclipse/plugins/com.st.stm32cube.ide.mcu.externaltools.gnu-tools-for-stm32.12.3.rel1.macos64_1.0.200.202406191456/tools/bin/../lib/gcc/arm-none-eabi/12.3.1/../../../../arm-none-eabi/lib/thumb/v7e-m+fp/hard/libc_nano.a(libc_a-findfp.o)
                0x20002988                __sf
 .bss.__lock___malloc_recursive_mutex
                0x20002ac0        0x1 /Applications/STM32CubeIDE.app/Contents/Eclipse/plugins/com.st.stm32cube.ide.mcu.externaltools.gnu-tools-for-stm32.12.3.rel1.macos64_1.0.200.202406191456/tools/bin/../lib/gcc/arm-none-eabi/12.3.1/../../../../arm-none-eabi/lib/thumb/v7e-m+fp/hard/libc_nano.a(libc_a-lock.o)
                0x20002ac0                __lock___malloc_recursive_mutex
 *fill*         0x20002ac1        0x3 
 .bss.__malloc_sbrk_start
                0x20002ac4        0x4 /Applications/STM32CubeIDE.app/Contents/Eclipse/plugins/com.st.stm32cube.ide.mcu.externaltools.gnu-tools-for-stm32.12.3.rel1.macos64_1.0.200.202406191456/tools/bin/../lib/gcc/arm-none-eabi/12.3.1/../../../../arm-none-eabi/lib/thumb/v7e-m+fp/hard/libc_nano.a(libc_a-mallocr.o)
                0x20002ac4                __malloc_sbrk_start
 .bss.__malloc_free_list
                0x20002ac8        0x4 /Applications/STM32CubeIDE.app/Contents/Eclipse/plugins/com.st.stm32cube.ide.mcu.externaltools.gnu-tools-for-stm32.12.3.rel1.macos64_1.0.200.202406191456/tools/bin/../lib/gcc/arm-none-eabi/12.3.1/../../../../arm-none-eabi/lib/thumb/v7e-m+fp/hard/libc_nano.a(libc_a-mallocr.o)
                0x20002ac8                __malloc_free_list
 .bss.errno     0x20002acc        0x4 /Applications/STM32CubeIDE.app/Contents/Eclipse/plugins/com.st.stm32cube.ide.mcu.externaltools.gnu-tools-for-stm32.12.3.rel1.macos64_1.0.200.202406191456/tools/bin/../lib/gcc/arm-none-eabi/12.3.1/../../../../arm-none-eabi/lib/thumb/v7e-m+fp/hard/libc_nano.a(libc_a-reent.o)
                0x20002acc                errno
 *(COMMON)
                0x20002ad0                        . = ALIGN (0x4)
                0x20002ad0                        _ebss = .
                0x20002ad0                        __bss_end__ = _ebss

._user_heap_stack
                0x20002ad0      0x600 load address 0x0800e040
                0x20002ad0                        . = ALIGN (0x8)
                [!provide]                        PROVIDE (end = .)
                0x20002ad0                        PROVIDE (_end = .)
                0x20002cd0                        . = (. + _Min_Heap_Size)
 *fill*         0x20002ad0      0x200 
                0x200030d0                        . = (. + _Min_Stack_Size)
 *fill*         0x20002cd0      0x400 
                0x200030d0                        . = ALIGN (0x8)

/DISCARD/
 libc.a(*)
 libm.a(*)
 libgcc.a(*)

.ARM.attributes
                0x00000000       0x30
 *(.ARM.attributes)
 .ARM.attributes
                0x00000000       0x22 /Applications/STM32CubeIDE.app/Contents/Eclipse/plugins/com.st.stm32cube.ide.mcu.externaltools.gnu-tools-for-stm32.12.3.rel1.macos64_1.0.200.202406191456/tools/bin/../lib/gcc/arm-none-eabi/12.3.1/thumb/v7e-m+fp/hard/crti.o
 .ARM.attributes
                0x00000022       0x34 /Applications/STM32CubeIDE.app/Contents/Eclipse/plugins/com.st.stm32cube.ide.mcu.externaltools.gnu-tools-for-stm32.12.3.rel1.macos64_1.0.200.202406191456/tools/bin/../lib/gcc/arm-none-eabi/12.3.1/thumb/v7e-m+fp/hard/crtbegin.o
 .ARM.attributes
                0x00000056       0x34 ./Core/Src/SEGGER_RTT.o
 .ARM.attributes
                0x0000008a       0x34 ./Core/Src/SEGGER_RTT_printf.o
 .ARM.attributes
                0x000000be       0x34 ./Core/Src/accelerometer.o
 .ARM.attributes
                0x000000f2       0x34 ./Core/Src/main.o
 .ARM.attributes
                0x00000126       0x34 ./Core/Src/stm32f4xx_hal_msp.o
 .ARM.attributes
                0x0000015a       0x34 ./Core/Src/stm32f4xx_it.o
 .ARM.attributes
                0x0000018e       0x34 ./Core/Src/sysmem.o
 .ARM.attributes
                0x000001c2       0x34 ./Core/Src/system_stm32f4xx.o
 .ARM.attributes
                0x000001f6       0x21 ./Core/Startup/startup_stm32f446retx.o
 .ARM.attributes
                0x00000217       0x34 ./Drivers/STM32F4xx_HAL_Driver/Src/stm32f4xx_hal.o
 .ARM.attributes
                0x0000024b       0x34 ./Drivers/STM32F4xx_HAL_Driver/Src/stm32f4xx_hal_cortex.o
 .ARM.attributes
                0x0000027f       0x34 ./Drivers/STM32F4xx_HAL_Driver/Src/stm32f4xx_hal_gpio.o
 .ARM.attributes
                0x000002b3       0x34 ./Drivers/STM32F4xx_HAL_Driver/Src/stm32f4xx_hal_i2c.o
 .ARM.attributes
                0x000002e7       0x34 ./Drivers/STM32F4xx_HAL_Driver/Src/stm32f4xx_hal_pcd.o
 .ARM.attributes
                0x0000031b       0x34 ./Drivers/STM32F4xx_HAL_Driver/Src/stm32f4xx_hal_pcd_ex.o
 .ARM.attributes
                0x0000034f       0x34 ./Drivers/STM32F4xx_HAL_Driver/Src/stm32f4xx_hal_rcc.o
 .ARM.attributes
                0x00000383       0x34 ./Drivers/STM32F4xx_HAL_Driver/Src/stm32f4xx_hal_rcc_ex.o
 .ARM.attributes
                0x000003b7       0x34 ./Drivers/STM32F4xx_HAL_Driver/Src/stm32f4xx_hal_spi.o
 .ARM.attributes
                0x000003eb       0x34 ./Drivers/STM32F4xx_HAL_Driver/Src/stm32f4xx_hal_tim.o
 .ARM.attributes
                0x0000041f       0x34 ./Drivers/STM32F4xx_HAL_Driver/Src/stm32f4xx_hal_tim_ex.o
 .ARM.attributes
                0x00000453       0x34 ./Drivers/STM32F4xx_HAL_Driver/Src/stm32f4xx_hal_uart.o
 .ARM.attributes
                0x00000487       0x34 ./Drivers/STM32F4xx_HAL_Driver/Src/stm32f4xx_ll_usb.o
 .ARM.attributes
                0x000004bb       0x34 ./Middlewares/ST/STM32_USB_Device_Library/Class/CDC/Src/usbd_cdc.o
 .ARM.attributes
                0x000004ef       0x34 ./Middlewares/ST/STM32_USB_Device_Library/Core/Src/usbd_core.o
 .ARM.attributes
                0x00000523       0x34 ./Middlewares/ST/STM32_USB_Device_Library/Core/Src/usbd_ctlreq.o
 .ARM.attributes
                0x00000557       0x34 ./Middlewares/ST/STM32_USB_Device_Library/Core/Src/usbd_ioreq.o
 .ARM.attributes
                0x0000058b       0x34 ./USB_DEVICE/App/usb_device.o
 .ARM.attributes
                0x000005bf       0x34 ./USB_DEVICE/App/usbd_cdc_if.o
 .ARM.attributes
                0x000005f3       0x34 ./USB_DEVICE/App/usbd_desc.o
 .ARM.attributes
                0x00000627       0x34 ./USB_DEVICE/Target/usbd_conf.o
 .ARM.attributes
                0x0000065b       0x34 /Applications/STM32CubeIDE.app/Contents/Eclipse/plugins/com.st.stm32cube.ide.mcu.externaltools.gnu-tools-for-stm32.12.3.rel1.macos64_1.0.200.202406191456/tools/bin/../lib/gcc/arm-none-eabi/12.3.1/../../../../arm-none-eabi/lib/thumb/v7e-m+fp/hard/libc_nano.a(libc_a-snprintf.o)
 .ARM.attributes
                0x0000068f       0x34 /Applications/STM32CubeIDE.app/Contents/Eclipse/plugins/com.st.stm32cube.ide.mcu.externaltools.gnu-tools-for-stm32.12.3.rel1.macos64_1.0.200.202406191456/tools/bin/../lib/gcc/arm-none-eabi/12.3.1/../../../../arm-none-eabi/lib/thumb/v7e-m+fp/hard/libc_nano.a(libc_a-findfp.o)
 .ARM.attributes
                0x000006c3       0x34 /Applications/STM32CubeIDE.app/Contents/Eclipse/plugins/com.st.stm32cube.ide.mcu.externaltools.gnu-tools-for-stm32.12.3.rel1.macos64_1.0.200.202406191456/tools/bin/../lib/gcc/arm-none-eabi/12.3.1/../../../../arm-none-eabi/lib/thumb/v7e-m+fp/hard/libc_nano.a(libc_a-memset.o)
 .ARM.attributes
                0x000006f7       0x34 /Applications/STM32CubeIDE.app/Contents/Eclipse/plugins/com.st.stm32cube.ide.mcu.externaltools.gnu-tools-for-stm32.12.3.rel1.macos64_1.0.200.202406191456/tools/bin/../lib/gcc/arm-none-eabi/12.3.1/../../../../arm-none-eabi/lib/thumb/v7e-m+fp/hard/libc_nano.a(libc_a-impure.o)
 .ARM.attributes