Archive member included to satisfy reference by file (symbol)

/Applications/STM32CubeIDE.app/Contents/Eclipse/plugins/com.st.stm32cube.ide.mcu.externaltools.gnu-tools-for-stm32.12.3.rel1.macos64_1.0.200.202406191456/tools/bin/../lib/gcc/arm-none-eabi/12.3.1/../../../../arm-none-eabi/lib/thumb/v7e-m+fp/hard/libc_nano.a(libc_a-exit.o)
                              /Applications/STM32CubeIDE.app/Contents/Eclipse/plugins/com.st.stm32cube.ide.mcu.externaltools.gnu-tools-for-stm32.12.3.rel1.macos64_1.0.200.202406191456/tools/bin/../lib/gcc/arm-none-eabi/12.3.1/../../../../arm-none-eabi/lib/thumb/v7e-m+fp/hard/crt0.o (exit)
/Applications/STM32CubeIDE.app/Contents/Eclipse/plugins/com.st.stm32cube.ide.mcu.externaltools.gnu-tools-for-stm32.12.3.rel1.macos64_1.0.200.202406191456/tools/bin/../lib/gcc/arm-none-eabi/12.3.1/../../../../arm-none-eabi/lib/thumb/v7e-m+fp/hard/libc_nano.a(libc_a-snprintf.o)
                              ./Core/Src/main.o (snprintf)
/Applications/STM32CubeIDE.app/Contents/Eclipse/plugins/com.st.stm32cube.ide.mcu.externaltools.gnu-tools-for-stm32.12.3.rel1.macos64_1.0.200.202406191456/tools/bin/../lib/gcc/arm-none-eabi/12.3.1/../../../../arm-none-eabi/lib/thumb/v7e-m+fp/hard/libc_nano.a(libc_a-findfp.o)
                              /Applications/STM32CubeIDE.app/Contents/Eclipse/plugins/com.st.stm32cube.ide.mcu.externaltools.gnu-tools-for-stm32.12.3.rel1.macos64_1.0.200.202406191456/tools/bin/../lib/gcc/arm-none-eabi/12.3.1/../../../../arm-none-eabi/lib/thumb/v7e-m+fp/hard/libc_nano.a(libc_a-exit.o) (__stdio_exit_handler)
/Applications/STM32CubeIDE.app/Contents/Eclipse/plugins/com.st.stm32cube.ide.mcu.externaltools.gnu-tools-for-stm32.12.3.rel1.macos64_1.0.200.202406191456/tools/bin/../lib/gcc/arm-none-eabi/12.3.1/../../../../arm-none-eabi/lib/thumb/v7e-m+fp/hard/libc_nano.a(libc_a-fwalk.o)
                              /Applications/STM32CubeIDE.app/Contents/Eclipse/plugins/com.st.stm32cube.ide.mcu.externaltools.gnu-tools-for-stm32.12.3.rel1.macos64_1.0.200.202406191456/tools/bin/../lib/gcc/arm-none-eabi/12.3.1/../../../../arm-none-eabi/lib/thumb/v7e-m+fp/hard/libc_nano.a(libc_a-findfp.o) (_fwalk_sglue)
/Applications/STM32CubeIDE.app/Contents/Eclipse/plugins/com.st.stm32cube.ide.mcu.externaltools.gnu-tools-for-stm32.12.3.rel1.macos64_1.0.200.202406191456/tools/bin/../lib/gcc/arm-none-eabi/12.3.1/../../../../arm-none-eabi/lib/thumb/v7e-m+fp/hard/libc_nano.a(libc_a-memset.o)
                              /Applications/STM32CubeIDE.app/Contents/Eclipse/plugins/com.st.stm32cube.ide.mcu.externaltools.gnu-tools-for-stm32.12.3.rel1.macos64_1.0.200.202406191456/tools/bin/../lib/gcc/arm-none-eabi/12.3.1/../../../../arm-none-eabi/lib/thumb/v7e-m+fp/hard/crt0.o (memset)
/Applications/STM32CubeIDE.app/Contents/Eclipse/plugins/com.st.stm32cube.ide.mcu.externaltools.gnu-tools-for-stm32.12.3.rel1.macos64_1.0.200.202406191456/tools/bin/../lib/gcc/arm-none-eabi/12.3.1/../../../../arm-none-eabi/lib/thumb/v7e-m+fp/hard/libc_nano.a(libc_a-impure.o)
                              /Applications/STM32CubeIDE.app/Contents/Eclipse/plugins/com.st.stm32cube.ide.mcu.externaltools.gnu-tools-for-stm32.12.3.rel1.macos64_1.0.200.202406191456/tools/bin/../lib/gcc/arm-none-eabi/12.3.1/../../../../arm-none-eabi/lib/thumb/v7e-m+fp/hard/libc_nano.a(libc_a-snprintf.o) (_impure_ptr)
/Applications/STM32CubeIDE.app/Contents/Eclipse/plugins/com.st.stm32cube.ide.mcu.externaltools.gnu-tools-for-stm32.12.3.rel1.macos64_1.0.200.202406191456/tools/bin/../lib/gcc/arm-none-eabi/12.3.1/../../../../arm-none-eabi/lib/thumb/v7e-m+fp/hard/libc_nano.a(libc_a-errno.o)
                              ./Core/Src/syscalls.o (__errno)
/Applications/STM32CubeIDE.app/Contents/Eclipse/plugins/com.st.stm32cube.ide.mcu.externaltools.gnu-tools-for-stm32.12.3.rel1.macos64_1.0.200.202406191456/tools/bin/../lib/gcc/arm-none-eabi/12.3.1/../../../../arm-none-eabi/lib/thumb/v7e-m+fp/hard/libc_nano.a(libc_a-init.o)
                              /Applications/STM32CubeIDE.app/Contents/Eclipse/plugins/com.st.stm32cube.ide.mcu.externaltools.gnu-tools-for-stm32.12.3.rel1.macos64_1.0.200.202406191456/tools/bin/../lib/gcc/arm-none-eabi/12.3.1/../../../../arm-none-eabi/lib/thumb/v7e-m+fp/hard/crt0.o (__libc_init_array)
/Applications/STM32CubeIDE.app/Contents/Eclipse/plugins/com.st.stm32cube.ide.mcu.externaltools.gnu-tools-for-stm32.12.3.rel1.macos64_1.0.200.202406191456/tools/bin/../lib/gcc/arm-none-eabi/12.3.1/../../../../arm-none-eabi/lib/thumb/v7e-m+fp/hard/libc_nano.a(libc_a-lock.o)
                              /Applications/STM32CubeIDE.app/Contents/Eclipse/plugins/com.st.stm32cube.ide.mcu.externaltools.gnu-tools-for-stm32.12.3.rel1.macos64_1.0.200.202406191456/tools/bin/../lib/gcc/arm-none-eabi/12.3.1/../../../../arm-none-eabi/lib/thumb/v7e-m+fp/hard/libc_nano.a(libc_a-findfp.o) (__retarget_lock_init_recursive)
[...]
Memory Configuration

Name             Origin             Length             Attributes
RAM              0x20000000         0x00020000         xrw
FLASH            0x08000000         0x00080000         xr
*default*        0x00000000         0xffffffff

Linker script and memory map

LOAD /Applications/STM32CubeIDE.app/Contents/Eclipse/plugins/com.st.stm32cube.ide.mcu.externaltools.gnu-tools-for-stm32.12.3.rel1.macos64_1.0.200.202406191456/tools/bin/../lib/gcc/arm-none-eabi/12.3.1/thumb/v7e-m+fp/hard/crti.o
LOAD /Applications/STM32CubeIDE.app/Contents/Eclipse/plugins/com.st.stm32cube.ide.mcu.externaltools.gnu-tools-for-stm32.12.3.rel1.macos64_1.0.200.202406191456/tools/bin/../lib/gcc/arm-none-eabi/12.3.1/thumb/v7e-m+fp/hard/crtbegin.o
LOAD /Applications/STM32CubeIDE.app/Contents/Eclipse/plugins/com.st.stm32cube.ide.mcu.externaltools.gnu-tools-for-stm32.12.3.rel1.macos64_1.0.200.202406191456/tools/bin/../lib/gcc/arm-none-eabi/12.3.1/../../../../arm-none-eabi/lib/thumb/v7e-m+fp/hard/crt0.o
LOAD ./Core/Src/SEGGER_RTT.o
LOAD ./Core/Src/SEGGER_RTT_printf.o
LOAD ./Core/Src/accelerometer.o
LOAD ./Core/Src/lsm6dso.o
LOAD ./Core/Src/lsm6dso_reg.o
LOAD ./Core/Src/main.o
LOAD ./Core/Src/stm32f4xx_hal_msp.o
LOAD ./Core/Src/stm32f4xx_it.o
LOAD ./Core/Src/syscalls.o
LOAD ./Core/Src/sysmem.o
LOAD ./Core/Src/system_stm32f4xx.o
LOAD ./Core/Startup/startup_stm32f446retx.o
LOAD ./Drivers/STM32F4xx_HAL_Driver/Src/stm32f4xx_hal.o
LOAD ./Drivers/STM32F4xx_HAL_Driver/Src/stm32f4xx_hal_adc.o
LOAD ./Drivers/STM32F4xx_HAL_Driver/Src/stm32f4xx_hal_adc_ex.o
LOAD ./Drivers/STM32F4xx_HAL_Driver/Src/stm32f4xx_hal_cortex.o
LOAD ./Drivers/STM32F4xx_HAL_Driver/Src/stm32f4xx_hal_dma.o
LOAD ./Drivers/STM32F4xx_HAL_Driver/Src/stm32f4xx_hal_dma_ex.o
LOAD ./Drivers/STM32F4xx_HAL_Driver/Src/stm32f4xx_hal_exti.o
LOAD ./Drivers/STM32F4xx_HAL_Driver/Src/stm32f4xx_hal_flash.o
LOAD ./Drivers/STM32F4xx_HAL_Driver/Src/stm32f4xx_hal_flash_ex.o
LOAD ./Drivers/STM32F4xx_HAL_Driver/Src/stm32f4xx_hal_flash_ramfunc.o
LOAD ./Drivers/STM32F4xx_HAL_Driver/Src/stm32f4xx_hal_gpio.o
LOAD ./Drivers/STM32F4xx_HAL_Driver/Src/stm32f4xx_hal_i2c.o
LOAD ./Drivers/STM32F4xx_HAL_Driver/Src/stm32f4xx_hal_i2c_ex.o
LOAD ./Drivers/STM32F4xx_HAL_Driver/Src/stm32f4xx_hal_pcd.o
LOAD ./Drivers/STM32F4xx_HAL_Driver/Src/stm32f4xx_hal_pcd_ex.o
LOAD ./Drivers/STM32F4xx_HAL_Driver/Src/stm32f4xx_hal_pwr.o
LOAD ./Drivers/STM32F4xx_HAL_Driver/Src/stm32f4xx_hal_pwr_ex.o
LOAD ./Drivers/STM32F4xx_HAL_Driver/Src/stm32f4xx_hal_rcc.o
LOAD ./Drivers/STM32F4xx_HAL_Driver/Src/stm32f4xx_hal_rcc_ex.o
LOAD ./Drivers/STM32F4xx_HAL_Driver/Src/stm32f4xx_hal_spi.o
LOAD ./Drivers/STM32F4xx_HAL_Driver/Src/stm32f4xx_hal_tim.o
LOAD ./Drivers/STM32F4xx_HAL_Driver/Src/stm32f4xx_hal_tim_ex.o
LOAD ./Drivers/STM32F4xx_HAL_Driver/Src/stm32f4xx_hal_uart.o
LOAD ./Drivers/STM32F4xx_HAL_Driver/Src/stm32f4xx_ll_adc.o
LOAD ./Drivers/STM32F4xx_HAL_Driver/Src/stm32f4xx_ll_usb.o
LOAD ./Middlewares/ST/STM32_USB_Device_Library/Class/CDC/Src/usbd_cdc.o
LOAD ./Middlewares/ST/STM32_USB_Device_Library/Core/Src/usbd_core.o
LOAD ./Middlewares/ST/STM32_USB_Device_Library/Core/Src/usbd_ctlreq.o
LOAD ./Middlewares/ST/STM32_USB_Device_Library/Core/Src/usbd_ioreq.o
LOAD ./USB_DEVICE/App/usb_device.o
LOAD ./USB_DEVICE/App/usbd_cdc_if.o
LOAD ./USB_DEVICE/App/usbd_desc.o
LOAD ./USB_DEVICE/Target/usbd_conf.o
START GROUP
LOAD /Applications/STM32CubeIDE.app/Contents/Eclipse/plugins/com.st.stm32cube.ide.mcu.externaltools.gnu-tools-for-stm32.12.3.rel1.macos64_1.0.200.202406191456/tools/bin/../lib/gcc/arm-none-eabi/12.3.1/../../../../arm-none-eabi/lib/thumb/v7e-m+fp/hard/libc_nano.a
LOAD /Applications/STM32CubeIDE.app/Contents/Eclipse/plugins/com.st.stm32cube.ide.mcu.externaltools.gnu-tools-for-stm32.12.3.rel1.macos64_1.0.200.202406191456/tools/bin/../lib/gcc/arm-none-eabi/12.3.1/../../../../arm-none-eabi/lib/thumb/v7e-m+fp/hard/libm.a
END GROUP
START GROUP
LOAD /Applications/STM32CubeIDE.app/Contents/Eclipse/plugins/com.st.stm32cube.ide.mcu.externaltools.gnu-tools-for-stm32.12.3.rel1.macos64_1.0.200.202406191456/tools/bin/../lib/gcc/arm-none-eabi/12.3.1/thumb/v7e-m+fp/hard/libgcc.a
LOAD /Applications/STM32CubeIDE.app/Contents/Eclipse/plugins/com.st.stm32cube.ide.mcu.externaltools.gnu-tools-for-stm32.12.3.rel1.macos64_1.0.200.202406191456/tools/bin/../lib/gcc/arm-none-eabi/12.3.1/../../../../arm-none-eabi/lib/thumb/v7e-m+fp/hard/libc_nano.a
END GROUP
START GROUP
LOAD /Applications/STM32CubeIDE.app/Contents/Eclipse/plugins/com.st.stm32cube.ide.mcu.externaltools.gnu-tools-for-stm32.12.3.rel1.macos64_1.0.200.202406191456/tools/bin/../lib/gcc/arm-none-eabi/12.3.1/thumb/v7e-m+fp/hard/libgcc.a
LOAD /Applications/STM32CubeIDE.app/Contents/Eclipse/plugins/com.st.stm32cube.ide.mcu.externaltools.gnu-tools-for-stm32.12.3.rel1.macos64_1.0.200.202406191456/tools/bin/../lib/gcc/arm-none-eabi/12.3.1/../../../../arm-none-eabi/lib/thumb/v7e-m+fp/hard/libc_nano.a
LOAD /Applications/STM32CubeIDE.app/Contents/Eclipse/plugins/com.st.stm32cube.ide.mcu.externaltools.gnu-tools-for-stm32.12.3.rel1.macos64_1.0.200.202406191456/tools/bin/../lib/gcc/arm-none-eabi/12.3.1/../../../../arm-none-eabi/lib/thumb/v7e-m+fp/hard/libnosys.a
END GROUP
START GROUP
LOAD /Applications/STM32CubeIDE.app/Contents/Eclipse/plugins/com.st.stm32cube.ide.mcu.externaltools.gnu-tools-for-stm32.12.3.rel1.macos64_1.0.200.202406191456/tools/bin/../lib/gcc/arm-none-eabi/12.3.1/thumb/v7e-m+fp/hard/libgcc.a
LOAD /Applications/STM32CubeIDE.app/Contents/Eclipse/plugins/com.st.stm32cube.ide.mcu.externaltools.gnu-tools-for-stm32.12.3.rel1.macos64_1.0.200.202406191456/tools/bin/../lib/gcc/arm-none-eabi/12.3.1/../../../../arm-none-eabi/lib/thumb/v7e-m+fp/hard/libc_nano.a
LOAD /Applications/STM32CubeIDE.app/Contents/Eclipse/plugins/com.st.stm32cube.ide.mcu.externaltools.gnu-tools-for-stm32.12.3.rel1.macos64_1.0.200.202406191456/tools/bin/../lib/gcc/arm-none-eabi/12.3.1/../../../../arm-none-eabi/lib/thumb/v7e-m+fp/hard/libnosys.a
END GROUP
LOAD /Applications/STM32CubeIDE.app/Contents/Eclipse/plugins/com.st.stm32cube.ide.mcu.externaltools.gnu-tools-for-stm32.12.3.rel1.macos64_1.0.200.202406191456/tools/bin/../lib/gcc/arm-none-eabi/12.3.1/thumb/v7e-m+fp/hard/crtend.o
LOAD /Applications/STM32CubeIDE.app/Contents/Eclipse/plugins/com.st.stm32cube.ide.mcu.externaltools.gnu-tools-for-stm32.12.3.rel1.macos64_1.0.200.202406191456/tools/bin/../lib/gcc/arm-none-eabi/12.3.1/thumb/v7e-m+fp/hard/crtn.o
                0x20020000                        _estack = (ORIGIN (RAM) + LENGTH (RAM))
                0x00000200                        _Min_Heap_Size = 0x200
                0x00000400                        _Min_Stack_Size = 0x400

.isr_vector     0x08000000      0x1c4
                0x08000000                        . = ALIGN (0x4)
 *(.isr_vector)
 .isr_vector    0x08000000      0x1c4 ./Core/Startup/startup_stm32f446retx.o
                0x08000000                g_pfnVectors
                0x080001c4                        . = ALIGN (0x4)

.text           0x080001d0     0xdae4
                0x080001d0                        . = ALIGN (0x4)
 *(.text)
 .text          0x080001d0       0x40 /Applications/STM32CubeIDE.app/Contents/Eclipse/plugins/com.st.stm32cube.ide.mcu.externaltools.gnu-tools-for-stm32.12.3.rel1.macos64_1.0.200.202406191456/tools/bin/../lib/gcc/arm-none-eabi/12.3.1/thumb/v7e-m+fp/hard/crtbegin.o
 .text          0x08000210       0xa0 /Applications/STM32CubeIDE.app/Contents/Eclipse/plugins/com.st.stm32cube.ide.mcu.externaltools.gnu-tools-for-stm32.12.3.rel1.macos64_1.0.200.202406191456/tools/bin/../lib/gcc/arm-none-eabi/12.3.1/../../../../arm-none-eabi/lib/thumb/v7e-m+fp/hard/libc_nano.a(libc_a-memchr.o)
                0x08000210                memchr
 .text          0x080002b0      0x378 /Applications/STM32CubeIDE.app/Contents/Eclipse/plugins/com.st.stm32cube.ide.mcu.externaltools.gnu-tools-for-stm32.12.3.rel1.macos64_1.0.200.202406191456/tools/bin/../lib/gcc/arm-none-eabi/12.3.1/thumb/v7e-m+fp/hard/libgcc.a(_arm_addsubdf3.o)
                0x080002b0                __aeabi_drsub
                0x080002b8                __subdf3
                0x080002b8                __aeabi_dsub
                0x080002bc                __aeabi_dadd
                0x080002bc                __adddf3
                0x08000534                __aeabi_ui2d
                0x08000534                __floatunsidf
                0x08000554                __floatsidf
                0x08000554                __aeabi_i2d
                0x08000578                __extendsfdf2
                0x08000578                __aeabi_f2d
                0x080005bc                __aeabi_ul2d
                0x080005bc                __floatundidf
                0x080005cc                __aeabi_l2d
                0x080005cc                __floatdidf
 .text          0x08000628      0x424 /Applications/STM32CubeIDE.app/Contents/Eclipse/plugins/com.st.stm32cube.ide.mcu.externaltools.gnu-tools-for-stm32.12.3.rel1.macos64_1.0.200.202406191456/tools/bin/../lib/gcc/arm-none-eabi/12.3.1/thumb/v7e-m+fp/hard/libgcc.a(_arm_muldivdf3.o)
                0x08000628                __aeabi_dmul
                0x08000628                __muldf3
                0x0800087c                __aeabi_ddiv
                0x0800087c                __divdf3
 .text          0x08000a4c       0xa0 /Applications/STM32CubeIDE.app/Contents/Eclipse/plugins/com.st.stm32cube.ide.mcu.externaltools.gnu-tools-for-stm32.12.3.rel1.macos64_1.0.200.202406191456/tools/bin/../lib/gcc/arm-none-eabi/12.3.1/thumb/v7e-m+fp/hard/libgcc.a(_arm_truncdfsf2.o)
                0x08000a4c                __aeabi_d2f
                0x08000a4c                __truncdfsf2
 .text          0x08000aec       0x30 /Applications/STM32CubeIDE.app/Contents/Eclipse/plugins/com.st.stm32cube.ide.mcu.externaltools.gnu-tools-for-stm32.12.3.rel1.macos64_1.0.200.202406191456/tools/bin/../lib/gcc/arm-none-eabi/12.3.1/thumb/v7e-m+fp/hard/libgcc.a(_aeabi_uldivmod.o)
                0x08000aec                __aeabi_uldivmod
 .text          0x08000b1c      0x2bc /Applications/STM32CubeIDE.app/Contents/Eclipse/plugins/com.st.stm32cube.ide.mcu.externaltools.gnu-tools-for-stm32.12.3.rel1.macos64_1.0.200.202406191456/tools/bin/../lib/gcc/arm-none-eabi/12.3.1/thumb/v7e-m+fp/hard/libgcc.a(_udivmoddi4.o)
                0x08000b1c                __udivmoddi4
 .text          0x08000dd8        0x4 /Applications/STM32CubeIDE.app/Contents/Eclipse/plugins/com.st.stm32cube.ide.mcu.externaltools.gnu-tools-for-stm32.12.3.rel1.macos64_1.0.200.202406191456/tools/bin/../lib/gcc/arm-none-eabi/12.3.1/thumb/v7e-m+fp/hard/libgcc.a(_dvmd_tls.o)
                0x08000dd8                __aeabi_ldiv0
                0x08000dd8                __aeabi_idiv0
 *(.text*)
 .text._DoInit  0x08000ddc       0xb4 ./Core/Src/SEGGER_RTT.o
 .text._WriteBlocking
                0x08000e90       0xba ./Core/Src/SEGGER_RTT.o
 .text._WriteNoCheck
                0x08000f4a       0x90 ./Core/Src/SEGGER_RTT.o
 .text._GetAvailWriteSpace
                0x08000fda       0x46 ./Core/Src/SEGGER_RTT.o
 .text.SEGGER_RTT_WriteNoLock
                0x08001020       0xa0 ./Core/Src/SEGGER_RTT.o
                0x08001020                SEGGER_RTT_WriteNoLock
 .text.SEGGER_RTT_Write
                0x080010c0       0x4c ./Core/Src/SEGGER_RTT.o
                0x080010c0                SEGGER_RTT_Write
 .text._StoreChar
                0x0800110c       0x7c ./Core/Src/SEGGER_RTT_printf.o
 .text._PrintUnsigned
                0x08001188      0x158 ./Core/Src/SEGGER_RTT_printf.o
 .text._PrintInt
                0x080012e0      0x14e ./Core/Src/SEGGER_RTT_printf.o
 *fill*         0x0800142e        0x2 
 .text.SEGGER_RTT_vprintf
                0x08001430      0x3a8 ./Core/Src/SEGGER_RTT_printf.o
                0x08001430                SEGGER_RTT_vprintf
 .text.SEGGER_RTT_printf
                0x080017d8       0x30 ./Core/Src/SEGGER_RTT_printf.o
                0x080017d8                SEGGER_RTT_printf
 .text.accWrite
                0x08001808       0x54 ./Core/Src/accelerometer.o
                0x08001808                accWrite
 .text.accRead  0x0800185c       0x68 ./Core/Src/accelerometer.o
                0x0800185c                accRead
 .text.accInit  0x080018c4      0x158 ./Core/Src/accelerometer.o
                0x080018c4                accInit
 .text.accTask  0x08001a1c      0x178 ./Core/Src/accelerometer.o
                0x08001a1c                accTask
 .text.readTemp
                0x08001b94       0x68 ./Core/Src/accelerometer.o
                0x08001b94                readTemp
 .text.readGyro
                0x08001bfc      0x178 ./Core/Src/accelerometer.o
                0x08001bfc                readGyro
 .text.firFilterInit
                0x08001d74       0x46 ./Core/Src/accelerometer.o
                0x08001d74                firFilterInit
 *fill*         0x08001dba        0x2 
 .text.firFilterUpdate
                0x08001dbc       0xfc ./Core/Src/accelerometer.o
                0x08001dbc                firFilterUpdate
 .text.HAL_TIM_PeriodElapsedCallback
                0x08001eb8       0x38 ./Core/Src/main.o
                0x08001eb8                HAL_TIM_PeriodElapsedCallback
 .text.motorInit
                0x08001ef0       0x9c ./Core/Src/main.o
                0x08001ef0                motorInit
 .text.forward  0x08001f8c       0x7c ./Core/Src/main.o
                0x08001f8c                forward
 .text.reverse  0x08002008       0x7c ./Core/Src/main.o
                0x08002008                reverse
 .text.left     0x08002084       0x7c ./Core/Src/main.o
                0x08002084                left
 .text.right    0x08002100       0x7c ./Core/Src/main.o
                0x08002100                right
 .text.stopMotors
                0x0800217c       0x34 ./Core/Src/main.o
                0x0800217c                stopMotors
 .text.HAL_TIM_IC_CaptureCallback
                0x080021b0      0x13c ./Core/Src/main.o
                0x080021b0                HAL_TIM_IC_CaptureCallback
 .text.main     0x080022ec      0x194 ./Core/Src/main.o
                0x080022ec                main
 .text.SystemClock_Config
                0x08002480       0xd8 ./Core/Src/main.o
                0x08002480                SystemClock_Config
 .text.MX_ADC1_Init
                0x08002558       0xa4 ./Core/Src/main.o
 .text.MX_I2C3_Init
                0x080025fc       0x5c ./Core/Src/main.o
 .text.MX_SPI1_Init
                0x08002658       0x6c ./Core/Src/main.o
 .text.MX_TIM1_Init
                0x080026c4       0xa0 ./Core/Src/main.o
 .text.MX_TIM2_Init
                0x08002764      0x120 ./Core/Src/main.o
 .text.MX_TIM3_Init
                0x08002884       0xf4 ./Core/Src/main.o
 .text.MX_TIM4_Init
                0x08002978       0xf4 ./Core/Src/main.o
 .text.MX_TIM7_Init
                0x08002a6c       0x6c ./Core/Src/main.o
 .text.MX_TIM10_Init
                0x08002ad8       0x48 ./Core/Src/main.o
 .text.MX_TIM14_Init
                0x08002b20       0x48 ./Core/Src/main.o
 .text.MX_USART1_UART_Init
                0x08002b68       0x54 ./Core/Src/main.o
 .text.MX_GPIO_Init
                0x08002bbc      0x134 ./Core/Src/main.o
 .text.Error_Handler
                0x08002cf0        0xc ./Core/Src/main.o
                0x08002cf0                Error_Handler
 .text.HAL_MspInit
                0x08002cfc       0x50 ./Core/Src/stm32f4xx_hal_msp.o
                0x08002cfc                HAL_MspInit
 .text.HAL_ADC_MspInit
                0x08002d4c       0x88 ./Core/Src/stm32f4xx_hal_msp.o
                0x08002d4c                HAL_ADC_MspInit
 .text.HAL_I2C_MspInit
                0x08002dd4       0xd4 ./Core/Src/stm32f4xx_hal_msp.o
                0x08002dd4                HAL_I2C_MspInit
 .text.HAL_SPI_MspInit
                0x08002ea8       0x90 ./Core/Src/stm32f4xx_hal_msp.o
                0x08002ea8                HAL_SPI_MspInit
 .text.HAL_TIM_Base_MspInit
                0x08002f38      0x1b0 ./Core/Src/stm32f4xx_hal_msp.o
                0x08002f38                HAL_TIM_Base_MspInit
 .text.HAL_TIM_PWM_MspInit
                0x080030e8       0x70 ./Core/Src/stm32f4xx_hal_msp.o
                0x080030e8                HAL_TIM_PWM_MspInit
 .text.HAL_TIM_MspPostInit
                0x08003158      0x100 ./Core/Src/stm32f4xx_hal_msp.o
                0x08003158                HAL_TIM_MspPostInit
 .text.HAL_UART_MspInit
                0x08003258       0x90 ./Core/Src/stm32f4xx_hal_msp.o
                0x08003258                HAL_UART_MspInit
 .text.NMI_Handler
                0x080032e8        0x8 ./Core/Src/stm32f4xx_it.o
                0x080032e8                NMI_Handler
 .text.HardFault_Handler
                0x080032f0        0x8 ./Core/Src/stm32f4xx_it.o
                0x080032f0                HardFault_Handler
 .text.MemManage_Handler
                0x080032f8        0x8 ./Core/Src/stm32f4xx_it.o
                0x080032f8                MemManage_Handler
 .text.BusFault_Handler
                0x08003300        0x8 ./Core/Src/stm32f4xx_it.o
                0x08003300                BusFault_Handler
 .text.UsageFault_Handler
                0x08003308        0x8 ./Core/Src/stm32f4xx_it.o
                0x08003308                UsageFault_Handler
 .text.SVC_Handler
                0x08003310        0xe ./Core/Src/stm32f4xx_it.o
                0x08003310                SVC_Handler
 .text.DebugMon_Handler
                0x0800331e        0xe ./Core/Src/stm32f4xx_it.o
                0x0800331e                DebugMon_Handler
 .text.PendSV_Handler
                0x0800332c        0xe ./Core/Src/stm32f4xx_it.o
                0x0800332c                PendSV_Handler
 .text.SysTick_Handler
                0x0800333a        0xc ./Core/Src/stm32f4xx_it.o
                0x0800333a                SysTick_Handler
 *fill*         0x08003346        0x2 
 .text.TIM1_UP_TIM10_IRQHandler
                0x08003348       0x1c ./Core/Src/stm32f4xx_it.o
                0x08003348                TIM1_UP_TIM10_IRQHandler
 .text.TIM7_IRQHandler
                0x08003364       0x14 ./Core/Src/stm32f4xx_it.o
                0x08003364                TIM7_IRQHandler
 .text.OTG_FS_IRQHandler
                0x08003378       0x14 ./Core/Src/stm32f4xx_it.o
                0x08003378                OTG_FS_IRQHandler
 .text._sbrk    0x0800338c       0x6c ./Core/Src/sysmem.o
                0x0800338c                _sbrk
 .text.SystemInit
                0x080033f8       0x24 ./Core/Src/system_stm32f4xx.o
                0x080033f8                SystemInit
 .text.Reset_Handler
                0x0800341c       0x50 ./Core/Startup/startup_stm32f446retx.o
                0x0800341c                Reset_Handler
 .text.Default_Handler
                0x0800346c        0x2 ./Core/Startup/startup_stm32f446retx.o
                0x0800346c                DMA1_Stream3_IRQHandler
                0x0800346c                EXTI2_IRQHandler
                0x0800346c                TIM8_CC_IRQHandler
                0x0800346c                FMPI2C1_EV_IRQHandler
                0x0800346c                SPI4_IRQHandler
                0x0800346c                TIM1_CC_IRQHandler
                0x0800346c                DMA2_Stream5_IRQHandler
                0x0800346c                DMA1_Stream5_IRQHandler
                0x0800346c                PVD_IRQHandler
                0x0800346c                SDIO_IRQHandler
                0x0800346c                TAMP_STAMP_IRQHandler
                0x0800346c                CAN2_RX1_IRQHandler
                0x0800346c                EXTI3_IRQHandler
                0x0800346c                TIM8_TRG_COM_TIM14_IRQHandler
                0x0800346c                TIM8_UP_TIM13_IRQHandler
                0x0800346c                I2C3_ER_IRQHandler
                0x0800346c                EXTI0_IRQHandler
                0x0800346c                I2C2_EV_IRQHandler
                0x0800346c                DMA1_Stream2_IRQHandler
                0x0800346c                CAN1_RX0_IRQHandler
                0x0800346c                FPU_IRQHandler
                0x0800346c                OTG_HS_WKUP_IRQHandler
                0x0800346c                CAN2_SCE_IRQHandler
                0x0800346c                DMA2_Stream2_IRQHandler
                0x0800346c                SPI1_IRQHandler
                0x0800346c                TIM6_DAC_IRQHandler
                0x0800346c                TIM1_BRK_TIM9_IRQHandler
                0x0800346c                DCMI_IRQHandler
                0x0800346c                CAN2_RX0_IRQHandler
                0x0800346c                DMA2_Stream3_IRQHandler
                0x0800346c                SAI2_IRQHandler
                0x0800346c                USART6_IRQHandler
                0x0800346c                USART3_IRQHandler
                0x0800346c                CAN1_RX1_IRQHandler
                0x0800346c                UART5_IRQHandler
                0x0800346c                DMA2_Stream0_IRQHandler
                0x0800346c                TIM4_IRQHandler
                0x0800346c                QUADSPI_IRQHandler
                0x0800346c                I2C1_EV_IRQHandler
                0x0800346c                DMA1_Stream6_IRQHandler
                0x0800346c                DMA1_Stream1_IRQHandler
                0x0800346c                UART4_IRQHandler
                0x0800346c                TIM3_IRQHandler
                0x0800346c                RCC_IRQHandler
                0x0800346c                TIM8_BRK_TIM12_IRQHandler
                0x0800346c                Default_Handler
                0x0800346c                CEC_IRQHandler
                0x0800346c                EXTI15_10_IRQHandler
                0x0800346c                ADC_IRQHandler
                0x0800346c                DMA1_Stream7_IRQHandler
                0x0800346c                CAN2_TX_IRQHandler
                0x0800346c                TIM5_IRQHandler
                0x0800346c                DMA2_Stream7_IRQHandler
                0x0800346c                I2C3_EV_IRQHandler
                0x0800346c                EXTI9_5_IRQHandler
                0x0800346c                RTC_WKUP_IRQHandler
                0x0800346c                SPDIF_RX_IRQHandler
                0x0800346c                SPI2_IRQHandler
                0x0800346c                OTG_HS_EP1_IN_IRQHandler
                0x0800346c                DMA1_Stream0_IRQHandler
                0x0800346c                CAN1_TX_IRQHandler
                0x0800346c                FMPI2C1_ER_IRQHandler
                0x0800346c                EXTI4_IRQHandler
                0x0800346c                OTG_HS_EP1_OUT_IRQHandler
                0x0800346c                WWDG_IRQHandler
                0x0800346c                TIM2_IRQHandler
                0x0800346c                OTG_FS_WKUP_IRQHandler
                0x0800346c                TIM1_TRG_COM_TIM11_IRQHandler
                0x0800346c                OTG_HS_IRQHandler
                0x0800346c                EXTI1_IRQHandler
                0x0800346c                USART2_IRQHandler
                0x0800346c                I2C2_ER_IRQHandler
                0x0800346c                DMA2_Stream1_IRQHandler
                0x0800346c                CAN1_SCE_IRQHandler
                0x0800346c                FLASH_IRQHandler
                0x0800346c                DMA2_Stream4_IRQHandler
                0x0800346c                USART1_IRQHandler
                0x0800346c                SPI3_IRQHandler
                0x0800346c                DMA1_Stream4_IRQHandler
                0x0800346c                I2C1_ER_IRQHandler
                0x0800346c                FMC_IRQHandler
                0x0800346c                DMA2_Stream6_IRQHandler
                0x0800346c                SAI1_IRQHandler
                0x0800346c                RTC_Alarm_IRQHandler
 *fill*         0x0800346e        0x2 
 .text.HAL_Init
                0x08003470       0x44 ./Drivers/STM32F4xx_HAL_Driver/Src/stm32f4xx_hal.o
                0x08003470                HAL_Init
 .text.HAL_InitTick
                0x080034b4       0x60 ./Drivers/STM32F4xx_HAL_Driver/Src/stm32f4xx_hal.o
                0x080034b4                HAL_InitTick
 .text.HAL_IncTick
                0x08003514       0x28 ./Drivers/STM32F4xx_HAL_Driver/Src/stm32f4xx_hal.o
                0x08003514                HAL_IncTick
 .text.HAL_GetTick
                0x0800353c       0x18 ./Drivers/STM32F4xx_HAL_Driver/Src/stm32f4xx_hal.o
                0x0800353c                HAL_GetTick
 .text.HAL_Delay
                0x08003554       0x48 ./Drivers/STM32F4xx_HAL_Driver/Src/stm32f4xx_hal.o
                0x08003554                HAL_Delay
 .text.HAL_ADC_Init
                0x0800359c       0x86 ./Drivers/STM32F4xx_HAL_Driver/Src/stm32f4xx_hal_adc.o
                0x0800359c                HAL_ADC_Init
 *fill*         0x08003622        0x2 
 .text.HAL_ADC_ConfigChannel
                0x08003624      0x264 ./Drivers/STM32F4xx_HAL_Driver/Src/stm32f4xx_hal_adc.o
                0x08003624                HAL_ADC_ConfigChannel
 .text.ADC_Init
                0x08003888      0x1f8 ./Drivers/STM32F4xx_HAL_Driver/Src/stm32f4xx_hal_adc.o
 .text.__NVIC_SetPriorityGrouping
                0x08003a80       0x48 ./Drivers/STM32F4xx_HAL_Driver/Src/stm32f4xx_hal_cortex.o
 .text.__NVIC_GetPriorityGrouping
                0x08003ac8       0x1c ./Drivers/STM32F4xx_HAL_Driver/Src/stm32f4xx_hal_cortex.o
 .text.__NVIC_EnableIRQ
                0x08003ae4       0x3c ./Drivers/STM32F4xx_HAL_Driver/Src/stm32f4xx_hal_cortex.o
 .text.__NVIC_SetPriority
                0x08003b20       0x54 ./Drivers/STM32F4xx_HAL_Driver/Src/stm32f4xx_hal_cortex.o
 .text.NVIC_EncodePriority
                0x08003b74       0x66 ./Drivers/STM32F4xx_HAL_Driver/Src/stm32f4xx_hal_cortex.o
 *fill*         0x08003bda        0x2 
 .text.SysTick_Config
                0x08003bdc       0x44 ./Drivers/STM32F4xx_HAL_Driver/Src/stm32f4xx_hal_cortex.o
 .text.HAL_NVIC_SetPriorityGrouping
                0x08003c20       0x16 ./Drivers/STM32F4xx_HAL_Driver/Src/stm32f4xx_hal_cortex.o
                0x08003c20                HAL_NVIC_SetPriorityGrouping
 .text.HAL_NVIC_SetPriority
                0x08003c36       0x38 ./Drivers/STM32F4xx_HAL_Driver/Src/stm32f4xx_hal_cortex.o
                0x08003c36                HAL_NVIC_SetPriority
 .text.HAL_NVIC_EnableIRQ
                0x08003c6e       0x1c ./Drivers/STM32F4xx_HAL_Driver/Src/stm32f4xx_hal_cortex.o
                0x08003c6e                HAL_NVIC_EnableIRQ
 .text.HAL_SYSTICK_Config
                0x08003c8a       0x18 ./Drivers/STM32F4xx_HAL_Driver/Src/stm32f4xx_hal_cortex.o
                0x08003c8a                HAL_SYSTICK_Config
 *fill*         0x08003ca2        0x2 
 .text.HAL_GPIO_Init
                0x08003ca4      0x328 ./Drivers/STM32F4xx_HAL_Driver/Src/stm32f4xx_hal_gpio.o
                0x08003ca4                HAL_GPIO_Init
 .text.HAL_GPIO_WritePin
                0x08003fcc       0x32 ./Drivers/STM32F4xx_HAL_Driver/Src/stm32f4xx_hal_gpio.o
                0x08003fcc                HAL_GPIO_WritePin
 *fill*         0x08003ffe        0x2 
 .text.HAL_I2C_Init
                0x08004000      0x288 ./Drivers/STM32F4xx_HAL_Driver/Src/stm32f4xx_hal_i2c.o
                0x08004000                HAL_I2C_Init
 .text.HAL_PCD_Init
                0x08004288      0x22c ./Drivers/STM32F4xx_HAL_Driver/Src/stm32f4xx_hal_pcd.o
                0x08004288                HAL_PCD_Init
 .text.HAL_PCD_Start
                0x080044b4       0x6a ./Drivers/STM32F4xx_HAL_Driver/Src/stm32f4xx_hal_pcd.o
                0x080044b4                HAL_PCD_Start
 .text.HAL_PCD_IRQHandler
                0x0800451e      0x99c ./Drivers/STM32F4xx_HAL_Driver/Src/stm32f4xx_hal_pcd.o
                0x0800451e                HAL_PCD_IRQHandler
 .text.HAL_PCD_SetAddress
                0x08004eba       0x48 ./Drivers/STM32F4xx_HAL_Driver/Src/stm32f4xx_hal_pcd.o
                0x08004eba                HAL_PCD_SetAddress
 .text.HAL_PCD_EP_Open
                0x08004f02       0xd4 ./Drivers/STM32F4xx_HAL_Driver/Src/stm32f4xx_hal_pcd.o
                0x08004f02                HAL_PCD_EP_Open
 .text.HAL_PCD_EP_Close
                0x08004fd6       0x94 ./Drivers/STM32F4xx_HAL_Driver/Src/stm32f4xx_hal_pcd.o
                0x08004fd6                HAL_PCD_EP_Close
 .text.HAL_PCD_EP_Receive
                0x0800506a       0x76 ./Drivers/STM32F4xx_HAL_Driver/Src/stm32f4xx_hal_pcd.o
                0x0800506a                HAL_PCD_EP_Receive
 .text.HAL_PCD_EP_GetRxCount
                0x080050e0       0x30 ./Drivers/STM32F4xx_HAL_Driver/Src/stm32f4xx_hal_pcd.o
                0x080050e0                HAL_PCD_EP_GetRxCount
 .text.HAL_PCD_EP_Transmit
                0x08005110       0x74 ./Drivers/STM32F4xx_HAL_Driver/Src/stm32f4xx_hal_pcd.o
                0x08005110                HAL_PCD_EP_Transmit
 .text.HAL_PCD_EP_SetStall
                0x08005184       0xc6 ./Drivers/STM32F4xx_HAL_Driver/Src/stm32f4xx_hal_pcd.o
                0x08005184                HAL_PCD_EP_SetStall
 .text.HAL_PCD_EP_ClrStall
                0x0800524a       0xac ./Drivers/STM32F4xx_HAL_Driver/Src/stm32f4xx_hal_pcd.o
                0x0800524a                HAL_PCD_EP_ClrStall
 .text.HAL_PCD_EP_Abort
                0x080052f6       0x62 ./Drivers/STM32F4xx_HAL_Driver/Src/stm32f4xx_hal_pcd.o
                0x080052f6                HAL_PCD_EP_Abort
 .text.PCD_WriteEmptyTxFifo
                0x08005358      0x118 ./Drivers/STM32F4xx_HAL_Driver/Src/stm32f4xx_hal_pcd.o
 .text.PCD_EP_OutXfrComplete_int
                0x08005470      0x1d0 ./Drivers/STM32F4xx_HAL_Driver/Src/stm32f4xx_hal_pcd.o
 .text.PCD_EP_OutSetupPacket_int
                0x08005640       0x8c ./Drivers/STM32F4xx_HAL_Driver/Src/stm32f4xx_hal_pcd.o
 .text.HAL_PCDEx_SetTxFiFo
                0x080056cc       0x8e ./Drivers/STM32F4xx_HAL_Driver/Src/stm32f4xx_hal_pcd_ex.o
                0x080056cc                HAL_PCDEx_SetTxFiFo
 .text.HAL_PCDEx_SetRxFiFo
                0x0800575a       0x22 ./Drivers/STM32F4xx_HAL_Driver/Src/stm32f4xx_hal_pcd_ex.o
                0x0800575a                HAL_PCDEx_SetRxFiFo
 .text.HAL_PCDEx_ActivateLPM
                0x0800577c       0x48 ./Drivers/STM32F4xx_HAL_Driver/Src/stm32f4xx_hal_pcd_ex.o
                0x0800577c                HAL_PCDEx_ActivateLPM
 .text.HAL_RCC_ClockConfig
                0x080057c4      0x1cc ./Drivers/STM32F4xx_HAL_Driver/Src/stm32f4xx_hal_rcc.o
                0x080057c4                HAL_RCC_ClockConfig
 .text.HAL_RCC_GetHCLKFreq
                0x08005990       0x18 ./Drivers/STM32F4xx_HAL_Driver/Src/stm32f4xx_hal_rcc.o
                0x08005990                HAL_RCC_GetHCLKFreq
 .text.HAL_RCC_GetPCLK1Freq
                0x080059a8       0x28 ./Drivers/STM32F4xx_HAL_Driver/Src/stm32f4xx_hal_rcc.o
                0x080059a8                HAL_RCC_GetPCLK1Freq
 .text.HAL_RCC_GetPCLK2Freq
                0x080059d0       0x28 ./Drivers/STM32F4xx_HAL_Driver/Src/stm32f4xx_hal_rcc.o
                0x080059d0                HAL_RCC_GetPCLK2Freq
 .text.HAL_RCCEx_PeriphCLKConfig
                0x080059f8      0x654 ./Drivers/STM32F4xx_HAL_Driver/Src/stm32f4xx_hal_rcc_ex.o
                0x080059f8                HAL_RCCEx_PeriphCLKConfig
 .text.HAL_RCC_GetSysClockFreq
                0x0800604c      0x354 ./Drivers/STM32F4xx_HAL_Driver/Src/stm32f4xx_hal_rcc_ex.o
                0x0800604c                HAL_RCC_GetSysClockFreq
 .text.HAL_RCC_OscConfig
                0x080063a0      0x53c ./Drivers/STM32F4xx_HAL_Driver/Src/stm32f4xx_hal_rcc_ex.o
                0x080063a0                HAL_RCC_OscConfig
 .text.HAL_SPI_Init
                0x080068dc      0x112 ./Drivers/STM32F4xx_HAL_Driver/Src/stm32f4xx_hal_spi.o
                0x080068dc                HAL_SPI_Init
 .text.HAL_SPI_Transmit
                0x080069ee      0x288 ./Drivers/STM32F4xx_HAL_Driver/Src/stm32f4xx_hal_spi.o
                0x080069ee                HAL_SPI_Transmit
 .text.HAL_SPI_Receive
                0x08006c76      0x232 ./Drivers/STM32F4xx_HAL_Driver/Src/stm32f4xx_hal_spi.o
                0x08006c76                HAL_SPI_Receive
 .text.HAL_SPI_TransmitReceive
                0x08006ea8      0x352 ./Drivers/STM32F4xx_HAL_Driver/Src/stm32f4xx_hal_spi.o
                0x08006ea8                HAL_SPI_TransmitReceive
 *fill*         0x080071fa        0x2 
 .text.SPI_WaitFlagStateUntilTimeout
                0x080071fc      0x110 ./Drivers/STM32F4xx_HAL_Driver/Src/stm32f4xx_hal_spi.o
 .text.SPI_EndRxTransaction
                0x0800730c       0xca ./Drivers/STM32F4xx_HAL_Driver/Src/stm32f4xx_hal_spi.o
 *fill*         0x080073d6        0x2 
 .text.SPI_EndRxTxTransaction
                0x080073d8       0xa8 ./Drivers/STM32F4xx_HAL_Driver/Src/stm32f4xx_hal_spi.o
 .text.HAL_TIM_Base_Init
                0x08007480       0x9e ./Drivers/STM32F4xx_HAL_Driver/Src/stm32f4xx_hal_tim.o
                0x08007480                HAL_TIM_Base_Init
 *fill*         0x0800751e        0x2 
 .text.HAL_TIM_Base_Start
                0x08007520       0xd0 ./Drivers/STM32F4xx_HAL_Driver/Src/stm32f4xx_hal_tim.o
                0x08007520                HAL_TIM_Base_Start
 .text.HAL_TIM_Base_Start_IT
                0x080075f0       0xe0 ./Drivers/STM32F4xx_HAL_Driver/Src/stm32f4xx_hal_tim.o
                0x080075f0                HAL_TIM_Base_Start_IT
 .text.HAL_TIM_PWM_Init
                0x080076d0       0x9e ./Drivers/STM32F4xx_HAL_Driver/Src/stm32f4xx_hal_tim.o
                0x080076d0                HAL_TIM_PWM_Init
 *fill*         0x0800776e        0x2 
 .text.HAL_TIM_PWM_Start
                0x08007770      0x190 ./Drivers/STM32F4xx_HAL_Driver/Src/stm32f4xx_hal_tim.o
                0x08007770                HAL_TIM_PWM_Start
 .text.HAL_TIM_IC_Init
                0x08007900       0x9e ./Drivers/STM32F4xx_HAL_Driver/Src/stm32f4xx_hal_tim.o
                0x08007900                HAL_TIM_IC_Init
 .text.HAL_TIM_IC_MspInit
                0x0800799e       0x14 ./Drivers/STM32F4xx_HAL_Driver/Src/stm32f4xx_hal_tim.o
                0x0800799e                HAL_TIM_IC_MspInit
 *fill*         0x080079b2        0x2 
 .text.HAL_TIM_IC_Stop_IT
                0x080079b4      0x15c ./Drivers/STM32F4xx_HAL_Driver/Src/stm32f4xx_hal_tim.o
                0x080079b4                HAL_TIM_IC_Stop_IT
 .text.HAL_TIM_IRQHandler
                0x08007b10      0x1e0 ./Drivers/STM32F4xx_HAL_Driver/Src/stm32f4xx_hal_tim.o
                0x08007b10                HAL_TIM_IRQHandler
 .text.HAL_TIM_IC_ConfigChannel
                0x08007cf0      0x138 ./Drivers/STM32F4xx_HAL_Driver/Src/stm32f4xx_hal_tim.o
                0x08007cf0                HAL_TIM_IC_ConfigChannel
 .text.HAL_TIM_PWM_ConfigChannel
                0x08007e28      0x184 ./Drivers/STM32F4xx_HAL_Driver/Src/stm32f4xx_hal_tim.o
                0x08007e28                HAL_TIM_PWM_ConfigChannel
 .text.HAL_TIM_ConfigClockSource
                0x08007fac      0x18e ./Drivers/STM32F4xx_HAL_Driver/Src/stm32f4xx_hal_tim.o
                0x08007fac                HAL_TIM_ConfigClockSource
 *fill*         0x0800813a        0x2 
 .text.HAL_TIM_ReadCapturedValue
                0x0800813c       0x88 ./Drivers/STM32F4xx_HAL_Driver/Src/stm32f4xx_hal_tim.o
                0x0800813c                HAL_TIM_ReadCapturedValue
 .text.HAL_TIM_OC_DelayElapsedCallback
                0x080081c4       0x14 ./Drivers/STM32F4xx_HAL_Driver/Src/stm32f4xx_hal_tim.o
                0x080081c4                HAL_TIM_OC_DelayElapsedCallback
 .text.HAL_TIM_PWM_PulseFinishedCallback
                0x080081d8       0x14 ./Drivers/STM32F4xx_HAL_Driver/Src/stm32f4xx_hal_tim.o
                0x080081d8                HAL_TIM_PWM_PulseFinishedCallback
 .text.HAL_TIM_TriggerCallback
                0x080081ec       0x14 ./Drivers/STM32F4xx_HAL_Driver/Src/stm32f4xx_hal_tim.o
                0x080081ec                HAL_TIM_TriggerCallback
 .text.TIM_Base_SetConfig
                0x08008200      0x158 ./Drivers/STM32F4xx_HAL_Driver/Src/stm32f4xx_hal_tim.o
                0x08008200                TIM_Base_SetConfig
 .text.TIM_OC1_SetConfig
                0x08008358       0xe0 ./Drivers/STM32F4xx_HAL_Driver/Src/stm32f4xx_hal_tim.o
 .text.TIM_OC2_SetConfig
                0x08008438       0xec ./Drivers/STM32F4xx_HAL_Driver/Src/stm32f4xx_hal_tim.o
                0x08008438                TIM_OC2_SetConfig
 .text.TIM_OC3_SetConfig
                0x08008524       0xe8 ./Drivers/STM32F4xx_HAL_Driver/Src/stm32f4xx_hal_tim.o
 .text.TIM_OC4_SetConfig
                0x0800860c       0xac ./Drivers/STM32F4xx_HAL_Driver/Src/stm32f4xx_hal_tim.o
 .text.TIM_TI1_SetConfig
                0x080086b8       0xe8 ./Drivers/STM32F4xx_HAL_Driver/Src/stm32f4xx_hal_tim.o
                0x080086b8                TIM_TI1_SetConfig
 .text.TIM_TI1_ConfigInputStage
                0x080087a0       0x5e ./Drivers/STM32F4xx_HAL_Driver/Src/stm32f4xx_hal_tim.o
 .text.TIM_TI2_SetConfig
                0x080087fe       0x7a ./Drivers/STM32F4xx_HAL_Driver/Src/stm32f4xx_hal_tim.o
 .text.TIM_TI2_ConfigInputStage
                0x08008878       0x60 ./Drivers/STM32F4xx_HAL_Driver/Src/stm32f4xx_hal_tim.o
 .text.TIM_TI3_SetConfig
                0x080088d8       0x78 ./Drivers/STM32F4xx_HAL_Driver/Src/stm32f4xx_hal_tim.o
 .text.TIM_TI4_SetConfig
                0x08008950       0x7a ./Drivers/STM32F4xx_HAL_Driver/Src/stm32f4xx_hal_tim.o
 .text.TIM_ITRx_SetConfig
                0x080089ca       0x36 ./Drivers/STM32F4xx_HAL_Driver/Src/stm32f4xx_hal_tim.o
 .text.TIM_ETR_SetConfig
                0x08008a00       0x40 ./Drivers/STM32F4xx_HAL_Driver/Src/stm32f4xx_hal_tim.o
                0x08008a00                TIM_ETR_SetConfig
 .text.TIM_CCxChannelCmd
                0x08008a40       0x4a ./Drivers/STM32F4xx_HAL_Driver/Src/stm32f4xx_hal_tim.o
                0x08008a40                TIM_CCxChannelCmd
 *fill*         0x08008a8a        0x2 
 .text.HAL_TIMEx_MasterConfigSynchronization
                0x08008a8c       0xf8 ./Drivers/STM32F4xx_HAL_Driver/Src/stm32f4xx_hal_tim_ex.o
                0x08008a8c                HAL_TIMEx_MasterConfigSynchronization
 .text.HAL_TIMEx_CommutCallback
                0x08008b84       0x14 ./Drivers/STM32F4xx_HAL_Driver/Src/stm32f4xx_hal_tim_ex.o
                0x08008b84                HAL_TIMEx_CommutCallback
 .text.HAL_TIMEx_BreakCallback
                0x08008b98       0x14 ./Drivers/STM32F4xx_HAL_Driver/Src/stm32f4xx_hal_tim_ex.o
                0x08008b98                HAL_TIMEx_BreakCallback
 .text.HAL_UART_Init
                0x08008bac       0xa0 ./Drivers/STM32F4xx_HAL_Driver/Src/stm32f4xx_hal_uart.o
                0x08008bac                HAL_UART_Init
 .text.UART_SetConfig
                0x08008c4c      0x4e8 ./Drivers/STM32F4xx_HAL_Driver/Src/stm32f4xx_hal_uart.o
 .text.USB_CoreInit
                0x08009134       0xc8 ./Drivers/STM32F4xx_HAL_Driver/Src/stm32f4xx_ll_usb.o
                0x08009134                USB_CoreInit
 .text.USB_SetTurnaroundTime
                0x080091fc      0x144 ./Drivers/STM32F4xx_HAL_Driver/Src/stm32f4xx_ll_usb.o
                0x080091fc                USB_SetTurnaroundTime
 .text.USB_EnableGlobalInt
                0x08009340       0x22 ./Drivers/STM32F4xx_HAL_Driver/Src/stm32f4xx_ll_usb.o
                0x08009340                USB_EnableGlobalInt
 .text.USB_DisableGlobalInt
                0x08009362       0x22 ./Drivers/STM32F4xx_HAL_Driver/Src/stm32f4xx_ll_usb.o
                0x08009362                USB_DisableGlobalInt
 .text.USB_SetCurrentMode
                0x08009384       0x98 ./Drivers/STM32F4xx_HAL_Driver/Src/stm32f4xx_ll_usb.o
                0x08009384                USB_SetCurrentMode
 .text.USB_DevInit
                0x0800941c      0x2bc ./Drivers/STM32F4xx_HAL_Driver/Src/stm32f4xx_ll_usb.o
                0x0800941c                USB_DevInit
 .text.USB_FlushTxFifo
                0x080096d8       0x64 ./Drivers/STM32F4xx_HAL_Driver/Src/stm32f4xx_ll_usb.o
                0x080096d8                USB_FlushTxFifo
 .text.USB_FlushRxFifo
                0x0800973c       0x5c ./Drivers/STM32F4xx_HAL_Driver/Src/stm32f4xx_ll_usb.o
                0x0800973c                USB_FlushRxFifo
 .text.USB_SetDevSpeed
                0x08009798       0x32 ./Drivers/STM32F4xx_HAL_Driver/Src/stm32f4xx_ll_usb.o
                0x08009798                USB_SetDevSpeed
 .text.USB_GetDevSpeed
                0x080097ca       0x4a ./Drivers/STM32F4xx_HAL_Driver/Src/stm32f4xx_ll_usb.o
                0x080097ca                USB_GetDevSpeed
 .text.USB_ActivateEndpoint
                0x08009814      0x10e ./Drivers/STM32F4xx_HAL_Driver/Src/stm32f4xx_ll_usb.o
                0x08009814                USB_ActivateEndpoint
 *fill*         0x08009922        0x2 
 .text.USB_DeactivateEndpoint
                0x08009924      0x1b8 ./Drivers/STM32F4xx_HAL_Driver/Src/stm32f4xx_ll_usb.o
                0x08009924                USB_DeactivateEndpoint
 .text.USB_EPStartXfer
                0x08009adc      0x53c ./Drivers/STM32F4xx_HAL_Driver/Src/stm32f4xx_ll_usb.o
                0x08009adc                USB_EPStartXfer
 .text.USB_EPStopXfer
                0x0800a018      0x154 ./Drivers/STM32F4xx_HAL_Driver/Src/stm32f4xx_ll_usb.o
                0x0800a018                USB_EPStopXfer
 .text.USB_WritePacket
                0x0800a16c       0x7c ./Drivers/STM32F4xx_HAL_Driver/Src/stm32f4xx_ll_usb.o
                0x0800a16c                USB_WritePacket
 .text.USB_ReadPacket
                0x0800a1e8       0xb0 ./Drivers/STM32F4xx_HAL_Driver/Src/stm32f4xx_ll_usb.o
                0x0800a1e8                USB_ReadPacket
 .text.USB_EPSetStall
                0x0800a298       0xdc ./Drivers/STM32F4xx_HAL_Driver/Src/stm32f4xx_ll_usb.o
                0x0800a298                USB_EPSetStall
 .text.USB_EPClearStall
                0x0800a374       0xcc ./Drivers/STM32F4xx_HAL_Driver/Src/stm32f4xx_ll_usb.o
                0x0800a374                USB_EPClearStall
 .text.USB_SetDevAddress
                0x0800a440       0x4c ./Drivers/STM32F4xx_HAL_Driver/Src/stm32f4xx_ll_usb.o
                0x0800a440                USB_SetDevAddress
 .text.USB_DevConnect
                0x0800a48c       0x42 ./Drivers/STM32F4xx_HAL_Driver/Src/stm32f4xx_ll_usb.o
                0x0800a48c                USB_DevConnect
 .text.USB_DevDisconnect
                0x0800a4ce       0x42 ./Drivers/STM32F4xx_HAL_Driver/Src/stm32f4xx_ll_usb.o
                0x0800a4ce                USB_DevDisconnect
 .text.USB_ReadInterrupts
                0x0800a510       0x26 ./Drivers/STM32F4xx_HAL_Driver/Src/stm32f4xx_ll_usb.o
                0x0800a510                USB_ReadInterrupts
 .text.USB_ReadDevAllOutEpInterrupt
                0x0800a536       0x34 ./Drivers/STM32F4xx_HAL_Driver/Src/stm32f4xx_ll_usb.o
                0x0800a536                USB_ReadDevAllOutEpInterrupt
 .text.USB_ReadDevAllInEpInterrupt
                0x0800a56a       0x34 ./Drivers/STM32F4xx_HAL_Driver/Src/stm32f4xx_ll_usb.o
                0x0800a56a                USB_ReadDevAllInEpInterrupt
 .text.USB_ReadDevOutEPInterrupt
                0x0800a59e       0x3c ./Drivers/STM32F4xx_HAL_Driver/Src/stm32f4xx_ll_usb.o
                0x0800a59e                USB_ReadDevOutEPInterrupt
 .text.USB_ReadDevInEPInterrupt
                0x0800a5da       0x5c ./Drivers/STM32F4xx_HAL_Driver/Src/stm32f4xx_ll_usb.o
                0x0800a5da                USB_ReadDevInEPInterrupt
 .text.USB_GetMode
                0x0800a636       0x1c ./Drivers/STM32F4xx_HAL_Driver/Src/stm32f4xx_ll_usb.o
                0x0800a636                USB_GetMode
 .text.USB_ActivateSetup
                0x0800a652       0x46 ./Drivers/STM32F4xx_HAL_Driver/Src/stm32f4xx_ll_usb.o
                0x0800a652                USB_ActivateSetup
 .text.USB_EP0_OutStart
                0x0800a698       0xbc ./Drivers/STM32F4xx_HAL_Driver/Src/stm32f4xx_ll_usb.o
                0x0800a698                USB_EP0_OutStart
 .text.USB_CoreReset
                0x0800a754       0x62 ./Drivers/STM32F4xx_HAL_Driver/Src/stm32f4xx_ll_usb.o
 *fill*         0x0800a7b6        0x2 
 .text.USBD_CDC_Init
                0x0800a7b8      0x1f0 ./Middlewares/ST/STM32_USB_Device_Library/Class/CDC/Src/usbd_cdc.o
 .text.USBD_CDC_DeInit
                0x0800a9a8      0x104 ./Middlewares/ST/STM32_USB_Device_Library/Class/CDC/Src/usbd_cdc.o
 .text.USBD_CDC_Setup
                0x0800aaac      0x1b8 ./Middlewares/ST/STM32_USB_Device_Library/Class/CDC/Src/usbd_cdc.o
 .text.USBD_CDC_DataIn
                0x0800ac64       0xfe ./Middlewares/ST/STM32_USB_Device_Library/Class/CDC/Src/usbd_cdc.o
 .text.USBD_CDC_DataOut
                0x0800ad62       0x70 ./Middlewares/ST/STM32_USB_Device_Library/Class/CDC/Src/usbd_cdc.o
 .text.USBD_CDC_EP0_RxReady
                0x0800add2       0x74 ./Middlewares/ST/STM32_USB_Device_Library/Class/CDC/Src/usbd_cdc.o
 *fill*         0x0800ae46        0x2 
 .text.USBD_CDC_GetFSCfgDesc
                0x0800ae48       0x70 ./Middlewares/ST/STM32_USB_Device_Library/Class/CDC/Src/usbd_cdc.o
 .text.USBD_CDC_GetHSCfgDesc
                0x0800aeb8       0x70 ./Middlewares/ST/STM32_USB_Device_Library/Class/CDC/Src/usbd_cdc.o
 .text.USBD_CDC_GetOtherSpeedCfgDesc
                0x0800af28       0x70 ./Middlewares/ST/STM32_USB_Device_Library/Class/CDC/Src/usbd_cdc.o
 .text.USBD_CDC_GetDeviceQualifierDescriptor
                0x0800af98       0x20 ./Middlewares/ST/STM32_USB_Device_Library/Class/CDC/Src/usbd_cdc.o
                0x0800af98                USBD_CDC_GetDeviceQualifierDescriptor
 .text.USBD_CDC_RegisterInterface
                0x0800afb8       0x34 ./Middlewares/ST/STM32_USB_Device_Library/Class/CDC/Src/usbd_cdc.o
                0x0800afb8                USBD_CDC_RegisterInterface
 .text.USBD_CDC_SetTxBuffer
                0x0800afec       0x44 ./Middlewares/ST/STM32_USB_Device_Library/Class/CDC/Src/usbd_cdc.o
                0x0800afec                USBD_CDC_SetTxBuffer
 .text.USBD_CDC_SetRxBuffer
                0x0800b030       0x3a ./Middlewares/ST/STM32_USB_Device_Library/Class/CDC/Src/usbd_cdc.o
                0x0800b030                USBD_CDC_SetRxBuffer
 *fill*         0x0800b06a        0x2 
 .text.USBD_CDC_TransmitPacket
                0x0800b06c       0x80 ./Middlewares/ST/STM32_USB_Device_Library/Class/CDC/Src/usbd_cdc.o
                0x0800b06c                USBD_CDC_TransmitPacket
 .text.USBD_CDC_ReceivePacket
                0x0800b0ec       0x6c ./Middlewares/ST/STM32_USB_Device_Library/Class/CDC/Src/usbd_cdc.o
                0x0800b0ec                USBD_CDC_ReceivePacket
 .text.USBD_Init
                0x0800b158       0x60 ./Middlewares/ST/STM32_USB_Device_Library/Core/Src/usbd_core.o
                0x0800b158                USBD_Init
 .text.USBD_RegisterClass
                0x0800b1b8       0x6c ./Middlewares/ST/STM32_USB_Device_Library/Core/Src/usbd_core.o
                0x0800b1b8                USBD_RegisterClass
 .text.USBD_Start
                0x0800b224       0x18 ./Middlewares/ST/STM32_USB_Device_Library/Core/Src/usbd_core.o
                0x0800b224                USBD_Start
 .text.USBD_RunTestMode
                0x0800b23c       0x16 ./Middlewares/ST/STM32_USB_Device_Library/Core/Src/usbd_core.o
                0x0800b23c                USBD_RunTestMode
 .text.USBD_SetClassConfig
                0x0800b252       0x38 ./Middlewares/ST/STM32_USB_Device_Library/Core/Src/usbd_core.o
                0x0800b252                USBD_SetClassConfig
 .text.USBD_ClrClassConfig
                0x0800b28a       0x34 ./Middlewares/ST/STM32_USB_Device_Library/Core/Src/usbd_core.o
                0x0800b28a                USBD_ClrClassConfig
 .text.USBD_LL_SetupStage
                0x0800b2be       0xaa ./Middlewares/ST/STM32_USB_Device_Library/Core/Src/usbd_core.o
                0x0800b2be                USBD_LL_SetupStage
 .text.USBD_LL_DataOutStage
                0x0800b368      0x166 ./Middlewares/ST/STM32_USB_Device_Library/Core/Src/usbd_core.o
                0x0800b368                USBD_LL_DataOutStage
 .text.USBD_LL_DataInStage
                0x0800b4ce      0x164 ./Middlewares/ST/STM32_USB_Device_Library/Core/Src/usbd_core.o
                0x0800b4ce                USBD_LL_DataInStage
 .text.USBD_LL_Reset
                0x0800b632       0xa4 ./Middlewares/ST/STM32_USB_Device_Library/Core/Src/usbd_core.o
                0x0800b632                USBD_LL_Reset
 .text.USBD_LL_SetSpeed
                0x0800b6d6       0x20 ./Middlewares/ST/STM32_USB_Device_Library/Core/Src/usbd_core.o
                0x0800b6d6                USBD_LL_SetSpeed
 .text.USBD_LL_Suspend
                0x0800b6f6       0x38 ./Middlewares/ST/STM32_USB_Device_Library/Core/Src/usbd_core.o
                0x0800b6f6                USBD_LL_Suspend
 .text.USBD_LL_Resume
                0x0800b72e       0x30 ./Middlewares/ST/STM32_USB_Device_Library/Core/Src/usbd_core.o
                0x0800b72e                USBD_LL_Resume
 .text.USBD_LL_SOF
                0x0800b75e       0x40 ./Middlewares/ST/STM32_USB_Device_Library/Core/Src/usbd_core.o
                0x0800b75e                USBD_LL_SOF
 .text.USBD_LL_IsoINIncomplete
                0x0800b79e       0x64 ./Middlewares/ST/STM32_USB_Device_Library/Core/Src/usbd_core.o
                0x0800b79e                USBD_LL_IsoINIncomplete
 .text.USBD_LL_IsoOUTIncomplete
                0x0800b802       0x64 ./Middlewares/ST/STM32_USB_Device_Library/Core/Src/usbd_core.o
                0x0800b802                USBD_LL_IsoOUTIncomplete
 .text.USBD_LL_DevConnected
                0x0800b866       0x16 ./Middlewares/ST/STM32_USB_Device_Library/Core/Src/usbd_core.o
                0x0800b866                USBD_LL_DevConnected
 .text.USBD_LL_DevDisconnected
                0x0800b87c       0x46 ./Middlewares/ST/STM32_USB_Device_Library/Core/Src/usbd_core.o
                0x0800b87c                USBD_LL_DevDisconnected
 .text.USBD_CoreFindIF
                0x0800b8c2       0x1a ./Middlewares/ST/STM32_USB_Device_Library/Core/Src/usbd_core.o
                0x0800b8c2                USBD_CoreFindIF
 .text.USBD_CoreFindEP
                0x0800b8dc       0x1a ./Middlewares/ST/STM32_USB_Device_Library/Core/Src/usbd_core.o
                0x0800b8dc                USBD_CoreFindEP
 .text.USBD_GetEpDesc
                0x0800b8f6       0x70 ./Middlewares/ST/STM32_USB_Device_Library/Core/Src/usbd_core.o
                0x0800b8f6                USBD_GetEpDesc
 .text.USBD_GetNextDesc
                0x0800b966       0x38 ./Middlewares/ST/STM32_USB_Device_Library/Core/Src/usbd_core.o
                0x0800b966                USBD_GetNextDesc
 .text.SWAPBYTE
                0x0800b99e       0x3c ./Middlewares/ST/STM32_USB_Device_Library/Core/Src/usbd_ctlreq.o
 *fill*         0x0800b9da        0x2 
 .text.USBD_StdDevReq
                0x0800b9dc       0xe4 ./Middlewares/ST/STM32_USB_Device_Library/Core/Src/usbd_ctlreq.o
                0x0800b9dc                USBD_StdDevReq
 .text.USBD_StdItfReq
                0x0800bac0       0xd8 ./Middlewares/ST/STM32_USB_Device_Library/Core/Src/usbd_ctlreq.o
                0x0800bac0                USBD_StdItfReq
 .text.USBD_StdEPReq
                0x0800bb98      0x33a ./Middlewares/ST/STM32_USB_Device_Library/Core/Src/usbd_ctlreq.o
                0x0800bb98                USBD_StdEPReq
 *fill*         0x0800bed2        0x2 
 .text.USBD_GetDescriptor
                0x0800bed4      0x328 ./Middlewares/ST/STM32_USB_Device_Library/Core/Src/usbd_ctlreq.o
 .text.USBD_SetAddress
                0x0800c1fc       0x88 ./Middlewares/ST/STM32_USB_Device_Library/Core/Src/usbd_ctlreq.o
 .text.USBD_SetConfig
                0x0800c284      0x154 ./Middlewares/ST/STM32_USB_Device_Library/Core/Src/usbd_ctlreq.o
 .text.USBD_GetConfig
                0x0800c3d8       0x6c ./Middlewares/ST/STM32_USB_Device_Library/Core/Src/usbd_ctlreq.o
 .text.USBD_GetStatus
                0x0800c444       0x68 ./Middlewares/ST/STM32_USB_Device_Library/Core/Src/usbd_ctlreq.o
 .text.USBD_SetFeature
                0x0800c4ac       0x52 ./Middlewares/ST/STM32_USB_Device_Library/Core/Src/usbd_ctlreq.o
 .text.USBD_ClrFeature
                0x0800c4fe       0x44 ./Middlewares/ST/STM32_USB_Device_Library/Core/Src/usbd_ctlreq.o
 .text.USBD_ParseSetupRequest
                0x0800c542       0x74 ./Middlewares/ST/STM32_USB_Device_Library/Core/Src/usbd_ctlreq.o
                0x0800c542                USBD_ParseSetupRequest
 .text.USBD_CtlError
                0x0800c5b6       0x22 ./Middlewares/ST/STM32_USB_Device_Library/Core/Src/usbd_ctlreq.o
                0x0800c5b6                USBD_CtlError
 .text.USBD_GetString
                0x0800c5d8       0xa4 ./Middlewares/ST/STM32_USB_Device_Library/Core/Src/usbd_ctlreq.o
                0x0800c5d8                USBD_GetString
 .text.USBD_GetLen
                0x0800c67c       0x34 ./Middlewares/ST/STM32_USB_Device_Library/Core/Src/usbd_ctlreq.o
 .text.USBD_CtlSendData
                0x0800c6b0       0x36 ./Middlewares/ST/STM32_USB_Device_Library/Core/Src/usbd_ioreq.o
                0x0800c6b0                USBD_CtlSendData
 .text.USBD_CtlContinueSendData
                0x0800c6e6       0x22 ./Middlewares/ST/STM32_USB_Device_Library/Core/Src/usbd_ioreq.o
                0x0800c6e6                USBD_CtlContinueSendData
 .text.USBD_CtlPrepareRx
                0x0800c708       0x3a ./Middlewares/ST/STM32_USB_Device_Library/Core/Src/usbd_ioreq.o
                0x0800c708                USBD_CtlPrepareRx
 .text.USBD_CtlContinueRx
                0x0800c742       0x22 ./Middlewares/ST/STM32_USB_Device_Library/Core/Src/usbd_ioreq.o
                0x0800c742                USBD_CtlContinueRx
 .text.USBD_CtlSendStatus
                0x0800c764       0x26 ./Middlewares/ST/STM32_USB_Device_Library/Core/Src/usbd_ioreq.o
                0x0800c764                USBD_CtlSendStatus
 .text.USBD_CtlReceiveStatus
                0x0800c78a       0x26 ./Middlewares/ST/STM32_USB_Device_Library/Core/Src/usbd_ioreq.o
                0x0800c78a                USBD_CtlReceiveStatus
 .text.MX_USB_DEVICE_Init
                0x0800c7b0       0x60 ./USB_DEVICE/App/usb_device.o
                0x0800c7b0                MX_USB_DEVICE_Init
 .text.CDC_Init_FS
                0x0800c810       0x28 ./USB_DEVICE/App/usbd_cdc_if.o
 .text.CDC_DeInit_FS
                0x0800c838       0x10 ./USB_DEVICE/App/usbd_cdc_if.o
 .text.CDC_Control_FS
                0x0800c848       0xbc ./USB_DEVICE/App/usbd_cdc_if.o
 .text.CDC_Receive_FS
                0x0800c904       0x8c ./USB_DEVICE/App/usbd_cdc_if.o
 .text.CDC_Transmit_FS
                0x0800c990       0x4c ./USB_DEVICE/App/usbd_cdc_if.o
                0x0800c990                CDC_Transmit_FS
 .text.CDC_TransmitCplt_FS
                0x0800c9dc       0x22 ./USB_DEVICE/App/usbd_cdc_if.o
 *fill*         0x0800c9fe        0x2 
 .text.USBD_FS_DeviceDescriptor
                0x0800ca00       0x24 ./USB_DEVICE/App/usbd_desc.o
                0x0800ca00                USBD_FS_DeviceDescriptor
 .text.USBD_FS_LangIDStrDescriptor
                0x0800ca24       0x24 ./USB_DEVICE/App/usbd_desc.o
                0x0800ca24                USBD_FS_LangIDStrDescriptor
 .text.USBD_FS_ProductStrDescriptor
                0x0800ca48       0x3c ./USB_DEVICE/App/usbd_desc.o
                0x0800ca48                USBD_FS_ProductStrDescriptor
 .text.USBD_FS_ManufacturerStrDescriptor
                0x0800ca84       0x28 ./USB_DEVICE/App/usbd_desc.o
                0x0800ca84                USBD_FS_ManufacturerStrDescriptor
 .text.USBD_FS_SerialStrDescriptor
                0x0800caac       0x24 ./USB_DEVICE/App/usbd_desc.o
                0x0800caac                USBD_FS_SerialStrDescriptor
 .text.USBD_FS_ConfigStrDescriptor
                0x0800cad0       0x3c ./USB_DEVICE/App/usbd_desc.o
                0x0800cad0                USBD_FS_ConfigStrDescriptor
 .text.USBD_FS_InterfaceStrDescriptor
                0x0800cb0c       0x3c ./USB_DEVICE/App/usbd_desc.o
                0x0800cb0c                USBD_FS_InterfaceStrDescriptor
 .text.USBD_FS_USR_BOSDescriptor
                0x0800cb48       0x24 ./USB_DEVICE/App/usbd_desc.o
                0x0800cb48                USBD_FS_USR_BOSDescriptor
 .text.Get_SerialNum
                0x0800cb6c       0x58 ./USB_DEVICE/App/usbd_desc.o
 .text.IntToUnicode
                0x0800cbc4       0x7e ./USB_DEVICE/App/usbd_desc.o
 *fill*         0x0800cc42        0x2 
 .text.HAL_PCD_MspInit
                0x0800cc44       0xd4 ./USB_DEVICE/Target/usbd_conf.o
                0x0800cc44                HAL_PCD_MspInit
 .text.HAL_PCD_SetupStageCallback
                0x0800cd18       0x24 ./USB_DEVICE/Target/usbd_conf.o
                0x0800cd18                HAL_PCD_SetupStageCallback
 .text.HAL_PCD_DataOutStageCallback
                0x0800cd3c       0x36 ./USB_DEVICE/Target/usbd_conf.o
                0x0800cd3c                HAL_PCD_DataOutStageCallback
 .text.HAL_PCD_DataInStageCallback
                0x0800cd72       0x34 ./USB_DEVICE/Target/usbd_conf.o
                0x0800cd72                HAL_PCD_DataInStageCallback
 .text.HAL_PCD_SOFCallback
                0x0800cda6       0x1c ./USB_DEVICE/Target/usbd_conf.o
                0x0800cda6                HAL_PCD_SOFCallback
 .text.HAL_PCD_ResetCallback
                0x0800cdc2       0x50 ./USB_DEVICE/Target/usbd_conf.o
                0x0800cdc2                HAL_PCD_ResetCallback
 *fill*         0x0800ce12        0x2 
 .text.HAL_PCD_SuspendCallback
                0x0800ce14       0x4c ./USB_DEVICE/Target/usbd_conf.o
                0x0800ce14                HAL_PCD_SuspendCallback
 .text.HAL_PCD_ResumeCallback
                0x0800ce60       0x1c ./USB_DEVICE/Target/usbd_conf.o
                0x0800ce60                HAL_PCD_ResumeCallback
 .text.HAL_PCD_ISOOUTIncompleteCallback
                0x0800ce7c       0x24 ./USB_DEVICE/Target/usbd_conf.o
                0x0800ce7c                HAL_PCD_ISOOUTIncompleteCallback
 .text.HAL_PCD_ISOINIncompleteCallback
                0x0800cea0       0x24 ./USB_DEVICE/Target/usbd_conf.o
                0x0800cea0                HAL_PCD_ISOINIncompleteCallback
 .text.HAL_PCD_ConnectCallback
                0x0800cec4       0x1c ./USB_DEVICE/Target/usbd_conf.o
                0x0800cec4                HAL_PCD_ConnectCallback
 .text.HAL_PCD_DisconnectCallback
                0x0800cee0       0x1c ./USB_DEVICE/Target/usbd_conf.o
                0x0800cee0                HAL_PCD_DisconnectCallback
 .text.USBD_LL_Init
                0x0800cefc       0x98 ./USB_DEVICE/Target/usbd_conf.o
                0x0800cefc                USBD_LL_Init
 .text.USBD_LL_Start
                0x0800cf94       0x36 ./USB_DEVICE/Target/usbd_conf.o
                0x0800cf94                USBD_LL_Start
 .text.USBD_LL_OpenEP
                0x0800cfca       0x4c ./USB_DEVICE/Target/usbd_conf.o
                0x0800cfca                USBD_LL_OpenEP
 .text.USBD_LL_CloseEP
                0x0800d016       0x3e ./USB_DEVICE/Target/usbd_conf.o
                0x0800d016                USBD_LL_CloseEP
 .text.USBD_LL_StallEP
                0x0800d054       0x3e ./USB_DEVICE/Target/usbd_conf.o
                0x0800d054                USBD_LL_StallEP
 .text.USBD_LL_ClearStallEP
                0x0800d092       0x3e ./USB_DEVICE/Target/usbd_conf.o
                0x0800d092                USBD_LL_ClearStallEP
 .text.USBD_LL_IsStallEP
                0x0800d0d0       0x58 ./USB_DEVICE/Target/usbd_conf.o
                0x0800d0d0                USBD_LL_IsStallEP
 .text.USBD_LL_SetUSBAddress
                0x0800d128       0x3e ./USB_DEVICE/Target/usbd_conf.o
                0x0800d128                USBD_LL_SetUSBAddress
 .text.USBD_LL_Transmit
                0x0800d166       0x42 ./USB_DEVICE/Target/usbd_conf.o
                0x0800d166                USBD_LL_Transmit
 .text.USBD_LL_PrepareReceive
                0x0800d1a8       0x42 ./USB_DEVICE/Target/usbd_conf.o
                0x0800d1a8                USBD_LL_PrepareReceive
 .text.USBD_LL_GetRxDataSize
                0x0800d1ea       0x26 ./USB_DEVICE/Target/usbd_conf.o
                0x0800d1ea                USBD_LL_GetRxDataSize
 .text.HAL_PCDEx_LPM_Callback
                0x0800d210       0x9c ./USB_DEVICE/Target/usbd_conf.o
                0x0800d210                HAL_PCDEx_LPM_Callback
 .text.USBD_static_malloc
                0x0800d2ac       0x1c ./USB_DEVICE/Target/usbd_conf.o
                0x0800d2ac                USBD_static_malloc
 .text.USBD_static_free
                0x0800d2c8       0x14 ./USB_DEVICE/Target/usbd_conf.o
                0x0800d2c8                USBD_static_free
 .text.USBD_Get_USB_Status
                0x0800d2dc       0x58 ./USB_DEVICE/Target/usbd_conf.o
                0x0800d2dc                USBD_Get_USB_Status
 .text.snprintf
                0x0800d334       0x68 /Applications/STM32CubeIDE.app/Contents/Eclipse/plugins/com.st.stm32cube.ide.mcu.externaltools.gnu-tools-for-stm32.12.3.rel1.macos64_1.0.200.202406191456/tools/bin/../lib/gcc/arm-none-eabi/12.3.1/../../../../arm-none-eabi/lib/thumb/v7e-m+fp/hard/libc_nano.a(libc_a-snprintf.o)
                0x0800d334                snprintf
                0x0800d334                sniprintf
 .text.memset   0x0800d39c       0x10 /Applications/STM32CubeIDE.app/Contents/Eclipse/plugins/com.st.stm32cube.ide.mcu.externaltools.gnu-tools-for-stm32.12.3.rel1.macos64_1.0.200.202406191456/tools/bin/../lib/gcc/arm-none-eabi/12.3.1/../../../../arm-none-eabi/lib/thumb/v7e-m+fp/hard/libc_nano.a(libc_a-memset.o)
                0x0800d39c                memset
 .text.__errno  0x0800d3ac        0xc /Applications/STM32CubeIDE.app/Contents/Eclipse/plugins/com.st.stm32cube.ide.mcu.externaltools.gnu-tools-for-stm32.12.3.rel1.macos64_1.0.200.202406191456/tools/bin/../lib/gcc/arm-none-eabi/12.3.1/../../../../arm-none-eabi/lib/thumb/v7e-m+fp/hard/libc_nano.a(libc_a-errno.o)
                0x0800d3ac                __errno
 .text.__libc_init_array
                0x0800d3b8       0x48 /Applications/STM32CubeIDE.app/Contents/Eclipse/plugins/com.st.stm32cube.ide.mcu.externaltools.gnu-tools-for-stm32.12.3.rel1.macos64_1.0.200.202406191456/tools/bin/../lib/gcc/arm-none-eabi/12.3.1/../../../../arm-none-eabi/lib/thumb/v7e-m+fp/hard/libc_nano.a(libc_a-init.o)
                0x0800d3b8                __libc_init_array
 .text.__retarget_lock_acquire_recursive
                0x0800d400        0x2 /Applications/STM32CubeIDE.app/Contents/Eclipse/plugins/com.st.stm32cube.ide.mcu.externaltools.gnu-tools-for-stm32.12.3.rel1.macos64_1.0.200.202406191456/tools/bin/../lib/gcc/arm-none-eabi/12.3.1/../../../../arm-none-eabi/lib/thumb/v7e-m+fp/hard/libc_nano.a(libc_a-lock.o)
                0x0800d400                __retarget_lock_acquire_recursive
 .text.__retarget_lock_release_recursive
                0x0800d402        0x2 /Applications/STM32CubeIDE.app/Contents/Eclipse/plugins/com.st.stm32cube.ide.mcu.externaltools.gnu-tools-for-stm32.12.3.rel1.macos64_1.0.200.202406191456/tools/bin/../lib/gcc/arm-none-eabi/12.3.1/../../../../arm-none-eabi/lib/thumb/v7e-m+fp/hard/libc_nano.a(libc_a-lock.o)
                0x0800d402                __retarget_lock_release_recursive
 .text.memcpy   0x0800d404       0x1c /Applications/STM32CubeIDE.app/Contents/Eclipse/plugins/com.st.stm32cube.ide.mcu.externaltools.gnu-tools-for-stm32.12.3.rel1.macos64_1.0.200.202406191456/tools/bin/../lib/gcc/arm-none-eabi/12.3.1/../../../../arm-none-eabi/lib/thumb/v7e-m+fp/hard/libc_nano.a(libc_a-memcpy-stub.o)
                0x0800d404                memcpy
 .text.__ssputs_r
                0x0800d420       0xb6 /Applications/STM32CubeIDE.app/Contents/Eclipse/plugins/com.st.stm32cube.ide.mcu.externaltools.gnu-tools-for-stm32.12.3.rel1.macos64_1.0.200.202406191456/tools/bin/../lib/gcc/arm-none-eabi/12.3.1/../../../../arm-none-eabi/lib/thumb/v7e-m+fp/hard/libc_nano.a(libc_a-nano-svfprintf.o)
                0x0800d420                __ssputs_r
 *fill*         0x0800d4d6        0x2 
 .text._svfprintf_r
                0x0800d4d8      0x1f8 /Applications/STM32CubeIDE.app/Contents/Eclipse/plugins/com.st.stm32cube.ide.mcu.externaltools.gnu-tools-for-stm32.12.3.rel1.macos64_1.0.200.202406191456/tools/bin/../lib/gcc/arm-none-eabi/12.3.1/../../../../arm-none-eabi/lib/thumb/v7e-m+fp/hard/libc_nano.a(libc_a-nano-svfprintf.o)
                0x0800d4d8                _svfprintf_r
                0x0800d4d8                _svfiprintf_r
 .text.sbrk_aligned
                0x0800d6d0       0x44 /Applications/STM32CubeIDE.app/Contents/Eclipse/plugins/com.st.stm32cube.ide.mcu.externaltools.gnu-tools-for-stm32.12.3.rel1.macos64_1.0.200.202406191456/tools/bin/../lib/gcc/arm-none-eabi/12.3.1/../../../../arm-none-eabi/lib/thumb/v7e-m+fp/hard/libc_nano.a(libc_a-mallocr.o)
 .text._malloc_r
                0x0800d714      0x100 /Applications/STM32CubeIDE.app/Contents/Eclipse/plugins/com.st.stm32cube.ide.mcu.externaltools.gnu-tools-for-stm32.12.3.rel1.macos64_1.0.200.202406191456/tools/bin/../lib/gcc/arm-none-eabi/12.3.1/../../../../arm-none-eabi/lib/thumb/v7e-m+fp/hard/libc_nano.a(libc_a-mallocr.o)
                0x0800d714                _malloc_r
 .text._printf_common
                0x0800d814       0xda /Applications/STM32CubeIDE.app/Contents/Eclipse/plugins/com.st.stm32cube.ide.mcu.externaltools.gnu-tools-for-stm32.12.3.rel1.macos64_1.0.200.202406191456/tools/bin/../lib/gcc/arm-none-eabi/12.3.1/../../../../arm-none-eabi/lib/thumb/v7e-m+fp/hard/libc_nano.a(libc_a-nano-vfprintf_i.o)
                0x0800d814                _printf_common
 *fill*         0x0800d8ee        0x2 
 .text._printf_i
                0x0800d8f0      0x240 /Applications/STM32CubeIDE.app/Contents/Eclipse/plugins/com.st.stm32cube.ide.mcu.externaltools.gnu-tools-for-stm32.12.3.rel1.macos64_1.0.200.202406191456/tools/bin/../lib/gcc/arm-none-eabi/12.3.1/../../../../arm-none-eabi/lib/thumb/v7e-m+fp/hard/libc_nano.a(libc_a-nano-vfprintf_i.o)
                0x0800d8f0                _printf_i
 .text.__malloc_lock
                0x0800db30        0xc /Applications/STM32CubeIDE.app/Contents/Eclipse/plugins/com.st.stm32cube.ide.mcu.externaltools.gnu-tools-for-stm32.12.3.rel1.macos64_1.0.200.202406191456/tools/bin/../lib/gcc/arm-none-eabi/12.3.1/../../../../arm-none-eabi/lib/thumb/v7e-m+fp/hard/libc_nano.a(libc_a-mlock.o)
                0x0800db30                __malloc_lock
 .text.__malloc_unlock
                0x0800db3c        0xc /Applications/STM32CubeIDE.app/Contents/Eclipse/plugins/com.st.stm32cube.ide.mcu.externaltools.gnu-tools-for-stm32.12.3.rel1.macos64_1.0.200.202406191456/tools/bin/../lib/gcc/arm-none-eabi/12.3.1/../../../../arm-none-eabi/lib/thumb/v7e-m+fp/hard/libc_nano.a(libc_a-mlock.o)
                0x0800db3c                __malloc_unlock
 .text._realloc_r
                0x0800db48       0x5c /Applications/STM32CubeIDE.app/Contents/Eclipse/plugins/com.st.stm32cube.ide.mcu.externaltools.gnu-tools-for-stm32.12.3.rel1.macos64_1.0.200.202406191456/tools/bin/../lib/gcc/arm-none-eabi/12.3.1/../../../../arm-none-eabi/lib/thumb/v7e-m+fp/hard/libc_nano.a(libc_a-reallocr.o)
                0x0800db48                _realloc_r
 .text.memmove  0x0800dba4       0x34 /Applications/STM32CubeIDE.app/Contents/Eclipse/plugins/com.st.stm32cube.ide.mcu.externaltools.gnu-tools-for-stm32.12.3.rel1.macos64_1.0.200.202406191456/tools/bin/../lib/gcc/arm-none-eabi/12.3.1/../../../../arm-none-eabi/lib/thumb/v7e-m+fp/hard/libc_nano.a(libc_a-memmove.o)
                0x0800dba4                memmove
 .text._sbrk_r  0x0800dbd8       0x20 /Applications/STM32CubeIDE.app/Contents/Eclipse/plugins/com.st.stm32cube.ide.mcu.externaltools.gnu-tools-for-stm32.12.3.rel1.macos64_1.0.200.202406191456/tools/bin/../lib/gcc/arm-none-eabi/12.3.1/../../../../arm-none-eabi/lib/thumb/v7e-m+fp/hard/libc_nano.a(libc_a-sbrkr.o)
                0x0800dbd8                _sbrk_r
 .text._free_r  0x0800dbf8       0x94 /Applications/STM32CubeIDE.app/Contents/Eclipse/plugins/com.st.stm32cube.ide.mcu.externaltools.gnu-tools-for-stm32.12.3.rel1.macos64_1.0.200.202406191456/tools/bin/../lib/gcc/arm-none-eabi/12.3.1/../../../../arm-none-eabi/lib/thumb/v7e-m+fp/hard/libc_nano.a(libc_a-freer.o)
                0x0800dbf8                _free_r
 .text._malloc_usable_size_r
                0x0800dc8c       0x10 /Applications/STM32CubeIDE.app/Contents/Eclipse/plugins/com.st.stm32cube.ide.mcu.externaltools.gnu-tools-for-stm32.12.3.rel1.macos64_1.0.200.202406191456/tools/bin/../lib/gcc/arm-none-eabi/12.3.1/../../../../arm-none-eabi/lib/thumb/v7e-m+fp/hard/libc_nano.a(libc_a-msizer.o)
                0x0800dc8c                _malloc_usable_size_r
 *(.glue_7)
 .glue_7        0x0800dc9c        0x0 linker stubs
 *(.glue_7t)
 .glue_7t       0x0800dc9c        0x0 linker stubs
 *(.eh_frame)
 .eh_frame      0x0800dc9c        0x0 /Applications/STM32CubeIDE.app/Contents/Eclipse/plugins/com.st.stm32cube.ide.mcu.externaltools.gnu-tools-for-stm32.12.3.rel1.macos64_1.0.200.202406191456/tools/bin/../lib/gcc/arm-none-eabi/12.3.1/thumb/v7e-m+fp/hard/crtbegin.o
 *(.init)
 .init          0x0800dc9c        0x4 /Applications/STM32CubeIDE.app/Contents/Eclipse/plugins/com.st.stm32cube.ide.mcu.externaltools.gnu-tools-for-stm32.12.3.rel1.macos64_1.0.200.202406191456/tools/bin/../lib/gcc/arm-none-eabi/12.3.1/thumb/v7e-m+fp/hard/crti.o
                0x0800dc9c                _init
 .init          0x0800dca0        0x8 /Applications/STM32CubeIDE.app/Contents/Eclipse/plugins/com.st.stm32cube.ide.mcu.externaltools.gnu-tools-for-stm32.12.3.rel1.macos64_1.0.200.202406191456/tools/bin/../lib/gcc/arm-none-eabi/12.3.1/thumb/v7e-m+fp/hard/crtn.o
 *(.fini)
 .fini          0x0800dca8        0x4 /Applications/STM32CubeIDE.app/Contents/Eclipse/plugins/com.st.stm32cube.ide.mcu.externaltools.gnu-tools-for-stm32.12.3.rel1.macos64_1.0.200.202406191456/tools/bin/../lib/gcc/arm-none-eabi/12.3.1/thumb/v7e-m+fp/hard/crti.o
                0x0800dca8                _fini
 .fini          0x0800dcac        0x8 /Applications/STM32CubeIDE.app/Contents/Eclipse/plugins/com.st.stm32cube.ide.mcu.externaltools.gnu-tools-for-stm32.12.3.rel1.macos64_1.0.200.202406191456/tools/bin/../lib/gcc/arm-none-eabi/12.3.1/thumb/v7e-m+fp/hard/crtn.o
                0x0800dcb4                        . = ALIGN (0x4)
                0x0800dcb4                        _etext = .

.vfp11_veneer   0x0800dcb4        0x0
 .vfp11_veneer  0x0800dcb4        0x0 linker stubs

.v4_bx          0x0800dcb4        0x0
 .v4_bx         0x0800dcb4        0x0 linker stubs

.iplt           0x0800dcb4        0x0
 .iplt          0x0800dcb4        0x0 /Applications/STM32CubeIDE.app/Contents/Eclipse/plugins/com.st.stm32cube.ide.mcu.externaltools.gnu-tools-for-stm32.12.3.rel1.macos64_1.0.200.202406191456/tools/bin/../lib/gcc/arm-none-eabi/12.3.1/thumb/v7e-m+fp/hard/crtbegin.o

.rodata         0x0800dcb4      0x1f0
                0x0800dcb4                        . = ALIGN (0x4)
 *(.rodata)
 .rodata        0x0800dcb4        0x9 ./Core/Src/SEGGER_RTT.o
 *fill*         0x0800dcbd        0x3 
 .rodata        0x0800dcc0       0xfb ./Core/Src/accelerometer.o
 *fill*         0x0800ddbb        0x1 
 .rodata        0x0800ddbc       0x2d ./Core/Src/main.o
 *fill*         0x0800dde9        0x3 
 .rodata        0x0800ddec       0x46 ./USB_DEVICE/App/usbd_desc.o
 *(.rodata*)
 *fill*         0x0800de32        0x2 
 .rodata._aInitStr.0
                0x0800de34       0x11 ./Core/Src/SEGGER_RTT.o
 *fill*         0x0800de45        0x3 
 .rodata._aV2C.0
                0x0800de48       0x10 ./Core/Src/SEGGER_RTT_printf.o
 .rodata.AHBPrescTable
                0x0800de58       0x10 ./Core/Src/system_stm32f4xx.o
                0x0800de58                AHBPrescTable
 .rodata.APBPrescTable
                0x0800de68        0x8 ./Core/Src/system_stm32f4xx.o
                0x0800de68                APBPrescTable
 .rodata._svfprintf_r.str1.1
                0x0800de70       0x11 /Applications/STM32CubeIDE.app/Contents/Eclipse/plugins/com.st.stm32cube.ide.mcu.externaltools.gnu-tools-for-stm32.12.3.rel1.macos64_1.0.200.202406191456/tools/bin/../lib/gcc/arm-none-eabi/12.3.1/../../../../arm-none-eabi/lib/thumb/v7e-m+fp/hard/libc_nano.a(libc_a-nano-svfprintf.o)
 .rodata._printf_i.str1.1
                0x0800de81       0x22 /Applications/STM32CubeIDE.app/Contents/Eclipse/plugins/com.st.stm32cube.ide.mcu.externaltools.gnu-tools-for-stm32.12.3.rel1.macos64_1.0.200.202406191456/tools/bin/../lib/gcc/arm-none-eabi/12.3.1/../../../../arm-none-eabi/lib/thumb/v7e-m+fp/hard/libc_nano.a(libc_a-nano-vfprintf_i.o)
                0x0800dea4                        . = ALIGN (0x4)
 *fill*         0x0800dea3        0x1 

.ARM.extab      0x0800dea4        0x0
                0x0800dea4                        . = ALIGN (0x4)
 *(.ARM.extab* .gnu.linkonce.armextab.*)
                0x0800dea4                        . = ALIGN (0x4)

.ARM            0x0800dea4        0x8
                0x0800dea4                        . = ALIGN (0x4)
                0x0800dea4                        __exidx_start = .
 *(.ARM.exidx*)
 .ARM.exidx     0x0800dea4        0x8 /Applications/STM32CubeIDE.app/Contents/Eclipse/plugins/com.st.stm32cube.ide.mcu.externaltools.gnu-tools-for-stm32.12.3.rel1.macos64_1.0.200.202406191456/tools/bin/../lib/gcc/arm-none-eabi/12.3.1/../../../../arm-none-eabi/lib/thumb/v7e-m+fp/hard/libc_nano.a(libc_a-memchr.o)
 .ARM.exidx     0x0800deac        0x0 /Applications/STM32CubeIDE.app/Contents/Eclipse/plugins/com.st.stm32cube.ide.mcu.externaltools.gnu-tools-for-stm32.12.3.rel1.macos64_1.0.200.202406191456/tools/bin/../lib/gcc/arm-none-eabi/12.3.1/thumb/v7e-m+fp/hard/libgcc.a(_udivmoddi4.o)
                                  0x8 (size before relaxing)
                0x0800deac                        __exidx_end = .
                0x0800deac                        . = ALIGN (0x4)

.preinit_array  0x0800deac        0x0
                0x0800deac                        . = ALIGN (0x4)
                0x0800deac                        PROVIDE (__preinit_array_start = .)
 *(.preinit_array*)
                0x0800deac                        PROVIDE (__preinit_array_end = .)
                0x0800deac                        . = ALIGN (0x4)

.init_array     0x0800deac        0x4
                0x0800deac                        . = ALIGN (0x4)
                0x0800deac                        PROVIDE (__init_array_start = .)
 *(SORT_BY_NAME(.init_array.*))
 *(.init_array*)
 .init_array    0x0800deac        0x4 /Applications/STM32CubeIDE.app/Contents/Eclipse/plugins/com.st.stm32cube.ide.mcu.externaltools.gnu-tools-for-stm32.12.3.rel1.macos64_1.0.200.202406191456/tools/bin/../lib/gcc/arm-none-eabi/12.3.1/thumb/v7e-m+fp/hard/crtbegin.o
                0x0800deb0                        PROVIDE (__init_array_end = .)
                0x0800deb0                        . = ALIGN (0x4)

.fini_array     0x0800deb0        0x4
                0x0800deb0                        . = ALIGN (0x4)
                [!provide]                        PROVIDE (__fini_array_start = .)
 *(SORT_BY_NAME(.fini_array.*))
 *(.fini_array*)
 .fini_array    0x0800deb0        0x4 /Applications/STM32CubeIDE.app/Contents/Eclipse/plugins/com.st.stm32cube.ide.mcu.externaltools.gnu-tools-for-stm32.12.3.rel1.macos64_1.0.200.202406191456/tools/bin/../lib/gcc/arm-none-eabi/12.3.1/thumb/v7e-m+fp/hard/crtbegin.o
                [!provide]                        PROVIDE (__fini_array_end = .)
                0x0800deb4                        . = ALIGN (0x4)
                0x0800deb4                        _sidata = LOADADDR (.data)

.rel.dyn        0x0800deb4        0x0
 .rel.iplt      0x0800deb4        0x0 /Applications/STM32CubeIDE.app/Contents/Eclipse/plugins/com.st.stm32cube.ide.mcu.externaltools.gnu-tools-for-stm32.12.3.rel1.macos64_1.0.200.202406191456/tools/bin/../lib/gcc/arm-none-eabi/12.3.1/thumb/v7e-m+fp/hard/crtbegin.o

.data           0x20000000      0x2a0 load address 0x0800deb4
                0x20000000                        . = ALIGN (0x4)
                0x20000000                        _sdata = .
 *(.data)
 *(.data*)
 .data.FIR_IMPULSE_RESPONSE
                0x20000000       0x9c ./Core/Src/accelerometer.o
 .data.FIR_HIGH_PASS
                0x2000009c       0x9c ./Core/Src/accelerometer.o
 .data.gravity  0x20000138        0x4 ./Core/Src/accelerometer.o
                0x20000138                gravity
 .data.imuCS    0x2000013c        0x8 ./Core/Src/accelerometer.o
                0x2000013c                imuCS
 .data.SystemCoreClock
                0x20000144        0x4 ./Core/Src/system_stm32f4xx.o
                0x20000144                SystemCoreClock
 .data.uwTickPrio
                0x20000148        0x4 ./Drivers/STM32F4xx_HAL_Driver/Src/stm32f4xx_hal.o
                0x20000148                uwTickPrio
 .data.uwTickFreq
                0x2000014c        0x1 ./Drivers/STM32F4xx_HAL_Driver/Src/stm32f4xx_hal.o
                0x2000014c                uwTickFreq
 *fill*         0x2000014d        0x3 
 .data.USBD_CDC_DeviceQualifierDesc
                0x20000150        0xa ./Middlewares/ST/STM32_USB_Device_Library/Class/CDC/Src/usbd_cdc.o
 *fill*         0x2000015a        0x2 
 .data.USBD_CDC
                0x2000015c       0x38 ./Middlewares/ST/STM32_USB_Device_Library/Class/CDC/Src/usbd_cdc.o
                0x2000015c                USBD_CDC
 .data.USBD_CDC_CfgDesc
                0x20000194       0x43 ./Middlewares/ST/STM32_USB_Device_Library/Class/CDC/Src/usbd_cdc.o
 .data.CDCInEpAdd
                0x200001d7        0x1 ./Middlewares/ST/STM32_USB_Device_Library/Class/CDC/Src/usbd_cdc.o
 .data.CDCOutEpAdd
                0x200001d8        0x1 ./Middlewares/ST/STM32_USB_Device_Library/Class/CDC/Src/usbd_cdc.o
 .data.CDCCmdEpAdd
                0x200001d9        0x1 ./Middlewares/ST/STM32_USB_Device_Library/Class/CDC/Src/usbd_cdc.o
 *fill*         0x200001da        0x2 
 .data.USBD_Interface_fops_FS
                0x200001dc       0x14 ./USB_DEVICE/App/usbd_cdc_if.o
                0x200001dc                USBD_Interface_fops_FS
 .data.FS_Desc  0x200001f0       0x20 ./USB_DEVICE/App/usbd_desc.o
                0x200001f0                FS_Desc
 .data.USBD_FS_DeviceDesc
                0x20000210       0x12 ./USB_DEVICE/App/usbd_desc.o
                0x20000210                USBD_FS_DeviceDesc
 *fill*         0x20000222        0x2 
 .data.USBD_FS_BOSDesc
                0x20000224        0xc ./USB_DEVICE/App/usbd_desc.o
                0x20000224                USBD_FS_BOSDesc
 .data.USBD_LangIDDesc
                0x20000230        0x4 ./USB_DEVICE/App/usbd_desc.o
                0x20000230                USBD_LangIDDesc
 .data.USBD_StringSerial
                0x20000234       0x1a ./USB_DEVICE/App/usbd_desc.o
                0x20000234                USBD_StringSerial
 *fill*         0x2000024e        0x2 
 .data._impure_ptr
                0x20000250        0x4 /Applications/STM32CubeIDE.app/Contents/Eclipse/plugins/com.st.stm32cube.ide.mcu.externaltools.gnu-tools-for-stm32.12.3.rel1.macos64_1.0.200.202406191456/tools/bin/../lib/gcc/arm-none-eabi/12.3.1/../../../../arm-none-eabi/lib/thumb/v7e-m+fp/hard/libc_nano.a(libc_a-impure.o)
                0x20000250                _impure_ptr
 .data._impure_data
                0x20000254       0x4c /Applications/STM32CubeIDE.app/Contents/Eclipse/plugins/com.st.stm32cube.ide.mcu.externaltools.gnu-tools-for-stm32.12.3.rel1.macos64_1.0.200.202406191456/tools/bin/../lib/gcc/arm-none-eabi/12.3.1/../../../../arm-none-eabi/lib/thumb/v7e-m+fp/hard/libc_nano.a(libc_a-impure.o)
                0x20000254                _impure_data
 *(.RamFunc)
 *(.RamFunc*)
                0x200002a0                        . = ALIGN (0x4)
                0x200002a0                        _edata = .

.igot.plt       0x200002a0        0x0 load address 0x0800e154
 .igot.plt      0x200002a0        0x0 /Applications/STM32CubeIDE.app/Contents/Eclipse/plugins/com.st.stm32cube.ide.mcu.externaltools.gnu-tools-for-stm32.12.3.rel1.macos64_1.0.200.202406191456/tools/bin/../lib/gcc/arm-none-eabi/12.3.1/thumb/v7e-m+fp/hard/crtbegin.o
                0x200002a0                        . = ALIGN (0x4)

.bss            0x200002a0     0x29dc load address 0x0800e154
                0x200002a0                        _sbss = .
                0x200002a0                        __bss_start__ = _sbss
 *(.bss)
 .bss           0x200002a0       0x1c /Applications/STM32CubeIDE.app/Contents/Eclipse/plugins/com.st.stm32cube.ide.mcu.externaltools.gnu-tools-for-stm32.12.3.rel1.macos64_1.0.200.202406191456/tools/bin/../lib/gcc/arm-none-eabi/12.3.1/thumb/v7e-m+fp/hard/crtbegin.o
 *(.bss*)
 .bss._SEGGER_RTT
                0x200002bc       0xa8 ./Core/Src/SEGGER_RTT.o
                0x200002bc                _SEGGER_RTT
 .bss._acUpBuffer
                0x20000364      0x400 ./Core/Src/SEGGER_RTT.o
 .bss._acDownBuffer
                0x20000764       0x10 ./Core/Src/SEGGER_RTT.o
 .bss.hadc1     0x20000774       0x48 ./Core/Src/main.o
                0x20000774                hadc1
 .bss.hi2c3     0x200007bc       0x54 ./Core/Src/main.o
                0x200007bc                hi2c3
 .bss.hspi1     0x20000810       0x58 ./Core/Src/main.o
                0x20000810                hspi1
 .bss.htim1     0x20000868       0x48 ./Core/Src/main.o
                0x20000868                htim1
 .bss.htim2     0x200008b0       0x48 ./Core/Src/main.o
                0x200008b0                htim2
 .bss.htim3     0x200008f8       0x48 ./Core/Src/main.o
                0x200008f8                htim3
 .bss.htim4     0x20000940       0x48 ./Core/Src/main.o
                0x20000940                htim4
 .bss.htim7     0x20000988       0x48 ./Core/Src/main.o
                0x20000988                htim7
 .bss.htim10    0x200009d0       0x48 ./Core/Src/main.o
                0x200009d0                htim10
 .bss.htim14    0x20000a18       0x48 ./Core/Src/main.o
                0x20000a18                htim14
 .bss.huart1    0x20000a60       0x48 ./Core/Src/main.o
                0x20000a60                huart1
 .bss.IC_Val1_Left
                0x20000aa8        0x4 ./Core/Src/main.o
                0x20000aa8                IC_Val1_Left
 .bss.IC_Val2_Left
                0x20000aac        0x4 ./Core/Src/main.o
                0x20000aac                IC_Val2_Left
 .bss.Difference
                0x20000ab0        0x4 ./Core/Src/main.o
                0x20000ab0                Difference
 .bss.Is_First_Captured_1
                0x20000ab4        0x1 ./Core/Src/main.o
                0x20000ab4                Is_First_Captured_1
 *fill*         0x20000ab5        0x3 
 .bss.Distance_Front
                0x20000ab8        0x4 ./Core/Src/main.o
                0x20000ab8                Distance_Front
 .bss.temperature
                0x20000abc        0x4 ./Core/Src/main.o
                0x20000abc                temperature
 .bss.yAcceleration
                0x20000ac0        0x4 ./Core/Src/main.o
                0x20000ac0                yAcceleration
 .bss.xAcceleration
                0x20000ac4        0x4 ./Core/Src/main.o
                0x20000ac4                xAcceleration
 .bss.zAcceleration
                0x20000ac8        0x4 ./Core/Src/main.o
                0x20000ac8                zAcceleration
 .bss.roll      0x20000acc        0x4 ./Core/Src/main.o
                0x20000acc                roll
 .bss.pitch     0x20000ad0        0x4 ./Core/Src/main.o
                0x20000ad0                pitch
 .bss.yaw       0x20000ad4        0x4 ./Core/Src/main.o
                0x20000ad4                yaw
 .bss.avgRoll   0x20000ad8        0x4 ./Core/Src/main.o
                0x20000ad8                avgRoll
 .bss.avgPitch  0x20000adc        0x4 ./Core/Src/main.o
                0x20000adc                avgPitch
 .bss.avgYaw    0x20000ae0        0x4 ./Core/Src/main.o
                0x20000ae0                avgYaw
 .bss.avgXAcceleration
                0x20000ae4        0x4 ./Core/Src/main.o
                0x20000ae4                avgXAcceleration
 .bss.avgYAcceleration
                0x20000ae8        0x4 ./Core/Src/main.o
                0x20000ae8                avgYAcceleration
 .bss.avgZAcceleration
                0x20000aec        0x4 ./Core/Src/main.o
                0x20000aec                avgZAcceleration
 .bss.lpfAccZ   0x20000af0       0xa4 ./Core/Src/main.o
                0x20000af0                lpfAccZ
 .bss.lpfAccY   0x20000b94       0xa4 ./Core/Src/main.o
                0x20000b94                lpfAccY
 .bss.lpfAccX   0x20000c38       0xa4 ./Core/Src/main.o
                0x20000c38                lpfAccX
 .bss.lpfRoll   0x20000cdc       0xa4 ./Core/Src/main.o
                0x20000cdc                lpfRoll
 .bss.lpfPitch  0x20000d80       0xa4 ./Core/Src/main.o
                0x20000d80                lpfPitch
 .bss.lpfYaw    0x20000e24       0xa4 ./Core/Src/main.o
                0x20000e24                lpfYaw
 .bss.data      0x20000ec8       0x40 ./Core/Src/main.o
                0x20000ec8                data
 .bss.usbBuffer
                0x20000f08       0x40 ./Core/Src/main.o
                0x20000f08                usbBuffer
 .bss.__sbrk_heap_end
                0x20000f48        0x4 ./Core/Src/sysmem.o
 .bss.uwTick    0x20000f4c        0x4 ./Drivers/STM32F4xx_HAL_Driver/Src/stm32f4xx_hal.o
                0x20000f4c                uwTick
 .bss.cfgidx.0  0x20000f50        0x1 ./Middlewares/ST/STM32_USB_Device_Library/Core/Src/usbd_ctlreq.o
 *fill*         0x20000f51        0x3 
 .bss.hUsbDeviceFS
                0x20000f54      0x2dc ./USB_DEVICE/App/usb_device.o
                0x20000f54                hUsbDeviceFS
 .bss.UserRxBufferFS
                0x20001230      0x800 ./USB_DEVICE/App/usbd_cdc_if.o
                0x20001230                UserRxBufferFS
 .bss.UserTxBufferFS
                0x20001a30      0x800 ./USB_DEVICE/App/usbd_cdc_if.o
                0x20001a30                UserTxBufferFS
 .bss.USBD_StrDesc
                0x20002230      0x200 ./USB_DEVICE/App/usbd_desc.o
                0x20002230                USBD_StrDesc
 .bss.hpcd_USB_OTG_FS
                0x20002430      0x4e4 ./USB_DEVICE/Target/usbd_conf.o
                0x20002430                hpcd_USB_OTG_FS
 .bss.mem.0     0x20002914      0x220 ./USB_DEVICE/Target/usbd_conf.o
 .bss.__sf      0x20002b34      0x138 /Applications/STM32CubeIDE.app/Contents/Eclipse/plugins/com.st.stm32cube.ide.mcu.externaltools.gnu-tools-for-stm32.12.3.rel1.macos64_1.0.200.202406191456/tools/bin/../lib/gcc/arm-none-eabi/12.3.1/../../../../arm-none-eabi/lib/thumb/v7e-m+fp/hard/libc_nano.a(libc_a-findfp.o)
                0x20002b34                __sf
 .bss.__lock___malloc_recursive_mutex
                0x20002c6c        0x1 /Applications/STM32CubeIDE.app/Contents/Eclipse/plugins/com.st.stm32cube.ide.mcu.externaltools.gnu-tools-for-stm32.12.3.rel1.macos64_1.0.200.202406191456/tools/bin/../lib/gcc/arm-none-eabi/12.3.1/../../../../arm-none-eabi/lib/thumb/v7e-m+fp/hard/libc_nano.a(libc_a-lock.o)
                0x20002c6c                __lock___malloc_recursive_mutex
 *fill*         0x20002c6d        0x3 
 .bss.__malloc_sbrk_start
                0x20002c70        0x4 /Applications/STM32CubeIDE.app/Contents/Eclipse/plugins/com.st.stm32cube.ide.mcu.externaltools.gnu-tools-for-stm32.12.3.rel1.macos64_1.0.200.202406191456/tools/bin/../lib/gcc/arm-none-eabi/12.3.1/../../../../arm-none-eabi/lib/thumb/v7e-m+fp/hard/libc_nano.a(libc_a-mallocr.o)
                0x20002c70                __malloc_sbrk_start
 .bss.__malloc_free_list
                0x20002c74        0x4 /Applications/STM32CubeIDE.app/Contents/Eclipse/plugins/com.st.stm32cube.ide.mcu.externaltools.gnu-tools-for-stm32.12.3.rel1.macos64_1.0.200.202406191456/tools/bin/../lib/gcc/arm-none-eabi/12.3.1/../../../../arm-none-eabi/lib/thumb/v7e-m+fp/hard/libc_nano.a(libc_a-mallocr.o)
                0x20002c74                __malloc_free_list
 .bss.errno     0x20002c78        0x4 /Applications/STM32CubeIDE.app/Contents/Eclipse/plugins/com.st.stm32cube.ide.mcu.externaltools.gnu-tools-for-stm32.12.3.rel1.macos64_1.0.200.202406191456/tools/bin/../lib/gcc/arm-none-eabi/12.3.1/../../../../arm-none-eabi/lib/thumb/v7e-m+fp/hard/libc_nano.a(libc_a-reent.o)
                0x20002c78                errno
 *(COMMON)
                0x20002c7c                        . = ALIGN (0x4)
                0x20002c7c                        _ebss = .
                0x20002c7c                        __bss_end__ = _ebss

._user_heap_stack
                0x20002c7c      0x604 load address 0x0800e154
                0x20002c80                        . = ALIGN (0x8)
 *fill*         0x20002c7c        0x4 
                [!provide]                        PROVIDE (end = .)
                0x20002c80                        PROVIDE (_end = .)
                0x20002e80                        . = (. + _Min_Heap_Size)
 *fill*         0x20002c80      0x200 
                0x20003280                        . = (. + _Min_Stack_Size)
 *fill*         0x20002e80      0x400 
                0x20003280                        . = ALIGN (0x8)

/DISCARD/
 libc.a(*)
 libm.a(*)
 libgcc.a(*)

.ARM.attributes
                0x00000000       0x30
 *(.ARM.attributes)
 .ARM.attributes
                0x00000000       0x22 /Applications/STM32CubeIDE.app/Contents/Eclipse/plugins/com.st.stm32cube.ide.mcu.externaltools.gnu-tools-for-stm32.12.3.rel1.macos64_1.0.200.202406191456/tools/bin/../lib/gcc/arm-none-eabi/12.3.1/thumb/v7e-m+fp/hard/crti.o
 .ARM.attributes
                0x00000022       0x34 /Applications/STM32CubeIDE.app/Contents/Eclipse/plugins/com.st.stm32cube.ide.mcu.externaltools.gnu-tools-for-stm32.12.3.rel1.macos64_1.0.200.202406191456/tools/bin/../lib/gcc/arm-none-eabi/12.3.1/thumb/v7e-m+fp/hard/crtbegin.o
 .ARM.attributes
                0x00000056       0x34 ./Core/Src/SEGGER_RTT.o
 .ARM.attributes
                0x0000008a       0x34 ./Core/Src/SEGGER_RTT_printf.o
 .ARM.attributes
                0x000000be       0x34 ./Core/Src/accelerometer.o
 .ARM.attributes
                0x000000f2       0x34 ./Core/Src/main.o
 .ARM.attributes
                0x00000126       0x34 ./Core/Src/stm32f4xx_hal_msp.o
 .ARM.attributes
                0x0000015a       0x34 ./Core/Src/stm32f4xx_it.o
 .ARM.attributes
                0x0000018e       0x34 ./Core/Src/sysmem.o
 .ARM.attributes
                0x000001c2       0x34 ./Core/Src/system_stm32f4xx.o
 .ARM.attributes
                0x000001f6       0x21 ./Core/Startup/startup_stm32f446retx.o
 .ARM.attributes
                0x00000217       0x34 ./Drivers/STM32F4xx_HAL_Driver/Src/stm32f4xx_hal.o
 .ARM.attributes
                0x0000024b       0x34 ./Drivers/STM32F4xx_HAL_Driver/Src/stm32f4xx_hal_adc.o
 .ARM.attributes
                0x0000027f       0x34 ./Drivers/STM32F4xx_HAL_Driver/Src/stm32f4xx_hal_cortex.o
 .ARM.attributes
                0x000002b3       0x34 ./Drivers/STM32F4xx_HAL_Driver/Src/stm32f4xx_hal_gpio.o
 .ARM.attributes
                0x000002e7       0x34 ./Drivers/STM32F4xx_HAL_Driver/Src/stm32f4xx_hal_i2c.o
 .ARM.attributes
                0x0000031b       0x34 ./Drivers/STM32F4xx_HAL_Driver/Src/stm32f4xx_hal_pcd.o
 .ARM.attributes
                0x0000034f       0x34 ./Drivers/STM32F4xx_HAL_Driver/Src/stm32f4xx_hal_pcd_ex.o
 .ARM.attributes
                0x00000383       0x34 ./Drivers/STM32F4xx_HAL_Driver/Src/stm32f4xx_hal_rcc.o
 .ARM.attributes
                0x000003b7       0x34 ./Drivers/STM32F4xx_HAL_Driver/Src/stm32f4xx_hal_rcc_ex.o
 .ARM.attributes
                0x000003eb       0x34 ./Drivers/STM32F4xx_HAL_Driver/Src/stm32f4xx_hal_spi.o
 .ARM.attributes
                0x0000041f       0x34 ./Drivers/STM32F4xx_HAL_Driver/Src/stm32f4xx_hal_tim.o
 .ARM.attributes
                0x00000453       0x34 ./Drivers/STM32F4xx_HAL_Driver/Src/stm32f4xx_hal_tim_ex.o
 .ARM.attributes
                0x00000487       0x34 ./Drivers/STM32F4xx_HAL_Driver/Src/stm32f4xx_hal_uart.o
 .ARM.attributes
                0x000004bb       0x34 ./Drivers/STM32F4xx_HAL_Driver/Src/stm32f4xx_ll_usb.o
 .ARM.attributes
                0x000004ef       0x34 ./Middlewares/ST/STM32_USB_Device_Library/Class/CDC/Src/usbd_cdc.o
 .ARM.attributes
                0x00000523       0x34 ./Middlewares/ST/STM32_USB_Device_Library/Core/Src/usbd_core.o
 .ARM.attributes
                0x00000557       0x34 ./Middlewares/ST/STM32_USB_Device_Library/Core/Src/usbd_ctlreq.o
 .ARM.attributes
                0x0000058b       0x34 ./Middlewares/ST/STM32_USB_Device_Library/Core/Src/usbd_ioreq.o
 .ARM.attributes
                0x000005bf       0x34 ./USB_DEVICE/App/usb_device.o
 .ARM.attributes
                0x000005f3       0x34 ./USB_DEVICE/App/usbd_cdc_if.o
 .ARM.attributes
                0x00000627       0x34 ./USB_DEVICE/App/usbd_desc.o
 .ARM.attributes
                0x0000065b       0x34 ./USB_DEVICE/Target/usbd_conf.o
 .ARM.attributes
                0x0000068f       0x34 /Applications/STM32CubeIDE.app/Contents/Eclipse/plugins/com.st.stm32cube.ide.mcu.externaltools.gnu-tools-for-stm32.12.3.rel1.macos64_1.0.200.202406191456/tools/bin/../lib/gcc/arm-none-eabi/12.3.1/../../../../arm-none-eabi/lib/thumb/v7e-m+fp/hard/libc_nano.a(libc_a-snprintf.o)
 .ARM.attributes
                0x000006c3       0x34 /Applications/STM32CubeIDE.app/Contents/Eclipse/plugins/com.st.stm32cube.ide.mcu.externaltools.gnu-tools-for-stm32.12.3.rel1.macos64_1.0.200.202406191456/tools/bin/../lib/gcc/arm-none-eabi/12.3.1/../../../../arm-none-eabi/lib/thumb/v7e-m+fp/hard/libc_nano.a(libc_a-findfp.o)
 .ARM.attributes
                0x000006f7       0x34 /Applications/STM32CubeIDE.app/Contents/Eclipse/plugins/com.st.stm32cube.ide.mcu.externaltools.gnu-tools-for-stm32.12.3.rel1.macos64_1.0.200.202406191456/tools/bin/../lib/gcc/arm-none-eabi/12.3.1/../../../../arm-none-eabi/lib/thumb/v7e-m+fp/hard/libc_nano.a(libc_a-memset.o)
 .ARM.attributes
                0x0000072b       0x34 /Applications/STM32CubeIDE.app/Contents/Eclipse/plugins/com.st.stm32cube.ide.mcu.externaltools.gnu-tools-for-stm32.12.3.rel1.macos64_1.0.200.202406191456/tools/bin/../lib/gcc/arm-none-eabi/12.3.1/../../../../arm-none-eabi/lib/thumb/v7e-m+fp/hard/libc_nano.a(libc_a-impure.o)
 .ARM.attributes