../Core/Src/main.c:161:6:HAL_TIM_PeriodElapsedCallback	16	static
../Core/Src/main.c:312:9:calculate_checksum	24	static
../Core/Src/main.c:320:6:servoCommand	24	static
../Core/Src/main.c:335:6:setServoPosition	32	static
../Core/Src/main.c:347:6:turnServoLed	24	static
../Core/Src/main.c:356:6:setCWAngleLimit	32	static
../Core/Src/main.c:368:6:setCCWAngleLimit	32	static
../Core/Src/main.c:380:6:setMovingSpeed	32	static
../Core/Src/main.c:392:6:setTorqueLimit	32	static
../Core/Src/main.c:404:6:setMaxTorque	32	static
../Core/Src/main.c:416:6:setTorqueEnable	24	static
../Core/Src/main.c:436:6:HAL_TIM_IC_CaptureCallback	24	static
../Core/Src/main.c:551:7:approxRollingAverage	24	static
../Core/Src/main.c:555:6:delay_us	16	static
../Core/Src/main.c:561:6:HCSR04_Read_Front	8	static
../Core/Src/main.c:569:6:HCSR04_Read_Right	8	static
../Core/Src/main.c:577:6:HCSR04_Read_Left	8	static
../Core/Src/main.c:585:6:HCSR04_Read_Back	8	static
../Core/Src/main.c:601:5:main	400	static
../Core/Src/main.c:729:6:SystemClock_Config	88	static
../Core/Src/main.c:777:13:MX_I2C3_Init	8	static
../Core/Src/main.c:811:13:MX_SPI1_Init	8	static
../Core/Src/main.c:849:13:MX_TIM1_Init	32	static
../Core/Src/main.c:895:13:MX_TIM2_Init	48	static
../Core/Src/main.c:965:13:MX_TIM4_Init	48	static
../Core/Src/main.c:1026:13:MX_TIM7_Init	16	static
../Core/Src/main.c:1064:13:MX_TIM10_Init	8	static
../Core/Src/main.c:1095:13:MX_TIM13_Init	8	static
../Core/Src/main.c:1126:13:MX_TIM14_Init	8	static
../Core/Src/main.c:1157:13:MX_USART1_UART_Init	8	static
../Core/Src/main.c:1190:13:MX_GPIO_Init	48	static
../Core/Src/main.c:1256:6:Error_Handler	4	static,ignoring_inline_asm
